******************************************************************************
               TMS320C6x Linker PC v8.2.3                      
******************************************************************************
>> Linked Wed Sep 26 16:11:45 2018

OUTPUT FILE NAME:   <McASP_queue_Ethernet.out>
ENTRY POINT SYMBOL: "_c_int00"  address: c30c82c0


MEMORY CONFIGURATION

         name            origin    length      used     unused   attr    fill
----------------------  --------  ---------  --------  --------  ----  --------
  IROM                  11700000   00100000  00000000  00100000  R  X
  IRAM                  11800000   00040000  00000000  00040000  RW X
  L3_CBA_RAM            80000000   00020000  00000000  00020000  RW X
  DDR                   c3000000   01000000  0017d180  00e82e80  RWIX


SEGMENT ALLOCATION MAP

run origin  load origin   length   init length attrs members
----------  ----------- ---------- ----------- ----- -------
c3000000    c3000000    0007aaa0   00000000    rw-
  c3000000    c3000000    0007aa8a   00000000    rw- .far
  c307aa90    c307aa90    00000010   00000000    rw- .fardata.1
c307aaa0    c307aaa0    0005acc0   0005acc0    r-x
  c307aaa0    c307aaa0    0005acc0   0005acc0    r-x .text
c30d5760    c30d5760    00000020   00000000    rw-
  c30d5760    c30d5760    00000020   00000000    rw- .fardata.2
c30d5780    c30d5780    0009ac90   00000000    rw-
  c30d5780    c30d5780    00052b00   00000000    rw- .far:NDK_PACKETMEM
  c3128280    c3128280    0002018c   00000000    rw- .fardata.3
  c3148410    c3148410    00020000   00000000    rw- .stack
  c3168410    c3168410    00008000   00000000    rw- systemHeap
c3170410    c3170410    000062da   000062da    r--
  c3170410    c3170410    000062da   000062da    r-- .const
c31766f0    c31766f0    00004400   00000000    rw-
  c31766f0    c31766f0    00004400   00000000    rw- .far:taskStackSection
c317aaf0    c317aaf0    00000588   00000588    r--
  c317aaf0    c317aaf0    00000588   00000588    r-- .switch
c317b078    c317b078    000002a0   00000000    rw-
  c317b078    c317b078    00000090   00000000    rw- .bss
  c317b108    c317b108    00000210   00000000    rw- .neardata
c317b318    c317b318    00000054   00000000    r--
  c317b318    c317b318    00000054   00000000    r-- .rodata
c317b400    c317b400    00000200   00000200    r-x
  c317b400    c317b400    00000200   00000200    r-x .vecs
c317b600    c317b600    000002b8   00000000    rw-
  c317b600    c317b600    00000194   00000000    rw- emacComm
  c317b798    c317b798    00000120   00000000    rw- .cio
c317b8b8    c317b8b8    00001970   00001970    r--
  c317b8b8    c317b8b8    00001970   00001970    r-- .cinit


SECTION ALLOCATION MAP

 output                                  attributes/
section   page    origin      length       input sections
--------  ----  ----------  ----------   ----------------
.stack     0    c3148410    00020000     UNINITIALIZED
                  c3148410    00000008     boot.ae674 : boot.oe674 (.stack)
                  c3148418    0001fff8     --HOLE--

.bss       0    c317b078    00000090     UNINITIALIZED
                  c317b078    00000018     hal_timer_bios.ae674 : lltimer.oe674 (.bss)
                  c317b090    00000008     netctrl.ae674 : netctrl.oe674 (.bss)
                  c317b098    00000008     nettool.ae674 : daemon.oe674 (.bss)
                  c317b0a0    00000008     stk6_ppp_pppoe.ae674 : ip.oe674 (.bss)
                  c317b0a8    00000008                          : nimupppoe.oe674 (.bss)
                  c317b0b0    00000004     nettool.ae674 : ipaddr.oe674 (.bss)
                  c317b0b4    00000004     stk6_ppp_pppoe.ae674 : ipv6_frag.oe674 (.bss)
                  c317b0b8    00000004                          : lli6.oe674 (.bss)
                  c317b0bc    00000004                          : rtable.oe674 (.bss)
                  c317b0c0    00000004     ti.drv.emac.ae674 : mdio.oe674 (.bss)
                  c317b0c4    00000004     ti.transport.ndk.nimu.ae674 : nimu_eth.oe674 (.bss)
                  c317b0c8    00000004     (.common:_IGMPInDiscard)
                  c317b0cc    00000004     (.common:_IGMPInQuery)
                  c317b0d0    00000004     (.common:_IGMPInQueryGroup)
                  c317b0d4    00000004     (.common:_IGMPInResponse)
                  c317b0d8    00000004     (.common:_IGMPOutResponse)
                  c317b0dc    00000004     (.common:buffdata)
                  c317b0e0    00000004     (.common:dsp_num)
                  c317b0e4    00000004     (.common:hAicChannel)
                  c317b0e8    00000004     (.common:hAicDev)
                  c317b0ec    00000004     (.common:hEdma)
                  c317b0f0    00000004     (.common:hMcaspDev)
                  c317b0f4    00000004     (.common:hMcaspRxChan)
                  c317b0f8    00000004     (.common:hMcaspTxChan)
                  c317b0fc    00000004     (.common:region_id)
                  c317b100    00000004     (.common:semR)
                  c317b104    00000004     (.common:semT)

.neardata 
*          0    c317b108    00000210     UNINITIALIZED
                  c317b108    00000044     nettool.ae674 : httpstr.oe674 (.neardata)
                  c317b14c    00000028     audio_sample_io.obj (.neardata)
                  c317b174    00000024     os.ae674 : mem.oe674 (.neardata)
                  c317b198    00000020     helloWorld_omapl13x.obj (.neardata)
                  c317b1b8    0000001c     netctrl.ae674 : netctrl.oe674 (.neardata)
                  c317b1d4    00000018     os.ae674 : task.oe674 (.neardata)
                  c317b1ec    00000018     ti.osal.ae674 : Utils_tirtos.oe674 (.neardata)
                  c317b204    00000014     stk6_ppp_pppoe.ae674 : rtable.oe674 (.neardata)
                  c317b218    00000010     codec_if.obj (.neardata)
                  c317b228    00000010     nettool.ae674 : daemon.oe674 (.neardata)
                  c317b238    00000010     stk6_ppp_pppoe.ae674 : bind6.oe674 (.neardata)
                  c317b248    00000010                          : igmp.oe674 (.neardata)
                  c317b258    0000000c                          : route6.oe674 (.neardata)
                  c317b264    00000008     edma3_lld_drv_sample.ae674 : sample_omapl138_int_reg.oe674 (.neardata)
                  c317b26c    00000008     netctrl.ae674 : netsrv.oe674 (.neardata)
                  c317b274    00000008     stk6_ppp_pppoe.ae674 : exec.oe674 (.neardata)
                  c317b27c    00000008                          : icmp.oe674 (.neardata)
                  c317b284    00000008                          : ip.oe674 (.neardata)
                  c317b28c    00000008                          : ipin.oe674 (.neardata)
                  c317b294    00000008                          : ipv6_frag.oe674 (.neardata)
                  c317b29c    00000008                          : lli.oe674 (.neardata)
                  c317b2a4    00000008                          : nimupppoe.oe674 (.neardata)
                  c317b2ac    00000008                          : rtc.oe674 (.neardata)
                  c317b2b4    00000008                          : tcp.oe674 (.neardata)
                  c317b2bc    00000008                          : tcp6.oe674 (.neardata)
                  c317b2c4    00000008                          : timer.oe674 (.neardata)
                  c317b2cc    00000008     ti.drv.emac.ae674 : emac_drv_v0.oe674 (.neardata)
                  c317b2d4    00000008     ti.drv.mcasp.ae674 : mcasp_drv.oe674 (.neardata)
                  c317b2dc    00000004     hal_timer_bios.ae674 : lltimer.oe674 (.neardata)
                  c317b2e0    00000004     nettool.ae674 : config.oe674 (.neardata)
                  c317b2e4    00000004                   : httpsend.oe674 (.neardata)
                  c317b2e8    00000004     os.ae674 : efs.oe674 (.neardata)
                  c317b2ec    00000004     stk6_ppp_pppoe.ae674 : bind.oe674 (.neardata)
                  c317b2f0    00000004                          : ipfrag.oe674 (.neardata)
                  c317b2f4    00000004                          : lli6.oe674 (.neardata)
                  c317b2f8    00000004                          : lliin.oe674 (.neardata)
                  c317b2fc    00000004                          : mld.oe674 (.neardata)
                  c317b300    00000004                          : node.oe674 (.neardata)
                  c317b304    00000004                          : pbm.oe674 (.neardata)
                  c317b308    00000004                          : sock6pcb.oe674 (.neardata)
                  c317b30c    00000004                          : sockpcb.oe674 (.neardata)
                  c317b310    00000004     ti.drv.i2c.ae674 : I2C_drv.oe674 (.neardata)
                  c317b314    00000004     ti.drv.uart.ae674 : UART_drv.oe674 (.neardata)

.rodata    0    c317b318    00000054     UNINITIALIZED
                  c317b318    00000024     stk6_ppp_pppoe.ae674 : ipv6.oe674 (.rodata)
                  c317b33c    00000010     os.ae674 : mem_data.oe674 (.rodata)
                  c317b34c    0000000c     mcasp_ethernet_pe674.oe674 (.rodata)
                  c317b358    00000008     edma3_lld_drv_sample.ae674 : sample_omapl138_cfg.oe674 (.rodata)
                  c317b360    00000008     stk6_ppp_pppoe.ae674 : pbm_data.oe674 (.rodata)
                  c317b368    00000004     edma3_lld_rm.ae674 : edma3_rm_gbl_data.oe674 (.rodata)

.cinit     0    c317b8b8    00001970     
                  c317b8b8    000017a5     (.cinit..fardata.3.load) [load image, compression = rle]
                  c317d05d    00000099     (.cinit..neardata.load) [load image, compression = rle]
                  c317d0f6    00000058     (.cinit..rodata.load) [load image, compression = rle]
                  c317d14e    0000001e     (.cinit..fardata.2.load) [load image, compression = rle]
                  c317d16c    00000016     (.cinit..fardata.1.load) [load image, compression = rle]
                  c317d182    0000000d     (.cinit..far.load) [load image, compression = rle]
                  c317d18f    0000000d     (.cinit..far:NDK_PACKETMEM.load) [load image, compression = rle]
                  c317d19c    0000000b     (.cinit..far:taskStackSection.load) [load image, compression = rle]
                  c317d1a7    0000000b     (.cinit.emacComm.load) [load image, compression = rle]
                  c317d1b2    0000000b     (.cinit.systemHeap.load) [load image, compression = rle]
                  c317d1bd    00000009     (.cinit..bss.load) [load image, compression = rle]
                  c317d1c6    00000002     --HOLE-- [fill = 0]
                  c317d1c8    00000008     (__TI_handler_table)
                  c317d1d0    00000058     (__TI_cinit_table)

.init_array 
*          0    c3000000    00000000     UNINITIALIZED

.far       0    c3000000    0007aa8a     UNINITIALIZED
                  c3000000    00030d40     (.common:ti_sysbios_heaps_HeapMem_Instance_State_1_buf__A)
                  c3030d40    00030d40     (.common:ti_sysbios_heaps_HeapMem_Instance_State_2_buf__A)
                  c3061a80    0000c1c0     os.ae674 : mem_data.oe674 (.far:NDK_MMBUFFER)
                  c306dc40    0000b404     ti.drv.emac.ae674 : emac_drv_v0.oe674 (.far:EMAC_DRV)
                  c3079044    00000004     (.common:raweth_pcb)
                  c3079048    00000360     (.common:Mcasp_Instances)
                  c30793a8    000002d0     nettool.ae674 : daemon.oe674 (.far:drec)
                  c3079678    00000200     (.common:xdc_runtime_LoggerBuf_Instance_State_0_entryArr__A)
                  c3079878    00000200     (.common:xdc_runtime_SysMin_Module_State_0_outbuf__A)
                  c3079a78    00000198     (.common:UartObjects)
                  c3079c10    00000140     (.common:__TI_tmpnams)
                  c3079d50    00000100     stk6_ppp_pppoe.ae674 : igmp.oe674 (.far:igmp)
                  c3079e50    000000b8     (.common:tcp6_stats)
                  c3079f08    000000b8     (.common:tcps)
                  c3079fc0    000000b4     (.common:mcaspParams)
                  c307a074    000000b4     netctrl.ae674 : netsrv.oe674 (.far:ipcfgcopy)
                  c307a128    00000098     (.common:I2cObjects)
                  c307a1c0    00000088     (.common:Mcasp_loopDstBuf)
                  c307a248    00000088     (.common:Mcasp_loopSrcBuf)
                  c307a2d0    00000088     (.common:Mcasp_muteBuf)
                  c307a358    00000084     aic31.obj (.far:Aic31_Instances)
                  c307a3dc    00000068     (.common:ips)
                  c307a444    00000064     (.common:nimu_mcb)
                  c307a4a8    00000060     nettool.ae674 : daemon.oe674 (.far:pollitem)
                  c307a508    00000058     (.common:ipv6mcb)
                  c307a560    0000004c     (.common:_ICMPIn)
                  c307a5ac    00000004     --HOLE--
                  c307a5b0    0000004c     (.common:_ICMPOut)
                  c307a5fc    00000004     --HOLE--
                  c307a600    00000044     (.common:Mcasp_deviceInstInfo)
                  c307a644    00000004     --HOLE--
                  c307a648    00000040     (.common:rxFrame)
                  c307a688    00000040     (.common:txFrame)
                  c307a6c8    0000002c     ti.transport.ndk.nimu.ae674 : nimu_eth.oe674 (.far:emac_pkt_desc$0)
                  c307a6f4    00000028     (.common:vlan_mcb)
                  c307a71c    00000028     netctrl.ae674 : netsrv.oe674 (.far:oscfgcopy)
                  c307a744    00000024     (.common:params)
                  c307a768    00000024     (.common:udp6_stats)
                  c307a78c    00000024     (.common:udps)
                  c307a7b0    00000020     (.common:eb)
                  c307a7d0    0000001c     (.common:BlockCount)
                  c307a7ec    00000004     --HOLE--
                  c307a7f0    0000001c     (.common:BlockMax)
                  c307a80c    00000004     --HOLE--
                  c307a810    0000001c     (.common:PageCount)
                  c307a82c    00000004     --HOLE--
                  c307a830    0000001c     (.common:PageMax)
                  c307a84c    00000018     (.common:icmp6stats)
                  c307a864    00000018     (.common:stkEvent)
                  c307a87c    00000004     --HOLE--
                  c307a880    00000014     (.common:edma3_dma_ch_max_val)
                  c307a894    00000004     --HOLE--
                  c307a898    00000014     (.common:edma3_link_ch_max_val)
                  c307a8ac    00000004     --HOLE--
                  c307a8b0    00000014     (.common:edma3_link_ch_min_val)
                  c307a8c4    00000004     --HOLE--
                  c307a8c8    00000014     (.common:edma3_log_ch_max_val)
                  c307a8dc    00000004     --HOLE--
                  c307a8e0    00000014     (.common:edma3_qdma_ch_max_val)
                  c307a8f4    00000004     --HOLE--
                  c307a8f8    00000014     (.common:edma3_qdma_ch_min_val)
                  c307a90c    00000004     --HOLE--
                  c307a910    00000014     stk6_ppp_pppoe.ae674 : rtc.oe674 (.far:pfnHook)
                  c307a924    00000010     (.common:IPV6_ALL_NODES_ADDRESS)
                  c307a934    00000010     (.common:IPV6_ALL_ROUTER_ADDRESS)
                  c307a944    00000010     (.common:IPV6_HOST_MASK)
                  c307a954    00000010     (.common:IPV6_LINKLOCALMASK)
                  c307a964    00000010     (.common:IPV6_LOOPBACK_ADDRESS)
                  c307a974    00000010     (.common:IPV6_MULTICASTMASK)
                  c307a984    00000010     (.common:IPV6_UNSPECIFIED_ADDRESS)
                  c307a994    00000004     --HOLE--
                  c307a998    00000010     (.common:isrInstanceObject)
                  c307a9a8    00000010     (.common:raw6_stats)
                  c307a9b8    00000010     (.common:raweths)
                  c307a9c8    00000010     (.common:raws)
                  c307a9d8    00000010                          : igmp.oe674 (.far:igmpCount)
                  c307a9e8    0000000c     (.common:PBMQ_free)
                  c307a9f4    0000000c     (.common:tpseudo)
                  c307aa00    0000000c     (.common:upseudo)
                  c307aa0c    00000008     (.common:errCbStatusRcv)
                  c307aa14    00000008     (.common:errCbStatusXmt)
                  c307aa1c    00000004     --HOLE--
                  c307aa20    00000008     (.common:parmbuf)
                  c307aa28    00000008     (.common:rxbuf)
                  c307aa30    00000008     (.common:txbuf)
                  c307aa38    00000008     (.common:uart_stdio)
                  c307aa40    00000008     ti.drv.mcasp.ae674 : mcasp_drv.oe674 (.far:gHwiHandle$0)
                  c307aa48    00000004     (.common:Aic31_deviceInstInfo)
                  c307aa4c    00000004     --HOLE--
                  c307aa50    00000004     (.common:ti_sysbios_knl_Task_Instance_State_0_hookEnv__A)
                  c307aa54    00000004     --HOLE--
                  c307aa58    00000004     (.common:ti_sysbios_knl_Task_Instance_State_1_hookEnv__A)
                  c307aa5c    00000004     --HOLE--
                  c307aa60    00000004     (.common:ti_sysbios_knl_Task_Instance_State_2_hookEnv__A)
                  c307aa64    00000004     --HOLE--
                  c307aa68    00000004     (.common:ti_sysbios_knl_Task_Instance_State_3_hookEnv__A)
                  c307aa6c    00000004     --HOLE--
                  c307aa70    00000004     ti.transport.ndk.nimu.ae674 : nimu_eth.oe674 (.far:pPDI$0)
                  c307aa74    00000004     --HOLE--
                  c307aa78    00000003     (.common:slaveData)
                  c307aa7b    00000005     --HOLE--
                  c307aa80    00000002     (.common:inUse)
                  c307aa82    00000006     --HOLE--
                  c307aa88    00000002     aic31.obj (.far:inUse)

.fardata.1 
*          0    c307aa90    00000010     UNINITIALIZED
                  c307aa90    00000010     edma3_lld_rm.ae674 : edma3_rm_gbl_data.oe674 (.fardata:.edma3Globals:init)

.fardata.2 
*          0    c30d5760    00000020     UNINITIALIZED
                  c30d5760    00000020     ti.drv.emac.ae674 : emac_soc.oe674 (.fardata:EMACInitCfg)

.fardata.3 
*          0    c3128280    0002018c     UNINITIALIZED
                  c3128280    0000df38     edma3_lld_drv.ae674 : edma3_drv_init.oe674 (.fardata:.edma3Globals:uninit)
                  c31361b8    00007998     edma3_lld_rm.ae674 : edma3resmgr.oe674 (.fardata:.edma3Globals:uninit)
                  c313db50    000056e0                        : edma3_rm_gbl_data.oe674 (.fardata:.edma3Globals:uninit)
                  c3143230    00000e38                        : edma3_omapl138_cfg.oe674 (.fardata:edma3GblCfgParams)
                  c3144068    00000d20                        : edma3_omapl138_cfg.oe674 (.fardata:defInstInitConfig)
                  c3144d88    00000b40     ti.osal.ae674 : SemaphoreP_tirtos.oe674 (.fardata:gOsalSemPTiRtosPool$0)
                  c31458c8    00000a80     edma3_lld_drv_sample.ae674 : sample_omapl138_cfg.oe674 (.fardata:sampleInstInitConfig)
                  c3146348    000005b0                                : sample_omapl138_cfg.oe674 (.fardata:sampleEdma3GblCfgParams)
                  c31468f8    00000500     ti.osal.ae674 : HwiP_tirtos.oe674 (.fardata:gOsalHwiPTiRtosPool$0)
                  c3146df8    00000400     mcasp_ethernet_pe674.oe674 (.fardata:ti_sysbios_family_c64p_EventCombiner_Module__state__V)
                  c31471f8    000001e0     rts6740_elf.lib : defs.obj (.fardata:_ftable)
                  c31473d8    00000130     mcasp_ethernet_pe674.oe674 (.fardata:ti_sysbios_knl_Task_Object__table__V)
                  c3147508    000000f0     mcasp_cfg.obj (.fardata:mcasp_chanparam)
                  c31475f8    000000f0     ti.drv.uart.ae674 : UART_soc.oe674 (.fardata:uartInitCfg)
                  c31476e8    000000b4     stk6_ppp_pppoe.ae674 : exec.oe674 (.fardata:_ipcfg)
                  c314779c    00000004     aic31.obj (.fardata:Aic31_module)
                  c31477a0    000000a0     rts6740_elf.lib : write.obj (.fardata:_stream)
                  c3147840    00000080     mcasp_ethernet_pe674.oe674 (.fardata:ti_sysbios_knl_Swi_Module_State_0_readyQ__A)
                  c31478c0    00000080     mcasp_ethernet_pe674.oe674 (.fardata:ti_sysbios_knl_Task_Module_State_0_readyQ__A)
                  c3147940    00000078     rts6740_elf.lib : write.obj (.fardata:_device)
                  c31479b8    00000078     mcasp_ethernet_pe674.oe674 (.fardata:ti_sysbios_family_c64p_Hwi_Object__table__V)
                  c3147a30    0000006c     mcasp_ethernet_pe674.oe674 (.fardata:ti_sysbios_family_c64p_Hwi_Module__state__V)
                  c3147a9c    00000004     rts6740_elf.lib : _lock.obj (.fardata:_lock)
                  c3147aa0    00000062     edma3_lld_rm.ae674 : edma3resmgr.oe674 (.fardata:.edma3Globals:init)
                  c3147b02    00000006     mcasp_ethernet_pe674.oe674 (.fardata:xdc_runtime_LoggerBuf_Module__state__V)
                  c3147b08    00000060     mcasp_ethernet_pe674.oe674 (.fardata:ti_sysbios_timers_timer64_Timer_Module_State_0_device__A)
                  c3147b68    00000050     stk6_ppp_pppoe.ae674 : exec.oe674 (.fardata:tasks)
                  c3147bb8    00000050     mcasp_ethernet_pe674.oe674 (.fardata:ti_sysbios_timers_timer64_Timer_Object__table__V)
                  c3147c08    0000004d     nettool.ae674 : dhcptags.oe674 (.fardata:DHCPTypeCode)
                  c3147c55    00000001     --HOLE--
                  c3147c56    00000002     edma3_lld_drv.ae674 : edma3_drv_init.oe674 (.fardata:.edma3Globals:init)
                  c3147c58    00000048     I2C_soc.obj (.fardata:i2cInitCfg)
                  c3147ca0    00000048     mcasp_ethernet_pe674.oe674 (.fardata:ti_sysbios_heaps_HeapMem_Object__table__V)
                  c3147ce8    00000044     mcasp_ethernet_pe674.oe674 (.fardata:ti_sysbios_knl_Task_Module__state__V)
                  c3147d2c    00000004     rts6740_elf.lib : _lock.obj (.fardata:_unlock)
                  c3147d30    00000040     netctrl.ae674 : netsrv.oe674 (.fardata:CloseOrder)
                  c3147d70    00000040                   : netsrv.oe674 (.fardata:OpenOrder)
                  c3147db0    00000040     stk6_ppp_pppoe.ae674 : md5.oe674 (.fardata:PADDING)
                  c3147df0    00000040     edma3_lld_drv_sample.ae674 : sample_omapl138_cfg.oe674 (.fardata:ccXferCompInt)
                  c3147e30    00000040     nettool.ae674 : httpsend.oe674 (.fardata:codestr)
                  c3147e70    00000040     edma3_lld_drv_sample.ae674 : sample_omapl138_cfg.oe674 (.fardata:hwIntTcErr)
                  c3147eb0    00000040                                : sample_omapl138_cfg.oe674 (.fardata:tcErrorInt)
                  c3147ef0    00000040     mcasp_ethernet_pe674.oe674 (.fardata:ti_sysbios_gates_GateMutex_Object__table__V)
                  c3147f30    00000034     stk6_ppp_pppoe.ae674 : tcp6time.oe674 (.fardata:tcp_backoff)
                  c3147f64    00000004     rts6740_elf.lib : defs.obj (.fardata)
                  c3147f68    00000034     stk6_ppp_pppoe.ae674 : tcptime.oe674 (.fardata:tcp_backoff)
                  c3147f9c    00000030     mcasp_ethernet_pe674.oe674 (.fardata:ti_sysbios_family_c64p_Exception_Module__state__V)
                  c3147fcc    00000004     mcasp_ethernet_pe674.oe674 (.fardata:ti_sysbios_family_c64p_Cache_Module__state__V)
                  c3147fd0    00000030     mcasp_ethernet_pe674.oe674 (.fardata:ti_sysbios_knl_Swi_Object__table__V)
                  c3148000    0000002c     ti.osal.ae674 : Utils_tirtos.oe674 (.fardata:gOsal_HwAttrs)
                  c314802c    0000002c     mcasp_ethernet_pe674.oe674 (.fardata:ti_sysbios_knl_Clock_Module__state__V)
                  c3148058    00000028     os.ae674 : ossys.oe674 (.fardata:_oscfg)
                  c3148080    00000028     mcasp_cfg.obj (.fardata:mcaspRcvSetup)
                  c31480a8    00000028     mcasp_cfg.obj (.fardata:mcaspXmtSetup)
                  c31480d0    00000024     mcasp_ethernet_pe674.oe674 (.fardata:ti_sysbios_BIOS_Module__state__V)
                  c31480f4    00000004     mcasp_ethernet_pe674.oe674 (.fardata:ti_sysbios_family_c64p_primus_TimerSupport_Module__state__V)
                  c31480f8    00000024     mcasp_ethernet_pe674.oe674 (.fardata:xdc_runtime_LoggerBuf_Object__table__V)
                  c314811c    00000004     mcasp_ethernet_pe674.oe674 (.fardata:ti_sysbios_io_DEV_Module__state__V)
                  c3148120    00000020     stk6_ppp_pppoe.ae674 : rtc.oe674 (.fardata:pstrMsgName)
                  c3148140    00000020     edma3_lld_drv_sample.ae674 : sample_omapl138_int_reg.oe674 (.fardata:ptrEdma3TcIsrHandler)
                  c3148160    00000020     mcasp_ethernet_pe674.oe674 (.fardata:ti_sysbios_io_DEV_Module_State_0_table__A)
                  c3148180    00000020     mcasp_ethernet_pe674.oe674 (.fardata:ti_sysbios_timers_timer64_Timer_Module_State_0_gctrl__A)
                  c31481a0    00000020     mcasp_ethernet_pe674.oe674 (.fardata:ti_sysbios_timers_timer64_Timer_Module_State_0_handles__A)
                  c31481c0    00000020     mcasp_ethernet_pe674.oe674 (.fardata:ti_sysbios_timers_timer64_Timer_Module_State_0_intFreqs__A)
                  c31481e0    00000020     mcasp_ethernet_pe674.oe674 (.fardata:xdc_runtime_Error_IgnoreBlock)
                  c3148200    00000020     mcasp_ethernet_pe674.oe674 (.fardata:xdc_runtime_System_Module_State_0_atexitHandlers__A)
                  c3148220    0000001c     os.ae674 : mem_data.oe674 (.fardata:ti_ndk_config_Global_Id2Size)
                  c314823c    0000001c     mcasp_ethernet_pe674.oe674 (.fardata:ti_sysbios_knl_Swi_Module__state__V)
                  c3148258    00000018     ti.drv.emac.ae674 : mdio.oe674 (.fardata:PhyStateTimeout$0)
                  c3148270    00000018     helloWorld_omapl13x.obj (.fardata:TaskName)
                  c3148288    00000018     mcasp_ethernet_pe674.oe674 (.fardata:ti_sysbios_timers_timer64_Timer_Module__state__V)
                  c31482a0    00000014     helloWorld_omapl13x.obj (.fardata:ReportStr)
                  c31482b4    00000004     mcasp_ethernet_pe674.oe674 (.fardata:xdc_runtime_Memory_Module__state__V)
                  c31482b8    00000014     helloWorld_omapl13x.obj (.fardata:StatusStr)
                  c31482cc    00000002     mcasp_ethernet_pe674.oe674 (.fardata:xdc_runtime_Error_Module__state__V)
                  c31482ce    00000002     --HOLE--
                  c31482d0    00000014     stk6_ppp_pppoe.ae674 : sock6pcb.oe674 (.fardata:pSockList)
                  c31482e4    00000004     --HOLE--
                  c31482e8    00000014                          : sockpcb.oe674 (.fardata:pSockList)
                  c31482fc    00000010     audio_sample_io.obj (.fardata:AIC31_con8000)
                  c314830c    0000000c     rts6740_elf.lib : exit.obj (.fardata)
                  c3148318    0000000c     mcasp_ethernet_pe674.oe674 (.fardata:xdc_runtime_SysMin_Module__state__V)
                  c3148324    00000004     --HOLE--
                  c3148328    0000000b     stk6_ppp_pppoe.ae674 : tcp6out.oe674 (.fardata:tcp_outflags)
                  c3148333    00000005     --HOLE--
                  c3148338    0000000b                          : tcpout.oe674 (.fardata:tcp_outflags)
                  c3148343    00000001     --HOLE--
                  c3148344    00000008     ti.drv.mcasp.ae674 : mcasp_drv.oe674 (.fardata:Mcasp_module)
                  c314834c    00000004     --HOLE--
                  c3148350    00000008     ti.transport.ndk.nimu.ae674 : nimu_eth.oe674 (.fardata:NIMUDeviceTable)
                  c3148358    00000008     edma3_lld_drv_sample.ae674 : sample_omapl138_cfg.oe674 (.fardata:ccErrorInt)
                  c3148360    00000008                                : sample_omapl138_cfg.oe674 (.fardata:hwIntCcErr)
                  c3148368    00000008                                : sample_omapl138_cfg.oe674 (.fardata:hwIntXferComp)
                  c3148370    00000008                                : sample_omapl138_cfg.oe674 (.fardata:numEdma3Tc)
                  c3148378    00000008                                : sample_omapl138_cfg.oe674 (.fardata:semHandle)
                  c3148380    00000008     mcasp_ethernet_pe674.oe674 (.fardata:ti_sysbios_family_c64p_Hwi_Module__root__V)
                  c3148388    00000008     mcasp_ethernet_pe674.oe674 (.fardata:ti_sysbios_family_c64p_primus_TimerSupport_Module_State_0_suspSrc__A)
                  c3148390    00000008     mcasp_ethernet_pe674.oe674 (.fardata:ti_sysbios_gates_GateHwi_Module__root__V)
                  c3148398    00000008     mcasp_ethernet_pe674.oe674 (.fardata:ti_sysbios_gates_GateMutex_Module__root__V)
                  c31483a0    00000008     mcasp_ethernet_pe674.oe674 (.fardata:ti_sysbios_hal_Hwi_Object__table__V)
                  c31483a8    00000008     mcasp_ethernet_pe674.oe674 (.fardata:ti_sysbios_heaps_HeapMem_Module__root__V)
                  c31483b0    00000008     mcasp_ethernet_pe674.oe674 (.fardata:ti_sysbios_knl_Clock_Module__root__V)
                  c31483b8    00000008     mcasp_ethernet_pe674.oe674 (.fardata:ti_sysbios_knl_Queue_Module__root__V)
                  c31483c0    00000008     mcasp_ethernet_pe674.oe674 (.fardata:ti_sysbios_knl_Semaphore_Module__root__V)
                  c31483c8    00000008     mcasp_ethernet_pe674.oe674 (.fardata:ti_sysbios_knl_Task_Module__root__V)
                  c31483d0    00000008     mcasp_ethernet_pe674.oe674 (.fardata:xdc_runtime_LoggerBuf_Module__root__V)
                  c31483d8    00000008     mcasp_ethernet_pe674.oe674 (.fardata:xdc_runtime_Registry_Module__state__V)
                  c31483e0    00000008     mcasp_ethernet_pe674.oe674 (.fardata:xdc_runtime_Startup_Module__state__V)
                  c31483e8    00000008     mcasp_ethernet_pe674.oe674 (.fardata:xdc_runtime_System_Module__state__V)
                  c31483f0    00000006     stk6_ppp_pppoe.ae674 : nimupppoe.oe674 (.fardata:MacBCast)
                  c31483f6    00000002     --HOLE--
                  c31483f8    00000006                          : lliout.oe674 (.fardata:bEtherBCast)
                  c31483fe    00000002     --HOLE--
                  c3148400    00000004     mcasp_ethernet_pe674.oe674 (.fardata:ti_sysbios_gates_GateHwi_Object__table__V)
                  c3148404    00000004     --HOLE--
                  c3148408    00000004     mcasp_ethernet_pe674.oe674 (.fardata:ti_sysbios_knl_Task_Module_State_0_idleTask__A)

systemHeap 
*          0    c3168410    00008000     UNINITIALIZED
                  c3168410    00008000     mcasp_ethernet_pe674.oe674 (systemHeap)

.far:taskStackSection 
*          0    c31766f0    00004400     UNINITIALIZED
                  c31766f0    00004400     mcasp_ethernet_pe674.oe674 (.far:taskStackSection)

.vecs      0    c317b400    00000200     
                  c317b400    00000200     mcasp_ethernet_pe674.oe674 (.vecs)

emacComm   0    c317b600    00000194     UNINITIALIZED
                  c317b600    00000194     ti.drv.emac.ae674 : emac_drv_v0.oe674 (emacComm)

.far:NDK_PACKETMEM 
*          0    c30d5780    00052b00     UNINITIALIZED
                  c30d5780    00052b00     stk6_ppp_pppoe.ae674 : pbm_data.oe674 (.far:NDK_PACKETMEM)

xdc.meta   0    c3000000    00000108     COPY SECTION
                  c3000000    00000108     mcasp_ethernet_pe674.oe674 (xdc.meta)

.text      0    c307aaa0    0005acc0     
                  c307aaa0    00001b60     aic31.obj (.text)
                  c307c600    00001540     ti.drv.mcasp.ae674 : mcasp_drv.oe674 (.text:mcaspCreateChan)
                  c307db40    00001460     stk6_ppp_pppoe.ae674 : tcp6in.oe674 (.text:TCP6Input)
                  c307efa0    00001460                          : tcpin.oe674 (.text:TcpInput)
                  c3080400    00001100     ti.drv.mcasp.ae674 : mcasp_edma.oe674 (.text:Mcasp_localEdmaChanPaRAMsetup)
                  c3081500    00000dc0     stk6_ppp_pppoe.ae674 : tcpout.oe674 (.text:TcpOutput)
                  c30822c0    00000d60                          : tcp6out.oe674 (.text:TCP6Output)
                  c3083020    00000c40     edma3_lld_rm.ae674 : edma3resmgr.oe674 (.text:EDMA3_RM_allocResource)
                  c3083c60    00000c20     edma3_lld_drv.ae674 : edma3_drv_basic.oe674 (.text:EDMA3_DRV_requestChannel)
                  c3084880    00000a60     stk6_ppp_pppoe.ae674 : md5.oe674 (.text:MD5Transform)
                  c30852e0    00000a40     ti.drv.i2c.ae674 : I2C_v0.oe674 (.text:I2C_v0_hwiFxn$0)
                  c3085d20    000009c0     audio_sample_io.obj (.text)
                  c30866e0    000008e0     ti.drv.mcasp.ae674 : mcasp_edma.oe674 (.text:Mcasp_localEdmaCallback)
                  c3086fc0    000008a0     ti.targets.rts6000.ae674 : System.oe674 (.text:xdc_runtime_System_doPrint__I)
                  c3087860    00000860     nettool.ae674 : httpclie.oe674 (.text:httpClientProcess)
                  c30880c0    00000840     ti.drv.emac.ae674 : emac.oe674 (.text:EMAC_coreInit)
                  c3088900    00000820                       : mdio.oe674 (.text:MDIO_timerTick)
                  c3089120    000007c0     nettool.ae674 : httpsend.oe674 (.text:SetContentType)
                  c30898e0    000007c0     sysbios.ae674 : BIOS.obj (.text:ti_sysbios_knl_Semaphore_pend__E)
                  c308a0a0    00000780                   : BIOS.obj (.text:ti_sysbios_family_c64p_Exception_handler__I)
                  c308a820    00000700     ti.drv.emac.ae674 : emac_drv_v0.oe674 (.text:emac_init)
                  c308af20    00000700     sysbios.ae674 : BIOS.obj (.text:ti_sysbios_knl_Task_Instance_finalize__E)
                  c308b620    000006e0     edma3_lld_rm.ae674 : edma3resmgr.oe674 (.text:edma3CCErrHandler)
                  c308bd00    000006e0     sysbios.ae674 : BIOS.obj (.text:ti_sysbios_timers_timer64_Timer_Module_startup__E)
                  c308c3e0    000006c0     ti.drv.uart.ae674 : UART_v0.oe674 (.text:UART_v0_hwiIntFxn$0)
                  c308caa0    000006c0     stk6_ppp_pppoe.ae674 : lcp.oe674 (.text:lcpInput)
                  c308d160    000006a0                          : ipout.oe674 (.text:IPTxPacket)
                  c308d800    00000680     edma3_lld_rm.ae674 : edma3resmgr.oe674 (.text:EDMA3_RM_open)
                  c308de80    00000680     stk6_ppp_pppoe.ae674 : ipin.oe674 (.text:IPRxPacket)
                  c308e500    00000660     ti.drv.emac.ae674 : emac.oe674 (.text:EMAC_RxServiceCheck)
                  c308eb60    00000660                       : emac.oe674 (.text:EMAC_commonInit)
                  c308f1c0    00000660                       : emac.oe674 (.text:EMAC_coreDeInit)
                  c308f820    00000640     ti.drv.i2c.ae674 : I2C_v0.oe674 (.text:I2C_primeTransfer_v0$0)
                  c308fe60    00000640     ti.drv.uart.ae674 : UART_stdio.oe674 (.text:UART_printf)
                  c30904a0    00000640     aic3106_if.obj (.text)
                  c3090ae0    00000640     sysbios.ae674 : BIOS.obj (.text:ti_sysbios_heaps_HeapMem_allocUnprotected__E)
                  c3091120    000005c0     ti.drv.mcasp.ae674 : mcasp_drv.oe674 (.text:mcaspBindDev)
                  c30916e0    000005a0     sysbios.ae674 : BIOS.obj (.text:ti_sysbios_heaps_HeapMem_freeUnprotected__E)
                  c3091c80    00000580     helloWorld_omapl13x.obj (.text)
                  c3092200    00000560     ti.drv.emac.ae674 : emac.oe674 (.text:EMAC_TxServiceCheck)
                  c3092760    00000560     stk6_ppp_pppoe.ae674 : icmpv6_ndisc.oe674 (.text:ICMPv6RecvRA)
                  c3092cc0    00000560     ti.drv.mcasp.ae674 : mcasp_drv.oe674 (.text:Mcasp_localAbortReset)
                  c3093220    00000560                        : mcasp_drv.oe674 (.text:mcaspIsrOutput)
                  c3093780    00000520                        : mcasp_drv.oe674 (.text:mcaspIsrInput)
                  c3093ca0    000004e0                        : mcasp_edma.oe674 (.text:Mcasp_localGetIndicesSyncType)
                  c3094180    000004e0     stk6_ppp_pppoe.ae674 : ipcp.oe674 (.text:ipcpInput)
                  c3094660    000004c0     edma3_lld_rm.ae674 : edma3resmgr.oe674 (.text:edma3TCErrHandler)
                  c3094b20    000004c0     sysbios.ae674 : BIOS.obj (.text:ti_sysbios_knl_Task_sleep__E)
                  c3094fe0    000004a0     stk6_ppp_pppoe.ae674 : fileuser.oe674 (.text:fdPoll)
                  c3095480    00000480                          : sock.oe674 (.text:SockSet)
                  c3095900    00000480     sysbios.ae674 : BIOS.obj (.text:ti_sysbios_knl_Task_setPri__E)
                  c3095d80    00000460     ti.board.ae674 : lcdkOMAPL138_pinmux.oe674 (.text:Board_pinmuxConfig)
                  c30961e0    00000440     edma3_lld_rm.ae674 : edma3resmgr.oe674 (.text:EDMA3_RM_freeResource)
                  c3096620    00000440     ti.drv.i2c.ae674 : I2C_v0.oe674 (.text:I2C_open_v0$0)
                  c3096a60    00000440     ti.drv.uart.ae674 : UART_v0.oe674 (.text:UART_open_v0$0)
                  c3096ea0    00000420     stk6_ppp_pppoe.ae674 : ipfrag.oe674 (.text:IPReasm)
                  c30972c0    00000420     ti.drv.mcasp.ae674 : mcasp_edma.oe674 (.text:Mcasp_localUpdtDtPktToLnkPrms)
                  c30976e0    00000420     ti.drv.uart.ae674 : UART_v0.oe674 (.text:UART_write2_v0$0)
                  c3097b00    00000420     sysbios.ae674 : BIOS.obj (.text:ti_sysbios_knl_Task_Instance_init__E)
                  c3097f20    00000400     edma3_lld_rm.ae674 : edma3resmgr.oe674 (.text:EDMA3_RM_create)
                  c3098320    00000400     ti.drv.uart.ae674 : UART_v0.oe674 (.text:UART_read2_v0$0)
                  c3098720    000003e0     stk6_ppp_pppoe.ae674 : route6.oe674 (.text:Rt6Create)
                  c3098b00    000003e0     rts6740_elf.lib : fputs.obj (.text:fputs)
                  c3098ee0    000003e0     stk6_ppp_pppoe.ae674 : nimupppoe.oe674 (.text:pppoeInputS)
                  c30992c0    000003c0     ti.drv.emac.ae674 : emac_drv_v0.oe674 (.text:EMAC_open_v0$0)
                  c3099680    000003c0     stk6_ppp_pppoe.ae674 : sock6.oe674 (.text:Sock6Connect)
                  c3099a40    000003c0                          : sock.oe674 (.text:SockGet)
                  c3099e00    000003c0                          : nimuppp.oe674 (.text:pppEvent)
                  c309a1c0    000003a0     ti.drv.emac.ae674 : emac.oe674 (.text:EMAC_sendPacket)
                  c309a560    000003a0     stk6_ppp_pppoe.ae674 : icmpin.oe674 (.text:ICMPInput)
                  c309a900    000003a0     ti.drv.mcasp.ae674 : mcasp_drv.oe674 (.text:Mcasp_localConfigXmtSection)
                  c309aca0    000003a0     stk6_ppp_pppoe.ae674 : sock6.oe674 (.text:Sock6Set)
                  c309b040    000003a0                          : auth.oe674 (.text:chapInput)
                  c309b3e0    000003a0     ti.drv.mcasp.ae674 : mcasp_drv.oe674 (.text:mcaspDeleteChan)
                  c309b780    00000380     stk6_ppp_pppoe.ae674 : bind6.oe674 (.text:Bind6New)
                  c309bb00    00000380                          : udp.oe674 (.text:UdpInput)
                  c309be80    00000380     ti.drv.mcasp.ae674 : mcasp_drv.oe674 (.text:mcaspRegisterInt)
                  c309c200    00000380     stk6_ppp_pppoe.ae674 : nimuppp.oe674 (.text:pppNew)
                  c309c580    00000380     nettool.ae674 : telnetd.oe674 (.text:telnet_netdata)
                  c309c900    00000360     stk6_ppp_pppoe.ae674 : ipv6.oe674 (.text:IPv6IPAddressToString)
                  c309cc60    00000360     ti.drv.mcasp.ae674 : mcasp_drv.oe674 (.text:Mcasp_localSetupHwInfo)
                  c309cfc0    00000360     stk6_ppp_pppoe.ae674 : sock6.oe674 (.text:Sock6Recv)
                  c309d320    00000360                          : fileuser.oe674 (.text:fdSelect)
                  c309d680    00000360     nettool.ae674 : httpsend.oe674 (.text:httpSendStatusLine)
                  c309d9e0    00000340     stk6_ppp_pppoe.ae674 : lliin.oe674 (.text:LLIRxPacket)
                  c309dd20    00000340     ti.drv.mcasp.ae674 : mcasp_drv.oe674 (.text:Mcasp_localConfigRcvSection)
                  c309e060    00000340     stk6_ppp_pppoe.ae674 : sock.oe674 (.text:SockRecv)
                  c309e3a0    00000340     edma3_lld_rm.ae674 : edma3resmgr.oe674 (.text:edma3ComplHandler)
                  c309e6e0    00000320     edma3_lld_drv.ae674 : edma3_drv_basic.oe674 (.text:EDMA3_DRV_freeChannel)
                  c309ea00    00000320     codec_if.obj (.text)
                  c309ed20    00000320     os.ae674 : efs.oe674 (.text:efs_filecheck)
                  c309f040    00000320     stk6_ppp_pppoe.ae674 : nimupppoe.oe674 (.text:pppoeInputC)
                  c309f360    00000320     sysbios.ae674 : BIOS.obj (.text:ti_sysbios_timers_timer64_Timer_deviceConfig__I)
                  c309f680    00000300     stk6_ppp_pppoe.ae674 : ipv6out.oe674 (.text:IPv6TxPacket)
                  c309f980    00000300                          : lli6.oe674 (.text:LLI6TimerCheck)
                  c309fc80    00000300     edma3_lld_drv.ae674 : edma3_drv_init.oe674 (.text:edma3OpenResMgr)
                  c309ff80    00000300     mcasp_soc.obj (.text)
                  c30a0280    000002e0     ti.board.ae674 : lcdkOMAPL138_pll.oe674 (.text:Board_CorePLLConfig)
                  c30a0560    000002e0     ti.transport.ndk.nimu.ae674 : nimu_eth.oe674 (.text:Emacioctl$0)
                  c30a0840    000002e0     stk6_ppp_pppoe.ae674 : sock6.oe674 (.text:Sock6Get)
                  c30a0b20    000002e0                          : sock.oe674 (.text:SockNew)
                  c30a0e00    000002e0     nettool.ae674 : daemon.oe674 (.text:daemon)
                  c30a10e0    000002e0     sysbios.ae674 : BIOS.obj (.text:ti_sysbios_knl_Task_exit__E)
                  c30a13c0    000002c0     edma3_lld_drv.ae674 : edma3_drv_basic.oe674 (.text:EDMA3_DRV_disableTransfer)
                  c30a1680    000002c0                         : edma3_drv_init.oe674 (.text:EDMA3_DRV_open)
                  c30a1940    000002c0     stk6_ppp_pppoe.ae674 : sock6.oe674 (.text:Sock6New)
                  c30a1c00    000002c0     edma3_lld_drv.ae674 : edma3_drv_basic.oe674 (.text:edma3RemoveMapping)
                  c30a1ec0    000002c0     ti.drv.mcasp.ae674 : mcasp_drv.oe674 (.text:mcaspSubmitReq)
                  c30a2180    000002c0     sysbios.ae674 : BIOS.obj (.text:ti_sysbios_heaps_HeapMem_Instance_init__E)
                  c30a2440    000002c0                   : BIOS.obj (.text:ti_sysbios_knl_Clock_Instance_init__E)
                  c30a2700    000002c0     ti.targets.rts6000.ae674 : LoggerBuf.oe674 (.text:xdc_runtime_LoggerBuf_write8__E)
                  c30a29c0    000002a0     ti.board.ae674 : lcdkOMAPL138_pll.oe674 (.text:Board_DDRPLLConfig)
                  c30a2c60    000002a0     stk6_ppp_pppoe.ae674 : igmp.oe674 (.text:IGMPInput)
                  c30a2f00    000002a0     ti.drv.mcasp.ae674 : mcasp_drv.oe674 (.text:Mcasp_localLoadPktToEdma)
                  c30a31a0    000002a0     sysbios.ae674 : BIOS.obj (.text:ti_sysbios_knl_Clock_workFunc__E)
                  c30a3440    00000280     edma3_lld_drv.ae674 : edma3_drv_init.oe674 (.text:EDMA3_DRV_create)
                  c30a36c0    00000280                         : edma3_drv_basic.oe674 (.text:EDMA3_DRV_enableTransfer)
                  c30a3940    00000280     stk6_ppp_pppoe.ae674 : icmpv6_ndisc.oe674 (.text:ICMPv6RecvRedirect)
                  c30a3bc0    00000280                          : ipv6_frag.oe674 (.text:IPv6TxFragPacket)
                  c30a3e40    00000280                          : nimu.oe674 (.text:NIMUIoctl)
                  c30a40c0    00000280                          : sock6pcb.oe674 (.text:Sock6PcbResolve)
                  c30a4340    00000280                          : tcp6.oe674 (.text:TCP6TimeoutCheck)
                  c30a45c0    00000280                          : tcp.oe674 (.text:TcpTimeoutCheck)
                  c30a4840    00000280     os.ae674 : mem.oe674 (.text:mmAlloc)
                  c30a4ac0    00000280     sysbios.ae674 : BIOS.obj (.text:ti_sysbios_family_c64p_Cache_Module_startup__E)
                  c30a4d40    00000280                   : BIOS.obj (.text:ti_sysbios_knl_Semaphore_post__E)
                  c30a4fc0    00000280                   : BIOS.obj (.text:ti_sysbios_knl_Task_postInit__I)
                  c30a5240    00000280     udp_hello.obj (.text)
                  c30a54c0    00000260     ti.drv.emac.ae674 : emac_drv_v0.oe674 (.text:EMAC_poll_v0$0)
                  c30a5720    00000260                       : emac_drv_v0.oe674 (.text:EMAC_send_v0$0)
                  c30a5980    00000260                       : emac.oe674 (.text:EMAC_setMulticast)
                  c30a5be0    00000260     stk6_ppp_pppoe.ae674 : icmpv6_ndisc.oe674 (.text:ICMPv6RecvNS)
                  c30a5e40    00000260                          : nimupppoe.oe674 (.text:SendServerMsg)
                  c30a60a0    00000260                          : sock.oe674 (.text:SockConnect)
                  c30a6300    00000260                          : sockpcb.oe674 (.text:SockPcbResolve)
                  c30a6560    00000260     rts6740_elf.lib : imath64.obj (.text:__c6xabi_divull)
                  c30a67c0    00000260     sysbios.ae674 : BIOS.obj (.text:ti_sysbios_family_c64p_Cache_block__I)
                  c30a6a20    00000260                   : BIOS.obj (.text:ti_sysbios_family_c64p_Hwi_dispatchCore__I)
                  c30a6c80    00000260     ti.targets.rts6000.ae674 : Startup.oe674 (.text:xdc_runtime_Startup_startMods__I)
                  c30a6ee0    00000240     ti.board.ae674 : lcdkOMAPL138_clock.oe674 (.text:Board_moduleClockEnable)
                  c30a7120    00000240     ti.transport.ndk.nimu.ae674 : nimu_eth.oe674 (.text:EMACInit_Core$0)
                  c30a7360    00000240     stk6_ppp_pppoe.ae674 : icmpv6in.oe674 (.text:ICMPv6RxPacket)
                  c30a75a0    00000240                          : sb.oe674 (.text:SBRead)
                  c30a77e0    00000240                          : sock6pcb.oe674 (.text:Sock6PcbBind)
                  c30a7a20    00000240                          : udp6.oe674 (.text:Udp6Input)
                  c30a7c60    00000240                          : auth.oe674 (.text:papInput)
                  c30a7ea0    00000240     sysbios.ae674 : BIOS.obj (.text:ti_sysbios_family_c64p_EventCombiner_dispatch__E)
                  c30a80e0    00000240                   : BIOS.obj (.text:ti_sysbios_family_c64p_Exception_internalHandler__I)
                  c30a8320    00000240                   : BIOS.obj (.text:ti_sysbios_knl_Task_schedule__I)
                  c30a8560    00000240                   : BIOS.obj (.text:ti_sysbios_timers_timer64_Timer_setPeriodMicroSecs__E)
                  c30a87a0    00000240     ti.targets.rts6000.ae674 : Core-mem.oe674 (.text:xdc_runtime_Core_createObject__I)
                  c30a89e0    00000240     mcasp_ethernet_pe674.oe674 (.text:xdc_runtime_System_printfExtend__I)
                  c30a8c20    00000220     ti.drv.i2c.ae674 : I2C_v0.oe674 (.text:I2C_transfer_v0$0)
                  c30a8e40    00000220     stk6_ppp_pppoe.ae674 : icmpv6out.oe674 (.text:ICMPv6SendDstUnreachable)
                  c30a9060    00000220                          : icmpv6out.oe674 (.text:ICMPv6SendParameterProblem)
                  c30a9280    00000220                          : icmpv6out.oe674 (.text:ICMPv6SendTimeExceeded)
                  c30a94a0    00000220                          : ipv6_frag.oe674 (.text:IPv6FragReasm)
                  c30a96c0    00000220                          : lliout.oe674 (.text:LLITxIpPacket)
                  c30a98e0    00000220                          : node.oe674 (.text:NodeAdd)
                  c30a9b00    00000220                          : route.oe674 (.text:RtCreate)
                  c30a9d20    00000220                          : sock6.oe674 (.text:Sock6Close)
                  c30a9f40    00000220     nettool.ae674 : inetaddr.oe674 (.text:inet_aton)
                  c30aa160    00000220     stk6_ppp_pppoe.ae674 : nimupppoe.oe674 (.text:pppoeSI)
                  c30aa380    00000220     rts6740_elf.lib : setvbuf.obj (.text:setvbuf)
                  c30aa5a0    00000220     sysbios.ae674 : BIOS.obj (.text:ti_sysbios_family_c64p_Hwi_reconfig__E)
                  c30aa7c0    00000220                   : BIOS.obj (.text:ti_sysbios_knl_Swi_run__I)
                  c30aa9e0    00000200     nettool.ae674 : config.oe674 (.text:CfgAddEntry)
                  c30aabe0    00000200                   : dhcpmain.oe674 (.text:DHCPOpen)
                  c30aade0    00000200     edma3_lld_drv.ae674 : edma3_drv_adv.oe674 (.text:EDMA3_DRV_getPaRAMField)
                  c30aafe0    00000200     stk6_ppp_pppoe.ae674 : icmpv6_ndisc.oe674 (.text:ICMPv6SendNS)
                  c30ab1e0    00000200                          : ipv6_frag.oe674 (.text:IPv6FragQEnqueueFrag)
                  c30ab3e0    00000200     netctrl.ae674 : netctrl.oe674 (.text:NC_NetStart)
                  c30ab5e0    00000200                   : netctrl.oe674 (.text:NetScheduler)
                  c30ab7e0    00000200     stk6_ppp_pppoe.ae674 : rtable.oe674 (.text:RtFind)
                  c30ab9e0    00000200     ti.osal.ae674 : SemaphoreP_tirtos.oe674 (.text:SemaphoreP_create)
                  c30abbe0    00000200     stk6_ppp_pppoe.ae674 : sock6int.oe674 (.text:Sock6Notify)
                  c30abde0    00000200                          : sock6.oe674 (.text:Sock6Send)
                  c30abfe0    00000200                          : sock.oe674 (.text:SockClose)
                  c30ac1e0    00000200                          : sockint.oe674 (.text:SockNotify)
                  c30ac3e0    00000200                          : sockpcb.oe674 (.text:SockPcbBind)
                  c30ac5e0    00000200                          : sock.oe674 (.text:SockSend)
                  c30ac7e0    00000200     ti.drv.uart.ae674 : UART_v0.oe674 (.text:UART_readPolling_v0$0)
                  c30ac9e0    00000200     sysbios.ae674 : c64p_Hwi_disp_always.obj (.text:_ti_sysbios_family_c64p_Hwi_dispatchAlways)
                  c30acbe0    00000200     ti.drv.mcasp.ae674 : mcasp_drv.oe674 (.text:mcaspBitSetGblRCtl)
                  c30acde0    00000200                        : mcasp_drv.oe674 (.text:mcaspBitSetGblXCtl)
                  c30acfe0    00000200     nettool.ae674 : telnetd.oe674 (.text:telnet_engine)
                  c30ad1e0    00000200     sysbios.ae674 : BIOS.obj (.text:ti_sysbios_family_c64p_EventCombiner_dispatchPlug__E)
                  c30ad3e0    00000200                   : BIOS.obj (.text:ti_sysbios_io_DEV_Module_startup__E)
                  c30ad5e0    00000200                   : BIOS.obj (.text:ti_sysbios_knl_Task_startCore__E)
                  c30ad7e0    00000200     ti.targets.rts6000.ae674 : Error.oe674 (.text:xdc_runtime_Error_policyDefault__E)
                  c30ad9e0    000001e0     stk6_ppp_pppoe.ae674 : bind6.oe674 (.text:Bind6RunDAD)
                  c30adbc0    000001e0                          : bind.oe674 (.text:BindNew)
                  c30adda0    000001e0     ti.board.ae674 : lcdkOMAPL138_clock.oe674 (.text:Board_moduleClockSyncReset)
                  c30adf80    000001e0     nettool.ae674 : daemon.oe674 (.text:DaemonNew)
                  c30ae160    000001e0     ti.osal.ae674 : HwiP_tirtos.oe674 (.text:HwiP_create)
                  c30ae340    000001e0     stk6_ppp_pppoe.ae674 : icmp.oe674 (.text:ICMPGenPacket)
                  c30ae520    000001e0                          : route6.oe674 (.text:Rt6Find)
                  c30ae700    000001e0                          : route6.oe674 (.text:Rt6Free)
                  c30ae8e0    000001e0                          : sb6.oe674 (.text:SB6Read)
                  c30aeac0    000001e0                          : nimupppoe.oe674 (.text:SendClientMsg)
                  c30aeca0    000001e0                          : sock6pcb.oe674 (.text:Sock6PcbFind)
                  c30aee80    000001e0     ti.drv.uart.ae674 : UART_stdio.oe674 (.text:UART_convertVal$0)
                  c30af060    000001e0     sysbios.ae674 : BIOS.obj (.text:ti_sysbios_gates_GateMutex_enter__E)
                  c30af240    000001e0     ti.targets.rts6000.ae674 : LoggerBuf.oe674 (.text:xdc_runtime_LoggerBuf_write4__E)
                  c30af420    000001e0                              : Text.oe674 (.text:xdc_runtime_Text_putSite__E)
                  c30af600    000001c0     edma3_lld_drv.ae674 : edma3_drv_adv.oe674 (.text:EDMA3_DRV_linkChannel)
                  c30af7c0    000001c0     stk6_ppp_pppoe.ae674 : icmpv6_ndisc.oe674 (.text:ICMPv6SendNA)
                  c30af980    000001c0                          : lli6.oe674 (.text:LLI6TxIPPacket)
                  c30afb40    000001c0     ti.drv.mcasp.ae674 : mcasp_drv.oe674 (.text:Mcasp_localCancelAndAbortAllIo)
                  c30afd00    000001c0     stk6_ppp_pppoe.ae674 : raw6.oe674 (.text:Raw6Output)
                  c30afec0    000001c0                          : rawethsock.oe674 (.text:RawEthSockGet)
                  c30b0080    000001c0                          : tcp6out.oe674 (.text:TCP6GenPacket)
                  c30b0240    000001c0                          : udp.oe674 (.text:UdpOutput)
                  c30b0400    000001c0     nettool.ae674 : dhcppkt.oe674 (.text:dhcpPacketProcess)
                  c30b05c0    000001c0     edma3_lld_rm.ae674 : edma3resmgr.oe674 (.text:edma3ShadowRegionInit)
                  c30b0780    000001c0     nettool.ae674 : httppars.oe674 (.text:httpParseRecv)
                  c30b0940    000001c0     nimu_osal_omapl13x.obj (.text)
                  c30b0b00    000001c0     sysbios.ae674 : BIOS.obj (.text:ti_sysbios_knl_Task_checkStacks__E)
                  c30b0cc0    000001c0                   : BIOS.obj (.text:ti_sysbios_timers_timer64_Timer_getFreq__E)
                  c30b0e80    000001a0     stk6_ppp_pppoe.ae674 : bind6.oe674 (.text:Bind6Free)
                  c30b1020    000001a0     ti.transport.ndk.nimu.ae674 : nimu_eth.oe674 (.text:EmacRxPkt$0)
                  c30b11c0    000001a0     rts6740_elf.lib : hostrename.obj (.text:HOSTrename)
                  c30b1360    000001a0     stk6_ppp_pppoe.ae674 : icmpv6in.oe674 (.text:ICMPv6RecvEchoRequest)
                  c30b1500    000001a0                          : icmpv6_ndisc.oe674 (.text:ICMPv6RecvNA)
                  c30b16a0    000001a0                          : igmp.oe674 (.text:IGMPSendReply)
                  c30b1840    000001a0     ti.drv.mcasp.ae674 : mcasp_drv.oe674 (.text:Mcasp_localCollectRcvErrorStats)
                  c30b19e0    000001a0                        : mcasp_drv.oe674 (.text:Mcasp_localCollectXmtErrorStats)
                  c30b1b80    000001a0                        : mcasp_edma.oe674 (.text:Mcasp_localSetupEdmaDuringOpen)
                  c30b1d20    000001a0     stk6_ppp_pppoe.ae674 : raw.oe674 (.text:RawInput)
                  c30b1ec0    000001a0                          : route6.oe674 (.text:Rt6Modify)
                  c30b2060    000001a0                          : sock6.oe674 (.text:Sock6Status)
                  c30b2200    000001a0                          : sock.oe674 (.text:SockStatus)
                  c30b23a0    000001a0                          : tcp6prot.oe674 (.text:TCP6PrSetOption)
                  c30b2540    000001a0                          : tcpprot.oe674 (.text:TcpPrSetOption)
                  c30b26e0    000001a0                          : tcptime.oe674 (.text:TcpTimeoutRexmt)
                  c30b2880    000001a0                          : udp6.oe674 (.text:Udp6Output)
                  c30b2a20    000001a0     nettool.ae674 : dhcpsm.oe674 (.text:dhcpIPAdd)
                  c30b2bc0    000001a0     edma3_lld_drv_sample.ae674 : sample_init.oe674 (.text:edma3init)
                  c30b2d60    000001a0     stk6_ppp_pppoe.ae674 : lcp.oe674 (.text:lcpSendCfg)
                  c30b2f00    000001a0     ti.drv.mcasp.ae674 : mcasp_drv.oe674 (.text:mcaspSubmitChan)
                  c30b30a0    000001a0     stk6_ppp_pppoe.ae674 : nimuppp.oe674 (.text:pppInput)
                  c30b3240    000001a0     sysbios.ae674 : BIOS.obj (.text:ti_sysbios_family_c64p_Cache_getL2InitSize__I)
                  c30b33e0    000001a0                   : BIOS.obj (.text:ti_sysbios_knl_Task_unblockI__E)
                  c30b3580    000001a0                   : BIOS.obj (.text:ti_sysbios_timers_timer64_Timer_start__E)
                  c30b3720    000001a0     ti.targets.rts6000.ae674 : Core-smem.oe674 (.text:xdc_runtime_Core_constructObject__I)
                  c30b38c0    00000180     ti.board.ae674 : lcdkOMAPL138_ddr.oe674 (.text:Board_DDR3Init)
                  c30b3a40    00000180     edma3_lld_drv.ae674 : edma3_drv_adv.oe674 (.text:EDMA3_DRV_getPaRAM)
                  c30b3bc0    00000180     edma3_lld_rm.ae674 : edma3resmgr.oe674 (.text:EDMA3_RM_registerTccCb)
                  c30b3d40    00000180                        : edma3resmgr.oe674 (.text:EDMA3_RM_unregisterTccCb)
                  c30b3ec0    00000180     ti.drv.emac.ae674 : emac_drv_v0.oe674 (.text:EMAC_config_v0$0)
                  c30b4040    00000180                       : emac.oe674 (.text:EMAC_setReceiveFilter)
                  c30b41c0    00000180     stk6_ppp_pppoe.ae674 : ipv6_exthdrs.oe674 (.text:IPv6ParseExtnHeaders)
                  c30b4340    00000180                          : ipv6_frag.oe674 (.text:IPv6ParseFragHdr)
                  c30b44c0    00000180                          : lli6.oe674 (.text:LLI6NeighUnreachStateMachine)
                  c30b4640    00000180                          : lli6.oe674 (.text:LLI6New)
                  c30b47c0    00000180     ti.drv.mcasp.ae674 : mcasp_drv.oe674 (.text:Mcasp_localEdmaProcessPkt)
                  c30b4940    00000180     stk6_ppp_pppoe.ae674 : rawethsock.oe674 (.text:RawEthSockSet)
                  c30b4ac0    00000180                          : sb6.oe674 (.text:SB6Write)
                  c30b4c40    00000180                          : sb.oe674 (.text:SBWrite)
                  c30b4dc0    00000180                          : sockint.oe674 (.text:SockCreatePacket)
                  c30b4f40    00000180                          : sock.oe674 (.text:SockRecvNC)
                  c30b50c0    00000180                          : tcp6time.oe674 (.text:TCP6TimeoutRexmt)
                  c30b5240    00000180                          : tcpout.oe674 (.text:TcpGenPacket)
                  c30b53c0    00000180     nettool.ae674 : dhcpsm.oe674 (.text:dhcpState)
                  c30b5540    00000180     edma3_lld_rm.ae674 : edma3resmgr.oe674 (.text:edma3GlobalRegionInit)
                  c30b56c0    00000180     ti.drv.emac.ae674 : emac_drv_v0.oe674 (.text:emac_reset)
                  c30b5840    00000180     nettool.ae674 : httpclie.oe674 (.text:httpGetAuthParams)
                  c30b59c0    00000180                   : httpsend.oe674 (.text:httpSendErrorHTML)
                  c30b5b40    00000180     stk6_ppp_pppoe.ae674 : ipcp.oe674 (.text:ipcpSendCfg)
                  c30b5cc0    00000180     ti.drv.mcasp.ae674 : mcasp_drv.oe674 (.text:mcaspUnRegisterInt)
                  c30b5e40    00000180     sysbios.ae674 : c64p_Exception_asm.obj (.text)
                  c30b5fc0    00000160     ti.board.ae674 : lcdkOMAPL138.oe674 (.text:Board_init)
                  c30b6120    00000160     ti.drv.emac.ae674 : emac.oe674 (.text:EMAC_close)
                  c30b6280    00000160     stk6_ppp_pppoe.ae674 : ipv6in.oe674 (.text:IPv6RxPacket)
                  c30b63e0    00000160                          : socket.oe674 (.text:NDK_accept)
                  c30b6540    00000160                          : socket.oe674 (.text:NDK_recvncfrom)
                  c30b66a0    00000160                          : nimu.oe674 (.text:NIMUReceivePacket)
                  c30b6800    00000160     ti.osal.ae674 : RegisterIntr_tirtos.oe674 (.text:Osal_RegisterInterrupt)
                  c30b6960    00000160     stk6_ppp_pppoe.ae674 : pipe.oe674 (.text:PipeNew)
                  c30b6ac0    00000160                          : pipe.oe674 (.text:PipeRecv)
                  c30b6c20    00000160                          : rtc.oe674 (.text:RTCReport)
                  c30b6d80    00000160                          : rawethsock.oe674 (.text:RawEthSockNew)
                  c30b6ee0    00000160                          : sock6pcb.oe674 (.text:Sock6PcbFindRaw)
                  c30b7040    00000160                          : sockpcb.oe674 (.text:SockPcbFind)
                  c30b71a0    00000160                          : lli.oe674 (.text:_LLITimeoutCheck)
                  c30b7300    00000160                          : auth.oe674 (.text:chapSendMsg)
                  c30b7460    00000160     ti.drv.emac.ae674 : emac_drv_v0.oe674 (.text:emac_rx_packet$0)
                  c30b75c0    00000160     nettool.ae674 : httpclie.oe674 (.text:httpExtractTag)
                  c30b7720    00000160     ti.drv.mcasp.ae674 : mcasp_drv.oe674 (.text:mcaspBitRemoveGblXCtl)
                  c30b7880    00000160     stk6_ppp_pppoe.ae674 : nimupppoe.oe674 (.text:pppoeCtrlMsg)
                  c30b79e0    00000160     edma3_lld_drv_sample.ae674 : sample_omapl138_int_reg.oe674 (.text:registerEdma3Interrupts)
                  c30b7b40    00000160     sysbios.ae674 : BIOS.obj (.text:ti_sysbios_knl_Swi_post__E)
                  c30b7ca0    00000160     ti.targets.rts6000.ae674 : Text.oe674 (.text:xdc_runtime_Text_putMod__E)
                  c30b7e00    00000140     stk6_ppp_pppoe.ae674 : bind6.oe674 (.text:Bind6GetGlobalAddress)
                  c30b7f40    00000140     nettool.ae674 : config.oe674 (.text:CfgRemoveEntry)
                  c30b8080    00000140     edma3_lld_drv.ae674 : edma3_drv_adv.oe674 (.text:EDMA3_DRV_setPaRAM)
                  c30b81c0    00000140     ti.drv.emac.ae674 : emac_drv_v0.oe674 (.text:EMAC_interruptInit$0)
                  c30b8300    00000140     ti.transport.ndk.nimu.ae674 : nimu_eth.oe674 (.text:EmacStart$0)
                  c30b8440    00000140     stk6_ppp_pppoe.ae674 : icmpin.oe674 (.text:ICMPRevSrcRoute)
                  c30b8580    00000140                          : igmp.oe674 (.text:IGMPJoinHostGroup)
                  c30b86c0    00000140                          : ipv6_exthdrs.oe674 (.text:IPv6ParseHopOptions)
                  c30b8800    00000140     ti.drv.mcasp.ae674 : mcasp_drv.oe674 (.text:Mcasp_localIsrSwiFxn)
                  c30b8940    00000140     stk6_ppp_pppoe.ae674 : nimu.oe674 (.text:NIMURegister)
                  c30b8a80    00000140                          : raw6.oe674 (.text:Raw6Input)
                  c30b8bc0    00000140     netctrl.ae674 : netsrv.oe674 (.text:SPIpNet)
                  c30b8d00    00000140     nettool.ae674 : dhcpsm.oe674 (.text:StateBound)
                  c30b8e40    00000140     rts6740_elf.lib : fclose.obj (.text:__TI_closefile)
                  c30b8f80    00000140     nettool.ae674 : dhcpbild.oe674 (.text:dhcpBuildHeader)
                  c30b90c0    00000140                   : dhcpsock.oe674 (.text:dhcpSocketOpen)
                  c30b9200    00000140                   : dhcppkt.oe674 (.text:dhcpVerifyMessage)
                  c30b9340    00000140     rts6740_elf.lib : fflush.obj (.text:fflush)
                  c30b9480    00000140                     : getdevice.obj (.text:getdevice)
                  c30b95c0    00000140     ti.drv.mcasp.ae674 : mcasp_drv.oe674 (.text:mcaspBitRemoveGblRCtl)
                  c30b9700    00000140                        : mcasp_drv.oe674 (.text:mcaspWriteChanStatRam)
                  c30b9840    00000140                        : mcasp_drv.oe674 (.text:mcaspWriteUserDataRam)
                  c30b9980    00000140     stk6_ppp_pppoe.ae674 : udp6.oe674 (.text:processMulticast)
                  c30b9ac0    00000140     sysbios.ae674 : BIOS.obj (.text:ti_sysbios_family_c64p_Cache_getL1DInitSize__I)
                  c30b9c00    00000140                   : BIOS.obj (.text:ti_sysbios_family_c64p_Cache_getL1PInitSize__I)
                  c30b9d40    00000140                   : BIOS.obj (.text:ti_sysbios_family_c64p_Hwi_Module_startup__E)
                  c30b9e80    00000140                   : BIOS.obj (.text:ti_sysbios_knl_Semaphore_Instance_init__E)
                  c30b9fc0    00000140                   : BIOS.obj (.text:ti_sysbios_knl_Task_Module_startup__E)
                  c30ba100    00000140                   : BIOS.obj (.text:ti_sysbios_knl_Task_blockI__E)
                  c30ba240    00000140     ti.targets.rts6000.ae674 : Core-mem.oe674 (.text:xdc_runtime_Core_deleteObject__I)
                  c30ba380    00000140                              : LoggerBuf.oe674 (.text:xdc_runtime_LoggerBuf_setFilterLevel__E)
                  c30ba4c0    00000140                              : Text.oe674 (.text:xdc_runtime_Text_putLab__E)
                  c30ba600    00000120     ti.board.ae674 : lcdkOMAPL138_pinmux.oe674 (.text:Board_configEmifPinMux)
                  c30ba720    00000120     ti.csl.ae674 : csl_chip.oe674 (.text:CSL_chipReadReg)
                  c30ba840    00000120     stk6_ppp_pppoe.ae674 : icmp.oe674 (.text:ICMPSendRtAdv)
                  c30ba960    00000120                          : ip.oe674 (.text:IPGetRoute)
                  c30baa80    00000120                          : lliout.oe674 (.text:LLIGenArpPacket)
                  c30baba0    00000120                          : md5.oe674 (.text:MD5Update)
                  c30bacc0    00000120                          : socket.oe674 (.text:NDK_getpeername)
                  c30bade0    00000120                          : socket.oe674 (.text:NDK_sendto)
                  c30baf00    00000120                          : node.oe674 (.text:NodeTreeFree)
                  c30bb020    00000120                          : rtable.oe674 (.text:RtTimeoutCheck)
                  c30bb140    00000120     netctrl.ae674 : netsrv.oe674 (.text:ServiceScan)
                  c30bb260    00000120     stk6_ppp_pppoe.ae674 : sock6int.oe674 (.text:Sock6CreatePacket)
                  c30bb380    00000120     nettool.ae674 : dhcpsm.oe674 (.text:StateRenewRebind)
                  c30bb4a0    00000120     stk6_ppp_pppoe.ae674 : tcp6time.oe674 (.text:TCP6TimeoutKeep)
                  c30bb5c0    00000120                          : tcptime.oe674 (.text:TcpTimeoutKeep)
                  c30bb6e0    00000120     boot.ae674 : autoinit.oe674 (.text:_auto_init_elf)
                  c30bb800    00000120     stk6_ppp_pppoe.ae674 : auth.oe674 (.text:authInit)
                  c30bb920    00000120     edma3_lld_rm.ae674 : edma3resmgr.oe674 (.text:edma3MemCpy)
                  c30bba40    00000120     stk6_ppp_pppoe.ae674 : fileuser.oe674 (.text:fdClose)
                  c30bbb60    00000120     rts6740_elf.lib : fseek.obj (.text:fseek)
                  c30bbc80    00000120     stk6_ppp_pppoe.ae674 : auth.oe674 (.text:papSendCfg)
                  c30bbda0    00000120                          : nimuppp.oe674 (.text:pppAddClient)
                  c30bbec0    00000120                          : nimuppp.oe674 (.text:pppFree)
                  c30bbfe0    00000120     nettool.ae674 : telnetd.oe674 (.text:telnet_termdata)
                  c30bc100    00000120     sysbios.ae674 : BIOS.obj (.text:ti_sysbios_family_c64p_Hwi_Instance_init__E)
                  c30bc220    00000120                   : BIOS.obj (.text:ti_sysbios_knl_Clock_start__E)
                  c30bc340    00000120     ti.targets.rts6000.ae674 : LoggerBuf.oe674 (.text:xdc_runtime_LoggerBuf_getFilterLevel__E)
                  c30bc460    00000100     stk6_ppp_pppoe.ae674 : bind6.oe674 (.text:Bind6Msg)
                  c30bc560    00000100     ti.board.ae674 : lcdkOMAPL138_clock.oe674 (.text:Board_moduleClockInit)
                  c30bc660    00000100     nettool.ae674 : config.oe674 (.text:CfgExecute)
                  c30bc760    00000100                   : config.oe674 (.text:CfgGetNextEntry)
                  c30bc860    00000100     edma3_lld_drv.ae674 : edma3_drv_basic.oe674 (.text:EDMA3_DRV_clearErrorBits)
                  c30bc960    00000100     ti.transport.ndk.nimu.ae674 : nimu_eth.oe674 (.text:EmacSendPkt$0)
                  c30bca60    00000100     ti.osal.ae674 : EventCombinerP_tirtos.oe674 (.text:EventCombinerP_GroupRegisterInt)
                  c30bcb60    00000100     stk6_ppp_pppoe.ae674 : exec.oe674 (.text:ExecOpen)
                  c30bcc60    00000100     ti.drv.i2c.ae674 : I2C_v0.oe674 (.text:I2C_close_v0$0)
                  c30bcd60    00000100     stk6_ppp_pppoe.ae674 : igmp.oe674 (.text:IGMPJoin)
                  c30bce60    00000100                          : ipv6.oe674 (.text:IPv6DisplayIPAddress)
                  c30bcf60    00000100     ti.drv.emac.ae674 : mdio.oe674 (.text:MDIO_close)
                  c30bd060    00000100     stk6_ppp_pppoe.ae674 : node.oe674 (.text:NodeWalk)
                  c30bd160    00000100                          : route6.oe674 (.text:Route6LifetimeMgmt)
                  c30bd260    00000100                          : sock6.oe674 (.text:Sock6Check)
                  c30bd360    00000100                          : sock6pcb.oe674 (.text:Sock6PcbConnect)
                  c30bd460    00000100                          : sock.oe674 (.text:SockCheck)
                  c30bd560    00000100                          : sockpcb.oe674 (.text:SockCleanPcb)
                  c30bd660    00000100     nettool.ae674 : dhcpsm.oe674 (.text:StateRequesting)
                  c30bd760    00000100     ti.drv.uart.ae674 : UART_v0.oe674 (.text:UART_writePolling_v0$0)
                  c30bd860    00000100     stk6_ppp_pppoe.ae674 : rtable.oe674 (.text:_RtNodeRemove)
                  c30bd960    00000100     rts6740_elf.lib : copy_decompress_rle.obj (.text:__TI_decompress_rle_core)
                  c30bda60    00000100                     : _io_perm.obj (.text:__TI_wrt_ok)
                  c30bdb60    00000100                     : atoi.obj (.text:atoi)
                  c30bdc60    00000100     stk6_ppp_pppoe.ae674 : auth.oe674 (.text:authGetPassword)
                  c30bdd60    00000100     ti.drv.emac.ae674 : emac_drv_v0.oe674 (.text:emac_free_packet$0)
                  c30bde60    00000100                       : emac_drv_v0.oe674 (.text:emac_reset_queue)
                  c30bdf60    00000100     nettool.ae674 : httpsend.oe674 (.text:httpAuthenticationReq)
                  c30be060    00000100     ti.drv.mcasp.ae674 : mcasp_drv.oe674 (.text:mcaspValidateBufferConfig)
                  c30be160    00000100     nettool.ae674 : telnetd.oe674 (.text:telnetClientProcess)
                  c30be260    00000100     sysbios.ae674 : BIOS.obj (.text:ti_sysbios_family_c64p_Hwi_Instance_finalize__E)
                  c30be360    00000100                   : BIOS.obj (.text:ti_sysbios_knl_Swi_restoreHwi__E)
                  c30be460    00000100                   : BIOS.obj (.text:ti_sysbios_knl_Swi_schedule__I)
                  c30be560    00000100                   : BIOS.obj (.text:ti_sysbios_knl_Task_deleteTerminatedTasksFunc__I)
                  c30be660    00000100                   : BIOS.obj (.text:ti_sysbios_timers_timer64_Timer_initDevice__I)
                  c30be760    00000100     ti.targets.rts6000.ae674 : Error.oe674 (.text:xdc_runtime_Error_print__E)
                  c30be860    00000100                              : Memory.oe674 (.text:xdc_runtime_Memory_alloc__E)
                  c30be960    00000100                              : Startup.oe674 (.text:xdc_runtime_Startup_exec__E)
                  c30bea60    000000e0     stk6_ppp_pppoe.ae674 : bind6.oe674 (.text:Bind6DADCheck)
                  c30beb40    000000e0                          : bind6.oe674 (.text:Bind6LifetimeMgmt)
                  c30bec20    000000e0                          : bind.oe674 (.text:BindFree)
                  c30bed00    000000e0     nettool.ae674 : config.oe674 (.text:CfgGetEntry)
                  c30bede0    000000e0                   : daemon.oe674 (.text:DaemonFree)
                  c30beec0    000000e0     edma3_lld_drv.ae674 : edma3_drv_adv.oe674 (.text:EDMA3_DRV_getPaRAMPhyAddr)
                  c30befa0    000000e0     rts6740_elf.lib : hostlseek.obj (.text:HOSTlseek)
                  c30bf080    000000e0                     : hostopen.obj (.text:HOSTopen)
                  c30bf160    000000e0                     : hostwrite.obj (.text:HOSTwrite)
                  c30bf240    000000e0     I2C_soc.obj (.text)
                  c30bf320    000000e0     stk6_ppp_pppoe.ae674 : icmpv6in.oe674 (.text:ICMPv6SocketErrorInterface)
                  c30bf400    000000e0                          : igmp.oe674 (.text:IGMPDoMCast)
                  c30bf4e0    000000e0                          : igmp.oe674 (.text:IGMPMsg)
                  c30bf5c0    000000e0                          : ipv6_frag.oe674 (.text:IPv6CreateFragQ)
                  c30bf6a0    000000e0                          : ipv6.oe674 (.text:IPv6GetSubnetMaskFromBits)
                  c30bf780    000000e0                          : ipv6.oe674 (.text:IPv6Init)
                  c30bf860    000000e0                          : ipv6_exthdrs.oe674 (.text:IPv6ParseRoutingHdr)
                  c30bf940    000000e0                          : lli6.oe674 (.text:LLI6Find)
                  c30bfa20    000000e0     ti.drv.mcasp.ae674 : mcasp_ioctl.oe674 (.text:Mcasp_localAbortRequests)
                  c30bfb00    000000e0                        : mcasp_drv.oe674 (.text:Mcasp_localCompleteCurrentIo)
                  c30bfbe0    000000e0     netctrl.ae674 : netctrl.oe674 (.text:NC_SystemOpen)
                  c30bfcc0    000000e0     stk6_ppp_pppoe.ae674 : socket.oe674 (.text:NDK_bind)
                  c30bfda0    000000e0                          : node.oe674 (.text:NodeFind)
                  c30bfe80    000000e0                          : node.oe674 (.text:NodeTreeNew)
                  c30bff60    000000e0                          : pbm.oe674 (.text:PBM_alloc)
                  c30c0040    000000e0                          : pbm.oe674 (.text:PBM_free)
                  c30c0120    000000e0                          : pipe.oe674 (.text:PipeSend)
                  c30c0200    000000e0                          : raweth.oe674 (.text:RawEthRxPacket)
                  c30c02e0    000000e0                          : rawethsock_pcb.oe674 (.text:RawEthSockPcbAttach)
                  c30c03c0    000000e0                          : rawethsock.oe674 (.text:RawEthSockStatus)
                  c30c04a0    000000e0                          : raweth.oe674 (.text:RawEthTxPacket)
                  c30c0580    000000e0                          : raw.oe674 (.text:RawOutput)
                  c30c0660    000000e0                          : rtable.oe674 (.text:RtFlush)
                  c30c0740    000000e0                          : rtable.oe674 (.text:RtWalkNext)
                  c30c0820    000000e0                          : sb6.oe674 (.text:SB6New)
                  c30c0900    000000e0     netctrl.ae674 : netsrv.oe674 (.text:SPConfig)
                  c30c09e0    000000e0                   : netsrv.oe674 (.text:SPRoute)
                  c30c0ac0    000000e0                   : netsrv.oe674 (.text:ServiceSpawn)
                  c30c0ba0    000000e0     stk6_ppp_pppoe.ae674 : sock6.oe674 (.text:Sock6Accept)
                  c30c0c80    000000e0                          : sock6pcb.oe674 (.text:Sock6CleanPcb)
                  c30c0d60    000000e0                          : sock.oe674 (.text:SockAccept)
                  c30c0e40    000000e0                          : sockpcb.oe674 (.text:SockPcbConnect)
                  c30c0f20    000000e0                          : sockpcb.oe674 (.text:SockPcbCtlError)
                  c30c1000    000000e0                          : sock.oe674 (.text:SockShutdown)
                  c30c10e0    000000e0                          : tcp6prot.oe674 (.text:TCP6PrAttach)
                  c30c11c0    000000e0                          : tcp6prot.oe674 (.text:TCP6PrGetOption)
                  c30c12a0    000000e0                          : tcp6time.oe674 (.text:TCP6XmitTimer)
                  c30c1380    000000e0                          : tcpprot.oe674 (.text:TcpPrAttach)
                  c30c1460    000000e0                          : tcpprot.oe674 (.text:TcpPrGetOption)
                  c30c1540    000000e0                          : tcptime.oe674 (.text:TcpXmitTimer)
                  c30c1620    000000e0     nettool.ae674 : telnetd.oe674 (.text:TelnetOpen)
                  c30c1700    000000e0     ti.drv.uart.ae674 : UART_v0.oe674 (.text:UART_close_v0$0)
                  c30c17e0    000000e0                       : UART_v0.oe674 (.text:UART_read_v0$0)
                  c30c18c0    000000e0                       : UART_v0.oe674 (.text:UART_write_v0$0)
                  c30c19a0    000000e0     stk6_ppp_pppoe.ae674 : rtable.oe674 (.text:_RtNodeInsert)
                  c30c1a80    000000e0     rts6740_elf.lib : divi.obj (.text:__divi)
                  c30c1b60    000000e0                     : close.obj (.text:close)
                  c30c1c40    000000e0     nettool.ae674 : daemon.oe674 (.text:dchild)
                  c30c1d20    000000e0     ti.drv.emac.ae674 : emac.oe674 (.text:emacUpdateStats$0)
                  c30c1e00    000000e0                       : emac_drv_v0.oe674 (.text:emac_get_packet$0)
                  c30c1ee0    000000e0     rts6740_elf.lib : exit.obj (.text:exit)
                  c30c1fc0    000000e0     stk6_ppp_pppoe.ae674 : file.oe674 (.text:fdint_lockfd)
                  c30c20a0    000000e0                          : sock6.oe674 (.text:joinGroup)
                  c30c2180    000000e0     os.ae674 : task.oe674 (.text:llEnter)
                  c30c2260    000000e0     rts6740_elf.lib : memset.obj (.text:memset)
                  c30c2340    000000e0     sysbios.ae674 : BIOS.obj (.text:ti_sysbios_heaps_HeapMem_alloc__E)
                  c30c2420    000000e0                   : BIOS.obj (.text:ti_sysbios_knl_Swi_runLoop__I)
                  c30c2500    000000e0                   : BIOS.obj (.text:ti_sysbios_knl_Swi_startup__E)
                  c30c25e0    000000e0                   : BIOS.obj (.text:ti_sysbios_timers_timer64_Timer_startup__E)
                  c30c26c0    000000e0     ti.targets.rts6000.ae674 : Text.oe674 (.text:xdc_runtime_Text_visitRope2__I)
                  c30c27a0    000000c0     stk6_ppp_pppoe.ae674 : bind6.oe674 (.text:Bind6GetLinkLocalAddress)
                  c30c2860    000000c0     nettool.ae674 : config.oe674 (.text:CfgFree)
                  c30c2920    000000c0                   : config.oe674 (.text:CfgGetEntryCnt)
                  c30c29e0    000000c0     os.ae674 : ossys.oe674 (.text:DbgPrintf)
                  c30c2aa0    000000c0     ti.drv.emac.ae674 : emac_drv_v0.oe674 (.text:EMAC_HwIntRx$0)
                  c30c2b60    000000c0                       : emac_drv_v0.oe674 (.text:EMAC_close_v0$0)
[...]
c3176558  ti_sysbios_knl_Task_A_badThreadType__C                              
c317655c  ti_sysbios_knl_Task_A_badTimeout__C                                 
c3176560  ti_sysbios_knl_Task_A_noPendElem__C                                 
c3176564  ti_sysbios_knl_Task_A_sleepTaskDisabled__C                          
c3176568  ti_sysbios_knl_Task_E_deleteNotAllowed__C                           
c317656c  ti_sysbios_knl_Task_E_spOutOfBounds__C                              
c3176570  ti_sysbios_knl_Task_E_stackOverflow__C                              
c3176574  ti_sysbios_knl_Task_LD_block__C                                     
c3176578  ti_sysbios_knl_Task_LD_exit__C                                      
c317657c  ti_sysbios_knl_Task_LD_ready__C                                     
c3176580  ti_sysbios_knl_Task_LM_setPri__C                                    
c3176584  ti_sysbios_knl_Task_LM_sleep__C                                     
c3176588  ti_sysbios_knl_Task_LM_switch__C                                    
c317658c  ti_sysbios_knl_Task_Module_State_inactiveQ__O                       
c3176590  ti_sysbios_knl_Task_Module_State_terminatedQ__O                     
c3176594  ti_sysbios_knl_Task_Module__diagsEnabled__C                         
c3176598  ti_sysbios_knl_Task_Module__diagsIncluded__C                        
c317659c  ti_sysbios_knl_Task_Module__diagsMask__C                            
c31765a0  ti_sysbios_knl_Task_Module__loggerFxn2__C                           
c31765a4  ti_sysbios_knl_Task_Module__loggerFxn4__C                           
c31765a8  ti_sysbios_knl_Task_Module__loggerObj__C                            
c31765ac  ti_sysbios_knl_Task_Object__count__C                                
c31765b0  ti_sysbios_knl_Task_Object__heap__C                                 
c31765b4  ti_sysbios_knl_Task_allBlockedFunc__C                               
c31765b8  ti_sysbios_knl_Task_defaultStackHeap__C                             
c31765bc  ti_sysbios_knl_Task_defaultStackSize__C                             
c31765c0  ti_sysbios_knl_Task_numConstructedTasks__C                          
c31765c4  ti_sysbios_timers_timer64_Timer_A_notAvailable__C                   
c31765c8  ti_sysbios_timers_timer64_Timer_E_cannotSupport__C                  
c31765cc  ti_sysbios_timers_timer64_Timer_Module__diagsEnabled__C             
c31765d0  ti_sysbios_timers_timer64_Timer_Module__diagsIncluded__C            
c31765d4  ti_sysbios_timers_timer64_Timer_Module__diagsMask__C                
c31765d8  ti_sysbios_timers_timer64_Timer_anyMaskHigh__C                      
c31765dc  ti_sysbios_timers_timer64_Timer_anyMask__C                          
c31765e0  ti_sysbios_timers_timer64_Timer_freqDivisor__C                      
c31765e4  ti_sysbios_timers_timer64_Timer_numLocalTimers__C                   
c31765e8  ti_sysbios_timers_timer64_Timer_numTimerDevices__C                  
c31765ec  xdc_runtime_Assert_E_assertFailed__C                                
c31765f0  xdc_runtime_Core_A_initializedParams__C                             
c31765f4  xdc_runtime_Core_Module__diagsEnabled__C                            
c31765f8  xdc_runtime_Core_Module__diagsIncluded__C                           
c31765fc  xdc_runtime_Core_Module__diagsMask__C                               
c3176600  xdc_runtime_Error_E_generic__C                                      
c3176604  xdc_runtime_Error_E_memory__C                                       
c3176608  xdc_runtime_Error_Module__diagsEnabled__C                           
c317660c  xdc_runtime_Error_Module__diagsIncluded__C                          
c3176610  xdc_runtime_Error_Module__diagsMask__C                              
c3176614  xdc_runtime_Error_Module__loggerFxn8__C                             
c3176618  xdc_runtime_Error_Module__loggerObj__C                              
c317661c  xdc_runtime_Error_policyFxn__C                                      
c3176620  xdc_runtime_Error_policy__C                                         
c3176624  xdc_runtime_Error_raiseHook__C                                      
c3176628  xdc_runtime_IFilterLogger_Interface__BASE__C                        
c317662c  xdc_runtime_IGateProvider_Interface__BASE__C                        
c3176630  xdc_runtime_IHeap_Interface__BASE__C                                
c3176634  xdc_runtime_ILogger_Interface__BASE__C                              
c3176638  xdc_runtime_IModule_Interface__BASE__C                              
c317663c  xdc_runtime_Log_L_error__C                                          
c3176640  xdc_runtime_Log_L_info__C                                           
c3176644  xdc_runtime_LoggerBuf_E_badLevel__C                                 
c3176648  xdc_runtime_LoggerBuf_Module__gateObj__C                            
c317664c  xdc_runtime_LoggerBuf_Object__count__C                              
c3176650  xdc_runtime_LoggerBuf_statusLogger__C                               
c3176654  xdc_runtime_Main_Module__diagsEnabled__C                            
c3176658  xdc_runtime_Main_Module__diagsIncluded__C                           
c317665c  xdc_runtime_Main_Module__diagsMask__C                               
c3176660  xdc_runtime_Main_Module__loggerFxn4__C                              
c3176664  xdc_runtime_Main_Module__loggerObj__C                               
c3176668  xdc_runtime_Memory_defaultHeapInstance__C                           
c317666c  xdc_runtime_Startup_execImpl__C                                     
c3176670  xdc_runtime_Startup_maxPasses__C                                    
c3176674  xdc_runtime_Startup_sfxnRts__C                                      
c3176678  xdc_runtime_Startup_sfxnTab__C                                      
c317667c  xdc_runtime_SysMin_bufSize__C                                       
c3176680  xdc_runtime_SysMin_outputFunc__C                                    
c3176684  xdc_runtime_System_Module__gateObj__C                               
c3176688  xdc_runtime_System_abortFxn__C                                      
c317668c  xdc_runtime_System_exitFxn__C                                       
c3176690  xdc_runtime_System_extendFxn__C                                     
c3176694  xdc_runtime_System_maxAtexitHandlers__C                             
c3176698  xdc_runtime_Text_charTab__C                                         
c317669c  xdc_runtime_Text_nameEmpty__C                                       
c31766a0  xdc_runtime_Text_nameStatic__C                                      
c31766a4  xdc_runtime_Text_nameUnknown__C                                     
c31766a8  xdc_runtime_Text_nodeTab__C                                         
c31766ac  xdc_runtime_Text_visitRopeFxn__C                                    
c31766b0  ti_sysbios_family_c64p_Hwi_Module__loggerDefined__C                 
c31766b2  ti_sysbios_gates_GateMutex_Module__id__C                            
c31766b4  ti_sysbios_hal_Hwi_Module__id__C                                    
c31766b6  ti_sysbios_heaps_HeapMem_Module__id__C                              
c31766b8  ti_sysbios_io_DEV_Module__id__C                                     
c31766ba  ti_sysbios_knl_Clock_Module__id__C                                  
c31766bc  ti_sysbios_knl_Clock_Module__loggerDefined__C                       
c31766be  ti_sysbios_knl_Semaphore_Module__id__C                              
c31766c0  ti_sysbios_knl_Semaphore_Module__loggerDefined__C                   
c31766c2  ti_sysbios_knl_Swi_Module__id__C                                    
c31766c4  ti_sysbios_knl_Swi_Module__loggerDefined__C                         
c31766c6  ti_sysbios_knl_Task_Module__id__C                                   
c31766c8  ti_sysbios_knl_Task_Module__loggerDefined__C                        
c31766ca  ti_sysbios_timers_timer64_Timer_Module__id__C                       
c31766cc  ti_sysbios_timers_timer64_Timer_startupNeeded__C                    
c31766ce  ti_sysbios_timers_timer64_Timer_useTimer64pRegMap__C                
c31766d0  xdc_runtime_Core_Module__id__C                                      
c31766d2  xdc_runtime_Error_Module__loggerDefined__C                          
c31766d4  xdc_runtime_Error_maxDepth__C                                       
c31766d6  xdc_runtime_LoggerBuf_Module__id__C                                 
c31766d8  xdc_runtime_LoggerBuf_filterByLevel__C                              
c31766da  xdc_runtime_Main_Module__id__C                                      
c31766dc  xdc_runtime_Main_Module__loggerDefined__C                           
c31766de  xdc_runtime_Memory_Module__id__C                                    
c31766e0  xdc_runtime_SysMin_flushAtExit__C                                   
c31766e2  xdc_runtime_Text_charCnt__C                                         
c31766e4  xdc_runtime_Text_isLoaded__C                                        
c31766e6  xdc_runtime_Text_registryModsLastId__C                              
c31766e8  xdc_runtime_Text_unnamedModsLastId__C                               
c31766f0  ti_sysbios_knl_Task_Instance_State_0_stack__A                       
c3177af0  ti_sysbios_knl_Task_Instance_State_1_stack__A                       
c31782f0  ti_sysbios_knl_Task_Instance_State_2_stack__A                       
c317a2f0  ti_sysbios_knl_Task_Instance_State_3_stack__A                       
c317b078  __TI_STATIC_BASE                                                    
c317b0c8  _IGMPInDiscard                                                      
c317b0cc  _IGMPInQuery                                                        
c317b0d0  _IGMPInQueryGroup                                                   
c317b0d4  _IGMPInResponse                                                     
c317b0d8  _IGMPOutResponse                                                    
c317b0dc  buffdata                                                            
c317b0e0  dsp_num                                                             
c317b0e4  hAicChannel                                                         
c317b0e8  hAicDev                                                             
c317b0ec  hEdma                                                               
c317b0f0  hMcaspDev                                                           
c317b0f4  hMcaspRxChan                                                        
c317b0f8  hMcaspTxChan                                                        
c317b0fc  region_id                                                           
c317b100  semR                                                                
c317b104  semT                                                                
c317b108  CONTENT_TYPE_APPLET                                                 
c317b10c  CONTENT_TYPE_AU                                                     
c317b110  CONTENT_TYPE_CSS                                                    
c317b114  CONTENT_TYPE_DOC                                                    
c317b118  CONTENT_TYPE_GIF                                                    
c317b11c  CONTENT_TYPE_HTML                                                   
c317b120  CONTENT_TYPE_JPG                                                    
c317b124  CONTENT_TYPE_MPEG                                                   
c317b128  CONTENT_TYPE_PDF                                                    
c317b12c  CONTENT_TYPE_WAV                                                    
c317b130  CONTENT_TYPE_ZIP                                                    
c317b134  CONTENT_TYPE                                                        
c317b138  CONTENT_LENGTH                                                      
c317b13c  CRLF                                                                
c317b140  DEFAULT_NAME                                                        
c317b144  HTTP_VER                                                            
c317b148  SPACE                                                               
c317b14c  rxFrameIndex                                                        
c317b150  txFrameIndex                                                        
c317b154  RxFlag                                                              
c317b158  TxFlag                                                              
c317b15c  mcaspApiTest                                                        
c317b160  gblErrFlagXmt                                                       
c317b164  gblErrFlagRcv                                                       
c317b168  gtxFrameIndexCount                                                  
c317b16c  grxFrameIndexCount                                                  
c317b170  total_frames_sent                                                   
c317b174  PITCount                                                            
c317b178  PITUsed                                                             
c317b17c  PITHigh                                                             
c317b198  VerStr                                                              
c317b19c  HostName                                                            
c317b1a0  LocalIPAddr                                                         
c317b1a4  LocalIPMask                                                         
c317b1a8  GatewayIP                                                           
c317b1ac  DomainName                                                          
c317b1b0  DNSServer                                                           
c317b1ec  gOsalSemAllocCnt                                                    
c317b1f0  gOsalSemPeak                                                        
c317b1f4  gOsalTimerAllocCnt                                                  
c317b1f8  gOsalTimerPeak                                                      
c317b1fc  gOsalHwiAllocCnt                                                    
c317b200  gOsalHwiPeak                                                        
c317b218  dataIdx                                                             
c317b21c  txCompFlag                                                          
c317b220  I2C_handle_glob                                                     
c317b224  I2C_slaveAddr                                                       
c317b250  _IGMPForceVersion1                                                  
c317b27c  _ICMPInErrors                                                       
c317b280  _ICMPOutErrors                                                      
c317b284  _IPExecuting                                                        
c317b294  gFragQList                                                          
c317b2b4  tcp_iss                                                             
c317b2b8  ptTimeFirst                                                         
c317b2bc  pt6TimeFirst                                                        
c317b2c0  tcp6_iss                                                            
c317b2d4  inCount                                                             
c317b2d8  outCount                                                            
c317b2e4  httpErrorResponseHook                                               
c317b2f0  _IPReasmPtr                                                         
c317b2fc  gMLDNodeList                                                        
c317b318  IPV6_MAX_MULTICAST_SOLICIT                                          
c317b31c  IPV6_MAX_UNICAST_SOLICIT                                            
c317b320  IPV6_RETRANS_TIME                                                   
c317b324  IPV6_DELAY_FIRST_PROBE_TIME                                         
c317b328  IPV6_REACHABLE_TIME                                                 
c317b32c  IPV6_MAX_RTR_SOLICITATION_DELAY                                     
c317b330  IPV6_RTR_SOLICITATION_INTERVAL                                      
c317b334  IPV6_MAX_RTR_SOLICITATIONS                                          
c317b338  INFINITE_LT                                                         
c317b33c  ti_ndk_config_Global_rawPageSize                                    
c317b340  ti_ndk_config_Global_rawPageCount                                   
c317b344  ti_ndk_config_Global_smallest                                       
c317b348  ti_ndk_config_Global_largest                                        
c317b34c  heap0                                                               
c317b350  myHeap                                                              
c317b354  task0                                                               
c317b358  numEdma3Instances                                                   
c317b35c  numDsps                                                             
c317b360  ti_ndk_config_Global_numFrameBuf                                    
c317b364  ti_ndk_config_Global_sizeFrameBuf                                   
c317b368  EDMA3_MAX_RM_INSTANCES                                              
c317b400  ti_sysbios_family_c64p_Hwi0                                         
c317b400  ti_sysbios_family_c64p_Hwi_int0                                     
c317b420  ti_sysbios_family_c64p_Hwi_int1                                     
c317b440  ti_sysbios_family_c64p_Hwi_int2                                     
c317b460  ti_sysbios_family_c64p_Hwi_int3                                     
c317b480  ti_sysbios_family_c64p_Hwi_int4                                     
c317b4a0  ti_sysbios_family_c64p_Hwi_int5                                     
c317b4c0  ti_sysbios_family_c64p_Hwi_int6                                     
c317b4e0  ti_sysbios_family_c64p_Hwi_int7                                     
c317b500  ti_sysbios_family_c64p_Hwi_int8                                     
c317b520  ti_sysbios_family_c64p_Hwi_int9                                     
c317b540  ti_sysbios_family_c64p_Hwi_int10                                    
c317b560  ti_sysbios_family_c64p_Hwi_int11                                    
c317b580  ti_sysbios_family_c64p_Hwi_int12                                    
c317b5a0  ti_sysbios_family_c64p_Hwi_int13                                    
c317b5c0  ti_sysbios_family_c64p_Hwi_int14                                    
c317b5e0  ti_sysbios_family_c64p_Hwi_int15                                    
c317b600  emac_comm_dev0                                                      
c317b780  emac_comm_pcb0                                                      
c317b798  __CIOBUF_                                                           
c317d1c8  __TI_Handler_Table_Base                                             
c317d1d0  __TI_CINIT_Base                                                     
c317d1d0  __TI_Handler_Table_Limit                                            
c317d228  __TI_CINIT_Limit                                                    
ffffffff  __TI_pprof_out_hndl                                                 
ffffffff  __TI_prof_data_size                                                 
ffffffff  __TI_prof_data_start                                                
ffffffff  __binit__                                                           
ffffffff  __c_args__                                                          
ffffffff  binit                                                               
UNDEFED   __TI_INITARRAY_Base                                                 
UNDEFED   __TI_INITARRAY_Limit                                                
UNDEFED   __TI_TLS_INIT_Base                                                  
UNDEFED   __TI_TLS_INIT_Limit                                                 

[1827 symbols]
