******************************************************************************
               TMS320C6x Linker PC v8.2.3                      
******************************************************************************
>> Linked Wed Sep 12 15:41:23 2018

OUTPUT FILE NAME:   <McASP_Ethernet_test.out>
ENTRY POINT SYMBOL: "_c_int00"  address: c30c94a0


MEMORY CONFIGURATION

         name            origin    length      used     unused   attr    fill
----------------------  --------  ---------  --------  --------  ----  --------
  IROM                  11700000   00100000  00000000  00100000  R  X
  IRAM                  11800000   00040000  00000000  00040000  RW X
  L3_CBA_RAM            80000000   00020000  00000000  00020000  RW X
  DDR                   c3000000   01000000  0017e5dc  00e81a24  RWIX


SEGMENT ALLOCATION MAP

run origin  load origin   length   init length attrs members
----------  ----------- ---------- ----------- ----- -------
c3000000    c3000000    0007aaa0   00000000    rw-
  c3000000    c3000000    0007aa8a   00000000    rw- .far
  c307aa90    c307aa90    00000010   00000000    rw- .fardata.1
c307aaa0    c307aaa0    0005bfc0   0005bfc0    r-x
  c307aaa0    c307aaa0    0005bfc0   0005bfc0    r-x .text
c30d6a60    c30d6a60    00000020   00000000    rw-
  c30d6a60    c30d6a60    00000020   00000000    rw- .fardata.2
c30d6a80    c30d6a80    0009ad48   00000000    rw-
  c30d6a80    c30d6a80    00052b00   00000000    rw- .far:NDK_PACKETMEM
  c3129580    c3129580    00020244   00000000    rw- .fardata.3
  c31497c8    c31497c8    00020000   00000000    rw- .stack
  c31697c8    c31697c8    00008000   00000000    rw- systemHeap
c31717c8    c31717c8    000062ca   000062ca    r--
  c31717c8    c31717c8    000062ca   000062ca    r-- .const
c3177a98    c3177a98    00004400   00000000    rw-
  c3177a98    c3177a98    00004400   00000000    rw- .far:taskStackSection
c317be98    c317be98    00000588   00000588    r--
  c317be98    c317be98    00000588   00000588    r-- .switch
c317c420    c317c420    0000029c   00000000    rw-
  c317c420    c317c420    0000008c   00000000    rw- .bss
  c317c4ac    c317c4ac    00000210   00000000    rw- .neardata
c317c6bc    c317c6bc    00000054   00000000    r--
  c317c6bc    c317c6bc    00000054   00000000    r-- .rodata
c317c800    c317c800    00000200   00000200    r-x
  c317c800    c317c800    00000200   00000200    r-x .vecs
c317ca00    c317ca00    000002b8   00000000    rw-
  c317ca00    c317ca00    00000194   00000000    rw- emacComm
  c317cb98    c317cb98    00000120   00000000    rw- .cio
c317ccb8    c317ccb8    00001a28   00001a28    r--
  c317ccb8    c317ccb8    00001a28   00001a28    r-- .cinit


SECTION ALLOCATION MAP

 output                                  attributes/
section   page    origin      length       input sections
--------  ----  ----------  ----------   ----------------
.stack     0    c31497c8    00020000     UNINITIALIZED
                  c31497c8    00000008     boot.ae674 : boot.oe674 (.stack)
                  c31497d0    0001fff8     --HOLE--

.bss       0    c317c420    0000008c     UNINITIALIZED
                  c317c420    00000018     hal_timer_bios.ae674 : lltimer.oe674 (.bss)
                  c317c438    00000008     netctrl.ae674 : netctrl.oe674 (.bss)
                  c317c440    00000008     nettool.ae674 : daemon.oe674 (.bss)
                  c317c448    00000008     stk6_ppp_pppoe.ae674 : ip.oe674 (.bss)
                  c317c450    00000008                          : nimupppoe.oe674 (.bss)
                  c317c458    00000004     nettool.ae674 : ipaddr.oe674 (.bss)
                  c317c45c    00000004     stk6_ppp_pppoe.ae674 : ipv6_frag.oe674 (.bss)
                  c317c460    00000004                          : lli6.oe674 (.bss)
                  c317c464    00000004                          : rtable.oe674 (.bss)
                  c317c468    00000004     ti.drv.emac.ae674 : mdio.oe674 (.bss)
                  c317c46c    00000004     ti.transport.ndk.nimu.ae674 : nimu_eth.oe674 (.bss)
                  c317c470    00000004     (.common:_IGMPInDiscard)
                  c317c474    00000004     (.common:_IGMPInQuery)
                  c317c478    00000004     (.common:_IGMPInQueryGroup)
                  c317c47c    00000004     (.common:_IGMPInResponse)
                  c317c480    00000004     (.common:_IGMPOutResponse)
                  c317c484    00000004     (.common:dsp_num)
                  c317c488    00000004     (.common:hAicChannel)
                  c317c48c    00000004     (.common:hAicDev)
                  c317c490    00000004     (.common:hEdma)
                  c317c494    00000004     (.common:hMcaspDev)
                  c317c498    00000004     (.common:hMcaspRxChan)
                  c317c49c    00000004     (.common:hMcaspTxChan)
                  c317c4a0    00000004     (.common:region_id)
                  c317c4a4    00000004     (.common:semR)
                  c317c4a8    00000004     (.common:semT)

.neardata 
*          0    c317c4ac    00000210     UNINITIALIZED
                  c317c4ac    00000044     nettool.ae674 : httpstr.oe674 (.neardata)
                  c317c4f0    00000028     audio_sample_io.obj (.neardata)
                  c317c518    00000024     os.ae674 : mem.oe674 (.neardata)
                  c317c53c    00000020     helloWorld_omapl13x.obj (.neardata)
                  c317c55c    0000001c     netctrl.ae674 : netctrl.oe674 (.neardata)
                  c317c578    00000018     os.ae674 : task.oe674 (.neardata)
                  c317c590    00000018     ti.osal.ae674 : Utils_tirtos.oe674 (.neardata)
                  c317c5a8    00000014     stk6_ppp_pppoe.ae674 : rtable.oe674 (.neardata)
                  c317c5bc    00000010     codec_if.obj (.neardata)
                  c317c5cc    00000010     nettool.ae674 : daemon.oe674 (.neardata)
                  c317c5dc    00000010     stk6_ppp_pppoe.ae674 : bind6.oe674 (.neardata)
                  c317c5ec    00000010                          : igmp.oe674 (.neardata)
                  c317c5fc    0000000c                          : route6.oe674 (.neardata)
                  c317c608    00000008     edma3_lld_drv_sample.ae674 : sample_omapl138_int_reg.oe674 (.neardata)
                  c317c610    00000008     netctrl.ae674 : netsrv.oe674 (.neardata)
                  c317c618    00000008     stk6_ppp_pppoe.ae674 : exec.oe674 (.neardata)
                  c317c620    00000008                          : icmp.oe674 (.neardata)
                  c317c628    00000008                          : ip.oe674 (.neardata)
                  c317c630    00000008                          : ipin.oe674 (.neardata)
                  c317c638    00000008                          : ipv6_frag.oe674 (.neardata)
                  c317c640    00000008                          : lli.oe674 (.neardata)
                  c317c648    00000008                          : nimupppoe.oe674 (.neardata)
                  c317c650    00000008                          : rtc.oe674 (.neardata)
                  c317c658    00000008                          : tcp.oe674 (.neardata)
                  c317c660    00000008                          : tcp6.oe674 (.neardata)
                  c317c668    00000008                          : timer.oe674 (.neardata)
                  c317c670    00000008     ti.drv.emac.ae674 : emac_drv_v0.oe674 (.neardata)
                  c317c678    00000008     ti.drv.mcasp.ae674 : mcasp_drv.oe674 (.neardata)
                  c317c680    00000004     hal_timer_bios.ae674 : lltimer.oe674 (.neardata)
                  c317c684    00000004     nettool.ae674 : config.oe674 (.neardata)
                  c317c688    00000004                   : httpsend.oe674 (.neardata)
                  c317c68c    00000004     os.ae674 : efs.oe674 (.neardata)
                  c317c690    00000004     stk6_ppp_pppoe.ae674 : bind.oe674 (.neardata)
                  c317c694    00000004                          : ipfrag.oe674 (.neardata)
                  c317c698    00000004                          : lli6.oe674 (.neardata)
                  c317c69c    00000004                          : lliin.oe674 (.neardata)
                  c317c6a0    00000004                          : mld.oe674 (.neardata)
                  c317c6a4    00000004                          : node.oe674 (.neardata)
                  c317c6a8    00000004                          : pbm.oe674 (.neardata)
                  c317c6ac    00000004                          : sock6pcb.oe674 (.neardata)
                  c317c6b0    00000004                          : sockpcb.oe674 (.neardata)
                  c317c6b4    00000004     ti.drv.i2c.ae674 : I2C_drv.oe674 (.neardata)
                  c317c6b8    00000004     ti.drv.uart.ae674 : UART_drv.oe674 (.neardata)

.rodata    0    c317c6bc    00000054     UNINITIALIZED
                  c317c6bc    00000024     stk6_ppp_pppoe.ae674 : ipv6.oe674 (.rodata)
                  c317c6e0    00000010     os.ae674 : mem_data.oe674 (.rodata)
                  c317c6f0    0000000c     mcasp_ethernet_pe674.oe674 (.rodata)
                  c317c6fc    00000008     edma3_lld_drv_sample.ae674 : sample_omapl138_cfg.oe674 (.rodata)
                  c317c704    00000008     stk6_ppp_pppoe.ae674 : pbm_data.oe674 (.rodata)
                  c317c70c    00000004     edma3_lld_rm.ae674 : edma3_rm_gbl_data.oe674 (.rodata)

.cinit     0    c317ccb8    00001a28     
                  c317ccb8    0000185a     (.cinit..fardata.3.load) [load image, compression = rle]
                  c317e512    00000099     (.cinit..neardata.load) [load image, compression = rle]
                  c317e5ab    00000058     (.cinit..rodata.load) [load image, compression = rle]
                  c317e603    0000001e     (.cinit..fardata.2.load) [load image, compression = rle]
                  c317e621    00000016     (.cinit..fardata.1.load) [load image, compression = rle]
                  c317e637    0000000d     (.cinit..far.load) [load image, compression = rle]
                  c317e644    0000000d     (.cinit..far:NDK_PACKETMEM.load) [load image, compression = rle]
                  c317e651    0000000b     (.cinit..far:taskStackSection.load) [load image, compression = rle]
                  c317e65c    0000000b     (.cinit.emacComm.load) [load image, compression = rle]
                  c317e667    0000000b     (.cinit.systemHeap.load) [load image, compression = rle]
                  c317e672    00000009     (.cinit..bss.load) [load image, compression = rle]
                  c317e67b    00000001     --HOLE-- [fill = 0]
                  c317e67c    00000008     (__TI_handler_table)
                  c317e684    00000004     --HOLE-- [fill = 0]
                  c317e688    00000058     (__TI_cinit_table)

.init_array 
*          0    c3000000    00000000     UNINITIALIZED

.far       0    c3000000    0007aa8a     UNINITIALIZED
                  c3000000    00030d40     (.common:ti_sysbios_heaps_HeapMem_Instance_State_1_buf__A)
                  c3030d40    00030d40     (.common:ti_sysbios_heaps_HeapMem_Instance_State_2_buf__A)
                  c3061a80    0000c1c0     os.ae674 : mem_data.oe674 (.far:NDK_MMBUFFER)
                  c306dc40    0000b404     ti.drv.emac.ae674 : emac_drv_v0.oe674 (.far:EMAC_DRV)
                  c3079044    00000004     (.common:raweth_pcb)
                  c3079048    00000360     (.common:Mcasp_Instances)
                  c30793a8    000002d0     nettool.ae674 : daemon.oe674 (.far:drec)
                  c3079678    00000200     (.common:xdc_runtime_LoggerBuf_Instance_State_0_entryArr__A)
                  c3079878    00000200     (.common:xdc_runtime_SysMin_Module_State_0_outbuf__A)
                  c3079a78    00000198     (.common:UartObjects)
                  c3079c10    00000140     (.common:__TI_tmpnams)
                  c3079d50    00000100     stk6_ppp_pppoe.ae674 : igmp.oe674 (.far:igmp)
                  c3079e50    000000b8     (.common:tcp6_stats)
                  c3079f08    000000b8     (.common:tcps)
                  c3079fc0    000000b4     (.common:mcaspParams)
                  c307a074    000000b4     netctrl.ae674 : netsrv.oe674 (.far:ipcfgcopy)
                  c307a128    00000098     (.common:I2cObjects)
                  c307a1c0    00000088     (.common:Mcasp_loopDstBuf)
                  c307a248    00000088     (.common:Mcasp_loopSrcBuf)
                  c307a2d0    00000088     (.common:Mcasp_muteBuf)
                  c307a358    00000084     aic31.obj (.far:Aic31_Instances)
                  c307a3dc    00000068     (.common:ips)
                  c307a444    00000064     (.common:nimu_mcb)
                  c307a4a8    00000060     nettool.ae674 : daemon.oe674 (.far:pollitem)
                  c307a508    00000058     (.common:ipv6mcb)
                  c307a560    0000004c     (.common:_ICMPIn)
                  c307a5ac    00000004     --HOLE--
                  c307a5b0    0000004c     (.common:_ICMPOut)
                  c307a5fc    00000004     --HOLE--
                  c307a600    00000044     (.common:Mcasp_deviceInstInfo)
                  c307a644    00000004     --HOLE--
                  c307a648    00000040     (.common:rxFrame)
                  c307a688    00000040     (.common:txFrame)
                  c307a6c8    0000002c     ti.transport.ndk.nimu.ae674 : nimu_eth.oe674 (.far:emac_pkt_desc$0)
                  c307a6f4    00000028     (.common:vlan_mcb)
                  c307a71c    00000028     netctrl.ae674 : netsrv.oe674 (.far:oscfgcopy)
                  c307a744    00000024     (.common:params)
                  c307a768    00000024     (.common:udp6_stats)
                  c307a78c    00000024     (.common:udps)
                  c307a7b0    00000020     (.common:eb)
                  c307a7d0    0000001c     (.common:BlockCount)
                  c307a7ec    00000004     --HOLE--
                  c307a7f0    0000001c     (.common:BlockMax)
                  c307a80c    00000004     --HOLE--
                  c307a810    0000001c     (.common:PageCount)
                  c307a82c    00000004     --HOLE--
                  c307a830    0000001c     (.common:PageMax)
                  c307a84c    00000018     (.common:icmp6stats)
                  c307a864    00000018     (.common:stkEvent)
                  c307a87c    00000004     --HOLE--
                  c307a880    00000014     (.common:edma3_dma_ch_max_val)
                  c307a894    00000004     --HOLE--
                  c307a898    00000014     (.common:edma3_link_ch_max_val)
                  c307a8ac    00000004     --HOLE--
                  c307a8b0    00000014     (.common:edma3_link_ch_min_val)
                  c307a8c4    00000004     --HOLE--
                  c307a8c8    00000014     (.common:edma3_log_ch_max_val)
                  c307a8dc    00000004     --HOLE--
                  c307a8e0    00000014     (.common:edma3_qdma_ch_max_val)
                  c307a8f4    00000004     --HOLE--
                  c307a8f8    00000014     (.common:edma3_qdma_ch_min_val)
                  c307a90c    00000004     --HOLE--
                  c307a910    00000014     stk6_ppp_pppoe.ae674 : rtc.oe674 (.far:pfnHook)
                  c307a924    00000010     (.common:IPV6_ALL_NODES_ADDRESS)
                  c307a934    00000010     (.common:IPV6_ALL_ROUTER_ADDRESS)
                  c307a944    00000010     (.common:IPV6_HOST_MASK)
                  c307a954    00000010     (.common:IPV6_LINKLOCALMASK)
                  c307a964    00000010     (.common:IPV6_LOOPBACK_ADDRESS)
                  c307a974    00000010     (.common:IPV6_MULTICASTMASK)
                  c307a984    00000010     (.common:IPV6_UNSPECIFIED_ADDRESS)
                  c307a994    00000004     --HOLE--
                  c307a998    00000010     (.common:isrInstanceObject)
                  c307a9a8    00000010     (.common:raw6_stats)
                  c307a9b8    00000010     (.common:raweths)
                  c307a9c8    00000010     (.common:raws)
                  c307a9d8    00000010                          : igmp.oe674 (.far:igmpCount)
                  c307a9e8    0000000c     (.common:PBMQ_free)
                  c307a9f4    0000000c     (.common:tpseudo)
                  c307aa00    0000000c     (.common:upseudo)
                  c307aa0c    00000008     (.common:errCbStatusRcv)
                  c307aa14    00000008     (.common:errCbStatusXmt)
                  c307aa1c    00000004     --HOLE--
                  c307aa20    00000008     (.common:parmbuf)
                  c307aa28    00000008     (.common:rxbuf)
                  c307aa30    00000008     (.common:txbuf)
                  c307aa38    00000008     (.common:uart_stdio)
                  c307aa40    00000008     ti.drv.mcasp.ae674 : mcasp_drv.oe674 (.far:gHwiHandle$0)
                  c307aa48    00000004     (.common:Aic31_deviceInstInfo)
                  c307aa4c    00000004     --HOLE--
                  c307aa50    00000004     (.common:ti_sysbios_knl_Task_Instance_State_0_hookEnv__A)
                  c307aa54    00000004     --HOLE--
                  c307aa58    00000004     (.common:ti_sysbios_knl_Task_Instance_State_1_hookEnv__A)
                  c307aa5c    00000004     --HOLE--
                  c307aa60    00000004     (.common:ti_sysbios_knl_Task_Instance_State_2_hookEnv__A)
                  c307aa64    00000004     --HOLE--
                  c307aa68    00000004     (.common:ti_sysbios_knl_Task_Instance_State_3_hookEnv__A)
                  c307aa6c    00000004     --HOLE--
                  c307aa70    00000004     ti.transport.ndk.nimu.ae674 : nimu_eth.oe674 (.far:pPDI$0)
                  c307aa74    00000004     --HOLE--
                  c307aa78    00000003     (.common:slaveData)
                  c307aa7b    00000005     --HOLE--
                  c307aa80    00000002     (.common:inUse)
                  c307aa82    00000006     --HOLE--
                  c307aa88    00000002     aic31.obj (.far:inUse)

.fardata.1 
*          0    c307aa90    00000010     UNINITIALIZED
                  c307aa90    00000010     edma3_lld_rm.ae674 : edma3_rm_gbl_data.oe674 (.fardata:.edma3Globals:init)

.fardata.2 
*          0    c30d6a60    00000020     UNINITIALIZED
                  c30d6a60    00000020     ti.drv.emac.ae674 : emac_soc.oe674 (.fardata:EMACInitCfg)

.fardata.3 
*          0    c3129580    00020244     UNINITIALIZED
                  c3129580    0000df38     edma3_lld_drv.ae674 : edma3_drv_init.oe674 (.fardata:.edma3Globals:uninit)
                  c31374b8    00007998     edma3_lld_rm.ae674 : edma3resmgr.oe674 (.fardata:.edma3Globals:uninit)
                  c313ee50    000056e0                        : edma3_rm_gbl_data.oe674 (.fardata:.edma3Globals:uninit)
                  c3144530    00000e38                        : edma3_omapl138_cfg.oe674 (.fardata:edma3GblCfgParams)
                  c3145368    00000d20                        : edma3_omapl138_cfg.oe674 (.fardata:defInstInitConfig)
                  c3146088    00000b40     ti.osal.ae674 : SemaphoreP_tirtos.oe674 (.fardata:gOsalSemPTiRtosPool$0)
                  c3146bc8    00000a80     edma3_lld_drv_sample.ae674 : sample_omapl138_cfg.oe674 (.fardata:sampleInstInitConfig)
                  c3147648    000005b0                                : sample_omapl138_cfg.oe674 (.fardata:sampleEdma3GblCfgParams)
                  c3147bf8    00000500     ti.osal.ae674 : HwiP_tirtos.oe674 (.fardata:gOsalHwiPTiRtosPool$0)
                  c31480f8    00000400     mcasp_ethernet_pe674.oe674 (.fardata:ti_sysbios_family_c64p_EventCombiner_Module__state__V)
                  c31484f8    000001e0     rts6740_elf.lib : defs.obj (.fardata:_ftable)
                  c31486d8    00000130     mcasp_ethernet_pe674.oe674 (.fardata:ti_sysbios_knl_Task_Object__table__V)
                  c3148808    000000f0     mcasp_cfg.obj (.fardata:mcasp_chanparam)
                  c31488f8    000000f0     ti.drv.uart.ae674 : UART_soc.oe674 (.fardata:uartInitCfg)
                  c31489e8    000000b4     stk6_ppp_pppoe.ae674 : exec.oe674 (.fardata:_ipcfg)
                  c3148a9c    00000004     aic31.obj (.fardata:Aic31_module)
                  c3148aa0    000000a0     rts6740_elf.lib : write.obj (.fardata:_stream)
                  c3148b40    00000080     mcasp_ethernet_pe674.oe674 (.fardata:ti_sysbios_knl_Swi_Module_State_0_readyQ__A)
                  c3148bc0    00000080     mcasp_ethernet_pe674.oe674 (.fardata:ti_sysbios_knl_Task_Module_State_0_readyQ__A)
                  c3148c40    00000078     rts6740_elf.lib : write.obj (.fardata:_device)
                  c3148cb8    00000078     mcasp_ethernet_pe674.oe674 (.fardata:ti_sysbios_family_c64p_Hwi_Object__table__V)
                  c3148d30    0000006c     mcasp_ethernet_pe674.oe674 (.fardata:ti_sysbios_family_c64p_Hwi_Module__state__V)
                  c3148d9c    00000004     rts6740_elf.lib : _lock.obj (.fardata:_lock)
                  c3148da0    00000062     edma3_lld_rm.ae674 : edma3resmgr.oe674 (.fardata:.edma3Globals:init)
                  c3148e02    00000006     mcasp_ethernet_pe674.oe674 (.fardata:xdc_runtime_LoggerBuf_Module__state__V)
                  c3148e08    00000060     mcasp_ethernet_pe674.oe674 (.fardata:ti_sysbios_timers_timer64_Timer_Module_State_0_device__A)
                  c3148e68    00000050     stk6_ppp_pppoe.ae674 : exec.oe674 (.fardata:tasks)
                  c3148eb8    00000050     mcasp_ethernet_pe674.oe674 (.fardata:ti_sysbios_timers_timer64_Timer_Object__table__V)
                  c3148f08    0000004d     nettool.ae674 : dhcptags.oe674 (.fardata:DHCPTypeCode)
                  c3148f55    00000001     --HOLE--
                  c3148f56    00000002     edma3_lld_drv.ae674 : edma3_drv_init.oe674 (.fardata:.edma3Globals:init)
                  c3148f58    00000048     I2C_soc.obj (.fardata:i2cInitCfg)
                  c3148fa0    00000048     mcasp_ethernet_pe674.oe674 (.fardata:ti_sysbios_heaps_HeapMem_Object__table__V)
                  c3148fe8    00000044     mcasp_ethernet_pe674.oe674 (.fardata:ti_sysbios_knl_Task_Module__state__V)
                  c314902c    00000004     rts6740_elf.lib : _lock.obj (.fardata:_unlock)
                  c3149030    00000040     netctrl.ae674 : netsrv.oe674 (.fardata:CloseOrder)
                  c3149070    00000040                   : netsrv.oe674 (.fardata:OpenOrder)
                  c31490b0    00000040     stk6_ppp_pppoe.ae674 : md5.oe674 (.fardata:PADDING)
                  c31490f0    00000040     rts6740_elf.lib : cos.obj (.fardata:R$1)
                  c3149130    00000040                     : sin.obj (.fardata:R$1)
                  c3149170    00000040     edma3_lld_drv_sample.ae674 : sample_omapl138_cfg.oe674 (.fardata:ccXferCompInt)
                  c31491b0    00000040     nettool.ae674 : httpsend.oe674 (.fardata:codestr)
                  c31491f0    00000040     edma3_lld_drv_sample.ae674 : sample_omapl138_cfg.oe674 (.fardata:hwIntTcErr)
                  c3149230    00000040                                : sample_omapl138_cfg.oe674 (.fardata:tcErrorInt)
                  c3149270    00000040     mcasp_ethernet_pe674.oe674 (.fardata:ti_sysbios_gates_GateMutex_Object__table__V)
                  c31492b0    00000034     stk6_ppp_pppoe.ae674 : tcp6time.oe674 (.fardata:tcp_backoff)
                  c31492e4    00000004     rts6740_elf.lib : defs.obj (.fardata)
                  c31492e8    00000034     stk6_ppp_pppoe.ae674 : tcptime.oe674 (.fardata:tcp_backoff)
                  c314931c    00000030     mcasp_ethernet_pe674.oe674 (.fardata:ti_sysbios_family_c64p_Exception_Module__state__V)
                  c314934c    00000004     rts6740_elf.lib : errno.obj (.fardata)
                  c3149350    00000030     mcasp_ethernet_pe674.oe674 (.fardata:ti_sysbios_knl_Swi_Object__table__V)
                  c3149380    0000002c     ti.osal.ae674 : Utils_tirtos.oe674 (.fardata:gOsal_HwAttrs)
                  c31493ac    0000002c     mcasp_ethernet_pe674.oe674 (.fardata:ti_sysbios_knl_Clock_Module__state__V)
                  c31493d8    00000028     os.ae674 : ossys.oe674 (.fardata:_oscfg)
                  c3149400    00000028     mcasp_cfg.obj (.fardata:mcaspRcvSetup)
                  c3149428    00000028     mcasp_cfg.obj (.fardata:mcaspXmtSetup)
                  c3149450    00000024     mcasp_ethernet_pe674.oe674 (.fardata:ti_sysbios_BIOS_Module__state__V)
                  c3149474    00000004     mcasp_ethernet_pe674.oe674 (.fardata:ti_sysbios_family_c64p_Cache_Module__state__V)
                  c3149478    00000024     mcasp_ethernet_pe674.oe674 (.fardata:xdc_runtime_LoggerBuf_Object__table__V)
                  c314949c    00000004     mcasp_ethernet_pe674.oe674 (.fardata:ti_sysbios_family_c64p_primus_TimerSupport_Module__state__V)
                  c31494a0    00000020     rts6740_elf.lib : tan.obj (.fardata:Q$2)
                  c31494c0    00000020     stk6_ppp_pppoe.ae674 : rtc.oe674 (.fardata:pstrMsgName)
                  c31494e0    00000020     edma3_lld_drv_sample.ae674 : sample_omapl138_int_reg.oe674 (.fardata:ptrEdma3TcIsrHandler)
                  c3149500    00000020     mcasp_ethernet_pe674.oe674 (.fardata:ti_sysbios_io_DEV_Module_State_0_table__A)
                  c3149520    00000020     mcasp_ethernet_pe674.oe674 (.fardata:ti_sysbios_timers_timer64_Timer_Module_State_0_gctrl__A)
                  c3149540    00000020     mcasp_ethernet_pe674.oe674 (.fardata:ti_sysbios_timers_timer64_Timer_Module_State_0_handles__A)
                  c3149560    00000020     mcasp_ethernet_pe674.oe674 (.fardata:ti_sysbios_timers_timer64_Timer_Module_State_0_intFreqs__A)
                  c3149580    00000020     mcasp_ethernet_pe674.oe674 (.fardata:xdc_runtime_Error_IgnoreBlock)
                  c31495a0    00000020     mcasp_ethernet_pe674.oe674 (.fardata:xdc_runtime_System_Module_State_0_atexitHandlers__A)
                  c31495c0    0000001c     os.ae674 : mem_data.oe674 (.fardata:ti_ndk_config_Global_Id2Size)
                  c31495dc    0000001c     mcasp_ethernet_pe674.oe674 (.fardata:ti_sysbios_knl_Swi_Module__state__V)
                  c31495f8    00000018     rts6740_elf.lib : tan.obj (.fardata:P$1)
                  c3149610    00000018     ti.drv.emac.ae674 : mdio.oe674 (.fardata:PhyStateTimeout$0)
                  c3149628    00000018     helloWorld_omapl13x.obj (.fardata:TaskName)
                  c3149640    00000018     mcasp_ethernet_pe674.oe674 (.fardata:ti_sysbios_timers_timer64_Timer_Module__state__V)
                  c3149658    00000014     helloWorld_omapl13x.obj (.fardata:ReportStr)
                  c314966c    00000004     mcasp_ethernet_pe674.oe674 (.fardata:ti_sysbios_io_DEV_Module__state__V)
                  c3149670    00000014     helloWorld_omapl13x.obj (.fardata:StatusStr)
                  c3149684    00000004     mcasp_ethernet_pe674.oe674 (.fardata:xdc_runtime_Memory_Module__state__V)
                  c3149688    00000014     stk6_ppp_pppoe.ae674 : sock6pcb.oe674 (.fardata:pSockList)
                  c314969c    00000002     mcasp_ethernet_pe674.oe674 (.fardata:xdc_runtime_Error_Module__state__V)
                  c314969e    00000002     --HOLE--
                  c31496a0    00000014     stk6_ppp_pppoe.ae674 : sockpcb.oe674 (.fardata:pSockList)
                  c31496b4    00000010     audio_sample_io.obj (.fardata:AIC31_con8000)
                  c31496c4    0000000c     rts6740_elf.lib : exit.obj (.fardata)
                  c31496d0    0000000c     mcasp_ethernet_pe674.oe674 (.fardata:xdc_runtime_SysMin_Module__state__V)
                  c31496dc    00000004     --HOLE--
                  c31496e0    0000000b     stk6_ppp_pppoe.ae674 : tcp6out.oe674 (.fardata:tcp_outflags)
                  c31496eb    00000005     --HOLE--
                  c31496f0    0000000b                          : tcpout.oe674 (.fardata:tcp_outflags)
                  c31496fb    00000001     --HOLE--
                  c31496fc    00000008     ti.drv.mcasp.ae674 : mcasp_drv.oe674 (.fardata:Mcasp_module)
                  c3149704    00000004     --HOLE--
                  c3149708    00000008     ti.transport.ndk.nimu.ae674 : nimu_eth.oe674 (.fardata:NIMUDeviceTable)
                  c3149710    00000008     edma3_lld_drv_sample.ae674 : sample_omapl138_cfg.oe674 (.fardata:ccErrorInt)
                  c3149718    00000008                                : sample_omapl138_cfg.oe674 (.fardata:hwIntCcErr)
                  c3149720    00000008                                : sample_omapl138_cfg.oe674 (.fardata:hwIntXferComp)
                  c3149728    00000008                                : sample_omapl138_cfg.oe674 (.fardata:numEdma3Tc)
                  c3149730    00000008                                : sample_omapl138_cfg.oe674 (.fardata:semHandle)
                  c3149738    00000008     mcasp_ethernet_pe674.oe674 (.fardata:ti_sysbios_family_c64p_Hwi_Module__root__V)
                  c3149740    00000008     mcasp_ethernet_pe674.oe674 (.fardata:ti_sysbios_family_c64p_primus_TimerSupport_Module_State_0_suspSrc__A)
                  c3149748    00000008     mcasp_ethernet_pe674.oe674 (.fardata:ti_sysbios_gates_GateHwi_Module__root__V)
                  c3149750    00000008     mcasp_ethernet_pe674.oe674 (.fardata:ti_sysbios_gates_GateMutex_Module__root__V)
                  c3149758    00000008     mcasp_ethernet_pe674.oe674 (.fardata:ti_sysbios_hal_Hwi_Object__table__V)
                  c3149760    00000008     mcasp_ethernet_pe674.oe674 (.fardata:ti_sysbios_heaps_HeapMem_Module__root__V)
                  c3149768    00000008     mcasp_ethernet_pe674.oe674 (.fardata:ti_sysbios_knl_Clock_Module__root__V)
                  c3149770    00000008     mcasp_ethernet_pe674.oe674 (.fardata:ti_sysbios_knl_Queue_Module__root__V)
                  c3149778    00000008     mcasp_ethernet_pe674.oe674 (.fardata:ti_sysbios_knl_Semaphore_Module__root__V)
                  c3149780    00000008     mcasp_ethernet_pe674.oe674 (.fardata:ti_sysbios_knl_Task_Module__root__V)
                  c3149788    00000008     mcasp_ethernet_pe674.oe674 (.fardata:xdc_runtime_LoggerBuf_Module__root__V)
                  c3149790    00000008     mcasp_ethernet_pe674.oe674 (.fardata:xdc_runtime_Registry_Module__state__V)
                  c3149798    00000008     mcasp_ethernet_pe674.oe674 (.fardata:xdc_runtime_Startup_Module__state__V)
                  c31497a0    00000008     mcasp_ethernet_pe674.oe674 (.fardata:xdc_runtime_System_Module__state__V)
                  c31497a8    00000006     stk6_ppp_pppoe.ae674 : nimupppoe.oe674 (.fardata:MacBCast)
                  c31497ae    00000002     --HOLE--
                  c31497b0    00000006                          : lliout.oe674 (.fardata:bEtherBCast)
                  c31497b6    00000002     --HOLE--
                  c31497b8    00000004     mcasp_ethernet_pe674.oe674 (.fardata:ti_sysbios_gates_GateHwi_Object__table__V)
                  c31497bc    00000004     --HOLE--
                  c31497c0    00000004     mcasp_ethernet_pe674.oe674 (.fardata:ti_sysbios_knl_Task_Module_State_0_idleTask__A)

systemHeap 
*          0    c31697c8    00008000     UNINITIALIZED
                  c31697c8    00008000     mcasp_ethernet_pe674.oe674 (systemHeap)

.far:taskStackSection 
*          0    c3177a98    00004400     UNINITIALIZED
                  c3177a98    00004400     mcasp_ethernet_pe674.oe674 (.far:taskStackSection)

.vecs      0    c317c800    00000200     
                  c317c800    00000200     mcasp_ethernet_pe674.oe674 (.vecs)

emacComm   0    c317ca00    00000194     UNINITIALIZED
                  c317ca00    00000194     ti.drv.emac.ae674 : emac_drv_v0.oe674 (emacComm)

.far:NDK_PACKETMEM 
*          0    c30d6a80    00052b00     UNINITIALIZED
                  c30d6a80    00052b00     stk6_ppp_pppoe.ae674 : pbm_data.oe674 (.far:NDK_PACKETMEM)

xdc.meta   0    c3000000    00000108     COPY SECTION
                  c3000000    00000108     mcasp_ethernet_pe674.oe674 (xdc.meta)

.text      0    c307aaa0    0005bfc0     
                  c307aaa0    00001b60     aic31.obj (.text)
                  c307c600    00001540     ti.drv.mcasp.ae674 : mcasp_drv.oe674 (.text:mcaspCreateChan)
                  c307db40    00001460     stk6_ppp_pppoe.ae674 : tcp6in.oe674 (.text:TCP6Input)
                  c307efa0    00001460                          : tcpin.oe674 (.text:TcpInput)
                  c3080400    00001100     ti.drv.mcasp.ae674 : mcasp_edma.oe674 (.text:Mcasp_localEdmaChanPaRAMsetup)
                  c3081500    00000dc0     stk6_ppp_pppoe.ae674 : tcpout.oe674 (.text:TcpOutput)
                  c30822c0    00000d60                          : tcp6out.oe674 (.text:TCP6Output)
                  c3083020    00000c40     edma3_lld_rm.ae674 : edma3resmgr.oe674 (.text:EDMA3_RM_allocResource)
                  c3083c60    00000c20     edma3_lld_drv.ae674 : edma3_drv_basic.oe674 (.text:EDMA3_DRV_requestChannel)
                  c3084880    00000a60     stk6_ppp_pppoe.ae674 : md5.oe674 (.text:MD5Transform)
                  c30852e0    00000a40     ti.drv.i2c.ae674 : I2C_v0.oe674 (.text:I2C_v0_hwiFxn$0)
                  c3085d20    00000980     audio_sample_io.obj (.text)
                  c30866a0    000008e0     ti.drv.mcasp.ae674 : mcasp_edma.oe674 (.text:Mcasp_localEdmaCallback)
                  c3086f80    000008a0     ti.targets.rts6000.ae674 : System.oe674 (.text:xdc_runtime_System_doPrint__I)
                  c3087820    00000860     nettool.ae674 : httpclie.oe674 (.text:httpClientProcess)
                  c3088080    00000840     ti.drv.emac.ae674 : emac.oe674 (.text:EMAC_coreInit)
                  c30888c0    00000820                       : mdio.oe674 (.text:MDIO_timerTick)
                  c30890e0    000007c0     nettool.ae674 : httpsend.oe674 (.text:SetContentType)
                  c30898a0    000007c0     sysbios.ae674 : BIOS.obj (.text:ti_sysbios_knl_Semaphore_pend__E)
                  c308a060    00000780                   : BIOS.obj (.text:ti_sysbios_family_c64p_Exception_handler__I)
                  c308a7e0    00000700     ti.drv.emac.ae674 : emac_drv_v0.oe674 (.text:emac_init)
                  c308aee0    00000700     sysbios.ae674 : BIOS.obj (.text:ti_sysbios_knl_Task_Instance_finalize__E)
                  c308b5e0    000006e0     edma3_lld_rm.ae674 : edma3resmgr.oe674 (.text:edma3CCErrHandler)
                  c308bcc0    000006e0     sysbios.ae674 : BIOS.obj (.text:ti_sysbios_timers_timer64_Timer_Module_startup__E)
                  c308c3a0    000006c0     ti.drv.uart.ae674 : UART_v0.oe674 (.text:UART_v0_hwiIntFxn$0)
                  c308ca60    000006c0     stk6_ppp_pppoe.ae674 : lcp.oe674 (.text:lcpInput)
                  c308d120    000006a0                          : ipout.oe674 (.text:IPTxPacket)
                  c308d7c0    00000680     edma3_lld_rm.ae674 : edma3resmgr.oe674 (.text:EDMA3_RM_open)
                  c308de40    00000680     stk6_ppp_pppoe.ae674 : ipin.oe674 (.text:IPRxPacket)
                  c308e4c0    00000660     ti.drv.emac.ae674 : emac.oe674 (.text:EMAC_RxServiceCheck)
                  c308eb20    00000660                       : emac.oe674 (.text:EMAC_commonInit)
                  c308f180    00000660                       : emac.oe674 (.text:EMAC_coreDeInit)
                  c308f7e0    00000640     ti.drv.i2c.ae674 : I2C_v0.oe674 (.text:I2C_primeTransfer_v0$0)
                  c308fe20    00000640     ti.drv.uart.ae674 : UART_stdio.oe674 (.text:UART_printf)
                  c3090460    00000640     aic3106_if.obj (.text)
                  c3090aa0    00000640     sysbios.ae674 : BIOS.obj (.text:ti_sysbios_heaps_HeapMem_allocUnprotected__E)
                  c30910e0    000005c0     rts6740_elf.lib : divd.obj (.text:__c6xabi_divd)
                  c30916a0    000005c0     ti.drv.mcasp.ae674 : mcasp_drv.oe674 (.text:mcaspBindDev)
                  c3091c60    000005a0     sysbios.ae674 : BIOS.obj (.text:ti_sysbios_heaps_HeapMem_freeUnprotected__E)
                  c3092200    00000580     helloWorld_omapl13x.obj (.text)
                  c3092780    00000560     ti.drv.emac.ae674 : emac.oe674 (.text:EMAC_TxServiceCheck)
                  c3092ce0    00000560     stk6_ppp_pppoe.ae674 : icmpv6_ndisc.oe674 (.text:ICMPv6RecvRA)
                  c3093240    00000560     ti.drv.mcasp.ae674 : mcasp_drv.oe674 (.text:Mcasp_localAbortReset)
                  c30937a0    00000560                        : mcasp_drv.oe674 (.text:mcaspIsrOutput)
                  c3093d00    00000520                        : mcasp_drv.oe674 (.text:mcaspIsrInput)
                  c3094220    000004e0                        : mcasp_edma.oe674 (.text:Mcasp_localGetIndicesSyncType)
                  c3094700    000004e0     stk6_ppp_pppoe.ae674 : ipcp.oe674 (.text:ipcpInput)
                  c3094be0    000004c0     edma3_lld_rm.ae674 : edma3resmgr.oe674 (.text:edma3TCErrHandler)
                  c30950a0    000004c0     sysbios.ae674 : BIOS.obj (.text:ti_sysbios_knl_Task_sleep__E)
                  c3095560    000004a0     stk6_ppp_pppoe.ae674 : fileuser.oe674 (.text:fdPoll)
                  c3095a00    00000480                          : sock.oe674 (.text:SockSet)
                  c3095e80    00000480     sysbios.ae674 : BIOS.obj (.text:ti_sysbios_knl_Task_setPri__E)
                  c3096300    00000460     ti.board.ae674 : lcdkOMAPL138_pinmux.oe674 (.text:Board_pinmuxConfig)
                  c3096760    00000440     edma3_lld_rm.ae674 : edma3resmgr.oe674 (.text:EDMA3_RM_freeResource)
                  c3096ba0    00000440     ti.drv.i2c.ae674 : I2C_v0.oe674 (.text:I2C_open_v0$0)
                  c3096fe0    00000440     ti.drv.uart.ae674 : UART_v0.oe674 (.text:UART_open_v0$0)
                  c3097420    00000420     stk6_ppp_pppoe.ae674 : ipfrag.oe674 (.text:IPReasm)
                  c3097840    00000420     ti.drv.mcasp.ae674 : mcasp_edma.oe674 (.text:Mcasp_localUpdtDtPktToLnkPrms)
                  c3097c60    00000420     ti.drv.uart.ae674 : UART_v0.oe674 (.text:UART_write2_v0$0)
                  c3098080    00000420     sysbios.ae674 : BIOS.obj (.text:ti_sysbios_knl_Task_Instance_init__E)
                  c30984a0    00000400     edma3_lld_rm.ae674 : edma3resmgr.oe674 (.text:EDMA3_RM_create)
                  c30988a0    00000400     ti.drv.uart.ae674 : UART_v0.oe674 (.text:UART_read2_v0$0)
                  c3098ca0    000003e0     stk6_ppp_pppoe.ae674 : route6.oe674 (.text:Rt6Create)
                  c3099080    000003e0     rts6740_elf.lib : fputs.obj (.text:fputs)
                  c3099460    000003e0     stk6_ppp_pppoe.ae674 : nimupppoe.oe674 (.text:pppoeInputS)
                  c3099840    000003c0     ti.drv.emac.ae674 : emac_drv_v0.oe674 (.text:EMAC_open_v0$0)
                  c3099c00    000003c0     stk6_ppp_pppoe.ae674 : sock6.oe674 (.text:Sock6Connect)
                  c3099fc0    000003c0                          : sock.oe674 (.text:SockGet)
                  c309a380    000003c0                          : nimuppp.oe674 (.text:pppEvent)
                  c309a740    000003c0     udp_hello.obj (.text)
                  c309ab00    000003a0     ti.drv.emac.ae674 : emac.oe674 (.text:EMAC_sendPacket)
                  c309aea0    000003a0     stk6_ppp_pppoe.ae674 : icmpin.oe674 (.text:ICMPInput)
                  c309b240    000003a0     ti.drv.mcasp.ae674 : mcasp_drv.oe674 (.text:Mcasp_localConfigXmtSection)
                  c309b5e0    000003a0     stk6_ppp_pppoe.ae674 : sock6.oe674 (.text:Sock6Set)
                  c309b980    000003a0                          : auth.oe674 (.text:chapInput)
                  c309bd20    000003a0     ti.drv.mcasp.ae674 : mcasp_drv.oe674 (.text:mcaspDeleteChan)
                  c309c0c0    00000380     stk6_ppp_pppoe.ae674 : bind6.oe674 (.text:Bind6New)
                  c309c440    00000380                          : udp.oe674 (.text:UdpInput)
                  c309c7c0    00000380     ti.drv.mcasp.ae674 : mcasp_drv.oe674 (.text:mcaspRegisterInt)
                  c309cb40    00000380     stk6_ppp_pppoe.ae674 : nimuppp.oe674 (.text:pppNew)
                  c309cec0    00000380     nettool.ae674 : telnetd.oe674 (.text:telnet_netdata)
                  c309d240    00000360     stk6_ppp_pppoe.ae674 : ipv6.oe674 (.text:IPv6IPAddressToString)
                  c309d5a0    00000360     ti.drv.mcasp.ae674 : mcasp_drv.oe674 (.text:Mcasp_localSetupHwInfo)
                  c309d900    00000360     stk6_ppp_pppoe.ae674 : sock6.oe674 (.text:Sock6Recv)
                  c309dc60    00000360                          : fileuser.oe674 (.text:fdSelect)
                  c309dfc0    00000360     nettool.ae674 : httpsend.oe674 (.text:httpSendStatusLine)
                  c309e320    00000340     stk6_ppp_pppoe.ae674 : lliin.oe674 (.text:LLIRxPacket)
                  c309e660    00000340     ti.drv.mcasp.ae674 : mcasp_drv.oe674 (.text:Mcasp_localConfigRcvSection)
                  c309e9a0    00000340     stk6_ppp_pppoe.ae674 : sock.oe674 (.text:SockRecv)
                  c309ece0    00000340     edma3_lld_rm.ae674 : edma3resmgr.oe674 (.text:edma3ComplHandler)
                  c309f020    00000320     edma3_lld_drv.ae674 : edma3_drv_basic.oe674 (.text:EDMA3_DRV_freeChannel)
                  c309f340    00000320     codec_if.obj (.text)
                  c309f660    00000320     rts6740_elf.lib : cos.obj (.text:cos)
                  c309f980    00000320     os.ae674 : efs.oe674 (.text:efs_filecheck)
                  c309fca0    00000320     stk6_ppp_pppoe.ae674 : nimupppoe.oe674 (.text:pppoeInputC)
                  c309ffc0    00000320     rts6740_elf.lib : tan.obj (.text:tan)
                  c30a02e0    00000320     sysbios.ae674 : BIOS.obj (.text:ti_sysbios_timers_timer64_Timer_deviceConfig__I)
                  c30a0600    00000300     stk6_ppp_pppoe.ae674 : ipv6out.oe674 (.text:IPv6TxPacket)
                  c30a0900    00000300                          : lli6.oe674 (.text:LLI6TimerCheck)
                  c30a0c00    00000300     edma3_lld_drv.ae674 : edma3_drv_init.oe674 (.text:edma3OpenResMgr)
                  c30a0f00    00000300     mcasp_soc.obj (.text)
                  c30a1200    000002e0     ti.board.ae674 : lcdkOMAPL138_pll.oe674 (.text:Board_CorePLLConfig)
                  c30a14e0    000002e0     ti.transport.ndk.nimu.ae674 : nimu_eth.oe674 (.text:Emacioctl$0)
                  c30a17c0    000002e0     stk6_ppp_pppoe.ae674 : sock6.oe674 (.text:Sock6Get)
                  c30a1aa0    000002e0                          : sock.oe674 (.text:SockNew)
                  c30a1d80    000002e0     nettool.ae674 : daemon.oe674 (.text:daemon)
                  c30a2060    000002e0     rts6740_elf.lib : sin.obj (.text:sin)
                  c30a2340    000002e0     sysbios.ae674 : BIOS.obj (.text:ti_sysbios_knl_Task_exit__E)
                  c30a2620    000002c0     edma3_lld_drv.ae674 : edma3_drv_basic.oe674 (.text:EDMA3_DRV_disableTransfer)
                  c30a28e0    000002c0                         : edma3_drv_init.oe674 (.text:EDMA3_DRV_open)
                  c30a2ba0    000002c0     stk6_ppp_pppoe.ae674 : sock6.oe674 (.text:Sock6New)
                  c30a2e60    000002c0     edma3_lld_drv.ae674 : edma3_drv_basic.oe674 (.text:edma3RemoveMapping)
                  c30a3120    000002c0     ti.drv.mcasp.ae674 : mcasp_drv.oe674 (.text:mcaspSubmitReq)
                  c30a33e0    000002c0     sysbios.ae674 : BIOS.obj (.text:ti_sysbios_heaps_HeapMem_Instance_init__E)
                  c30a36a0    000002c0                   : BIOS.obj (.text:ti_sysbios_knl_Clock_Instance_init__E)
                  c30a3960    000002c0     ti.targets.rts6000.ae674 : LoggerBuf.oe674 (.text:xdc_runtime_LoggerBuf_write8__E)
                  c30a3c20    000002a0     ti.board.ae674 : lcdkOMAPL138_pll.oe674 (.text:Board_DDRPLLConfig)
                  c30a3ec0    000002a0     stk6_ppp_pppoe.ae674 : igmp.oe674 (.text:IGMPInput)
                  c30a4160    000002a0     ti.drv.mcasp.ae674 : mcasp_drv.oe674 (.text:Mcasp_localLoadPktToEdma)
                  c30a4400    000002a0     sysbios.ae674 : BIOS.obj (.text:ti_sysbios_knl_Clock_workFunc__E)
                  c30a46a0    00000280     edma3_lld_drv.ae674 : edma3_drv_init.oe674 (.text:EDMA3_DRV_create)
                  c30a4920    00000280                         : edma3_drv_basic.oe674 (.text:EDMA3_DRV_enableTransfer)
                  c30a4ba0    00000280     stk6_ppp_pppoe.ae674 : icmpv6_ndisc.oe674 (.text:ICMPv6RecvRedirect)
                  c30a4e20    00000280                          : ipv6_frag.oe674 (.text:IPv6TxFragPacket)
                  c30a50a0    00000280                          : nimu.oe674 (.text:NIMUIoctl)
                  c30a5320    00000280                          : sock6pcb.oe674 (.text:Sock6PcbResolve)
                  c30a55a0    00000280                          : tcp6.oe674 (.text:TCP6TimeoutCheck)
                  c30a5820    00000280                          : tcp.oe674 (.text:TcpTimeoutCheck)
                  c30a5aa0    00000280     os.ae674 : mem.oe674 (.text:mmAlloc)
                  c30a5d20    00000280     sysbios.ae674 : BIOS.obj (.text:ti_sysbios_family_c64p_Cache_Module_startup__E)
                  c30a5fa0    00000280                   : BIOS.obj (.text:ti_sysbios_knl_Semaphore_post__E)
                  c30a6220    00000280                   : BIOS.obj (.text:ti_sysbios_knl_Task_postInit__I)
                  c30a64a0    00000260     ti.drv.emac.ae674 : emac_drv_v0.oe674 (.text:EMAC_poll_v0$0)
                  c30a6700    00000260                       : emac_drv_v0.oe674 (.text:EMAC_send_v0$0)
                  c30a6960    00000260                       : emac.oe674 (.text:EMAC_setMulticast)
                  c30a6bc0    00000260     stk6_ppp_pppoe.ae674 : icmpv6_ndisc.oe674 (.text:ICMPv6RecvNS)
                  c30a6e20    00000260                          : nimupppoe.oe674 (.text:SendServerMsg)
                  c30a7080    00000260                          : sock.oe674 (.text:SockConnect)
                  c30a72e0    00000260                          : sockpcb.oe674 (.text:SockPcbResolve)
                  c30a7540    00000260     rts6740_elf.lib : imath64.obj (.text:__c6xabi_divull)
                  c30a77a0    00000260     sysbios.ae674 : BIOS.obj (.text:ti_sysbios_family_c64p_Cache_block__I)
                  c30a7a00    00000260                   : BIOS.obj (.text:ti_sysbios_family_c64p_Hwi_dispatchCore__I)
                  c30a7c60    00000260     ti.targets.rts6000.ae674 : Startup.oe674 (.text:xdc_runtime_Startup_startMods__I)
                  c30a7ec0    00000240     ti.board.ae674 : lcdkOMAPL138_clock.oe674 (.text:Board_moduleClockEnable)
                  c30a8100    00000240     ti.transport.ndk.nimu.ae674 : nimu_eth.oe674 (.text:EMACInit_Core$0)
                  c30a8340    00000240     stk6_ppp_pppoe.ae674 : icmpv6in.oe674 (.text:ICMPv6RxPacket)
                  c30a8580    00000240                          : sb.oe674 (.text:SBRead)
                  c30a87c0    00000240                          : sock6pcb.oe674 (.text:Sock6PcbBind)
                  c30a8a00    00000240                          : udp6.oe674 (.text:Udp6Input)
                  c30a8c40    00000240                          : auth.oe674 (.text:papInput)
                  c30a8e80    00000240     sysbios.ae674 : BIOS.obj (.text:ti_sysbios_family_c64p_EventCombiner_dispatch__E)
                  c30a90c0    00000240                   : BIOS.obj (.text:ti_sysbios_family_c64p_Exception_internalHandler__I)
                  c30a9300    00000240                   : BIOS.obj (.text:ti_sysbios_knl_Task_schedule__I)
                  c30a9540    00000240                   : BIOS.obj (.text:ti_sysbios_timers_timer64_Timer_setPeriodMicroSecs__E)
                  c30a9780    00000240     ti.targets.rts6000.ae674 : Core-mem.oe674 (.text:xdc_runtime_Core_createObject__I)
                  c30a99c0    00000240     mcasp_ethernet_pe674.oe674 (.text:xdc_runtime_System_printfExtend__I)
                  c30a9c00    00000220     ti.drv.i2c.ae674 : I2C_v0.oe674 (.text:I2C_transfer_v0$0)
                  c30a9e20    00000220     stk6_ppp_pppoe.ae674 : icmpv6out.oe674 (.text:ICMPv6SendDstUnreachable)
                  c30aa040    00000220                          : icmpv6out.oe674 (.text:ICMPv6SendParameterProblem)
                  c30aa260    00000220                          : icmpv6out.oe674 (.text:ICMPv6SendTimeExceeded)
                  c30aa480    00000220                          : ipv6_frag.oe674 (.text:IPv6FragReasm)
                  c30aa6a0    00000220                          : lliout.oe674 (.text:LLITxIpPacket)
                  c30aa8c0    00000220                          : node.oe674 (.text:NodeAdd)
                  c30aaae0    00000220                          : route.oe674 (.text:RtCreate)
                  c30aad00    00000220                          : sock6.oe674 (.text:Sock6Close)
                  c30aaf20    00000220     nettool.ae674 : inetaddr.oe674 (.text:inet_aton)
                  c30ab140    00000220     stk6_ppp_pppoe.ae674 : nimupppoe.oe674 (.text:pppoeSI)
                  c30ab360    00000220     rts6740_elf.lib : setvbuf.obj (.text:setvbuf)
                  c30ab580    00000220     sysbios.ae674 : BIOS.obj (.text:ti_sysbios_family_c64p_Hwi_reconfig__E)
                  c30ab7a0    00000220                   : BIOS.obj (.text:ti_sysbios_knl_Swi_run__I)
                  c30ab9c0    00000200     nettool.ae674 : config.oe674 (.text:CfgAddEntry)
                  c30abbc0    00000200                   : dhcpmain.oe674 (.text:DHCPOpen)
                  c30abdc0    00000200     edma3_lld_drv.ae674 : edma3_drv_adv.oe674 (.text:EDMA3_DRV_getPaRAMField)
                  c30abfc0    00000200     stk6_ppp_pppoe.ae674 : icmpv6_ndisc.oe674 (.text:ICMPv6SendNS)
                  c30ac1c0    00000200                          : ipv6_frag.oe674 (.text:IPv6FragQEnqueueFrag)
                  c30ac3c0    00000200     netctrl.ae674 : netctrl.oe674 (.text:NC_NetStart)
                  c30ac5c0    00000200                   : netctrl.oe674 (.text:NetScheduler)
                  c30ac7c0    00000200     stk6_ppp_pppoe.ae674 : rtable.oe674 (.text:RtFind)
                  c30ac9c0    00000200     ti.osal.ae674 : SemaphoreP_tirtos.oe674 (.text:SemaphoreP_create)
                  c30acbc0    00000200     stk6_ppp_pppoe.ae674 : sock6int.oe674 (.text:Sock6Notify)
                  c30acdc0    00000200                          : sock6.oe674 (.text:Sock6Send)
                  c30acfc0    00000200                          : sock.oe674 (.text:SockClose)
                  c30ad1c0    00000200                          : sockint.oe674 (.text:SockNotify)
                  c30ad3c0    00000200                          : sockpcb.oe674 (.text:SockPcbBind)
                  c30ad5c0    00000200                          : sock.oe674 (.text:SockSend)
                  c30ad7c0    00000200     ti.drv.uart.ae674 : UART_v0.oe674 (.text:UART_readPolling_v0$0)
                  c30ad9c0    00000200     sysbios.ae674 : c64p_Hwi_disp_always.obj (.text:_ti_sysbios_family_c64p_Hwi_dispatchAlways)
                  c30adbc0    00000200     ti.drv.mcasp.ae674 : mcasp_drv.oe674 (.text:mcaspBitSetGblRCtl)
                  c30addc0    00000200                        : mcasp_drv.oe674 (.text:mcaspBitSetGblXCtl)
                  c30adfc0    00000200     nettool.ae674 : telnetd.oe674 (.text:telnet_engine)
                  c30ae1c0    00000200     sysbios.ae674 : BIOS.obj (.text:ti_sysbios_family_c64p_EventCombiner_dispatchPlug__E)
                  c30ae3c0    00000200                   : BIOS.obj (.text:ti_sysbios_io_DEV_Module_startup__E)
                  c30ae5c0    00000200                   : BIOS.obj (.text:ti_sysbios_knl_Task_startCore__E)
                  c30ae7c0    00000200     ti.targets.rts6000.ae674 : Error.oe674 (.text:xdc_runtime_Error_policyDefault__E)
                  c30ae9c0    000001e0     stk6_ppp_pppoe.ae674 : bind6.oe674 (.text:Bind6RunDAD)
                  c30aeba0    000001e0                          : bind.oe674 (.text:BindNew)
                  c30aed80    000001e0     ti.board.ae674 : lcdkOMAPL138_clock.oe674 (.text:Board_moduleClockSyncReset)
                  c30aef60    000001e0     nettool.ae674 : daemon.oe674 (.text:DaemonNew)
                  c30af140    000001e0     ti.osal.ae674 : HwiP_tirtos.oe674 (.text:HwiP_create)
                  c30af320    000001e0     stk6_ppp_pppoe.ae674 : icmp.oe674 (.text:ICMPGenPacket)
                  c30af500    000001e0                          : route6.oe674 (.text:Rt6Find)
                  c30af6e0    000001e0                          : route6.oe674 (.text:Rt6Free)
                  c30af8c0    000001e0                          : sb6.oe674 (.text:SB6Read)
                  c30afaa0    000001e0                          : nimupppoe.oe674 (.text:SendClientMsg)
                  c30afc80    000001e0                          : sock6pcb.oe674 (.text:Sock6PcbFind)
                  c30afe60    000001e0     ti.drv.uart.ae674 : UART_stdio.oe674 (.text:UART_convertVal$0)
                  c30b0040    000001e0     sysbios.ae674 : BIOS.obj (.text:ti_sysbios_gates_GateMutex_enter__E)
                  c30b0220    000001e0     ti.targets.rts6000.ae674 : LoggerBuf.oe674 (.text:xdc_runtime_LoggerBuf_write4__E)
                  c30b0400    000001e0                              : Text.oe674 (.text:xdc_runtime_Text_putSite__E)
                  c30b05e0    000001c0     edma3_lld_drv.ae674 : edma3_drv_adv.oe674 (.text:EDMA3_DRV_linkChannel)
                  c30b07a0    000001c0     stk6_ppp_pppoe.ae674 : icmpv6_ndisc.oe674 (.text:ICMPv6SendNA)
                  c30b0960    000001c0                          : lli6.oe674 (.text:LLI6TxIPPacket)
                  c30b0b20    000001c0     ti.drv.mcasp.ae674 : mcasp_drv.oe674 (.text:Mcasp_localCancelAndAbortAllIo)
                  c30b0ce0    000001c0     stk6_ppp_pppoe.ae674 : raw6.oe674 (.text:Raw6Output)
                  c30b0ea0    000001c0                          : rawethsock.oe674 (.text:RawEthSockGet)
                  c30b1060    000001c0                          : tcp6out.oe674 (.text:TCP6GenPacket)
                  c30b1220    000001c0                          : udp.oe674 (.text:UdpOutput)
                  c30b13e0    000001c0     nettool.ae674 : dhcppkt.oe674 (.text:dhcpPacketProcess)
                  c30b15a0    000001c0     edma3_lld_rm.ae674 : edma3resmgr.oe674 (.text:edma3ShadowRegionInit)
                  c30b1760    000001c0     nettool.ae674 : httppars.oe674 (.text:httpParseRecv)
                  c30b1920    000001c0     nimu_osal_omapl13x.obj (.text)
                  c30b1ae0    000001c0     sysbios.ae674 : BIOS.obj (.text:ti_sysbios_knl_Task_checkStacks__E)
                  c30b1ca0    000001c0                   : BIOS.obj (.text:ti_sysbios_timers_timer64_Timer_getFreq__E)
                  c30b1e60    000001a0     stk6_ppp_pppoe.ae674 : bind6.oe674 (.text:Bind6Free)
                  c30b2000    000001a0     ti.transport.ndk.nimu.ae674 : nimu_eth.oe674 (.text:EmacRxPkt$0)
                  c30b21a0    000001a0     rts6740_elf.lib : hostrename.obj (.text:HOSTrename)
                  c30b2340    000001a0     stk6_ppp_pppoe.ae674 : icmpv6in.oe674 (.text:ICMPv6RecvEchoRequest)
                  c30b24e0    000001a0                          : icmpv6_ndisc.oe674 (.text:ICMPv6RecvNA)
                  c30b2680    000001a0                          : igmp.oe674 (.text:IGMPSendReply)
                  c30b2820    000001a0     ti.drv.mcasp.ae674 : mcasp_drv.oe674 (.text:Mcasp_localCollectRcvErrorStats)
                  c30b29c0    000001a0                        : mcasp_drv.oe674 (.text:Mcasp_localCollectXmtErrorStats)
                  c30b2b60    000001a0                        : mcasp_edma.oe674 (.text:Mcasp_localSetupEdmaDuringOpen)
                  c30b2d00    000001a0     stk6_ppp_pppoe.ae674 : raw.oe674 (.text:RawInput)
                  c30b2ea0    000001a0                          : route6.oe674 (.text:Rt6Modify)
                  c30b3040    000001a0                          : sock6.oe674 (.text:Sock6Status)
                  c30b31e0    000001a0                          : sock.oe674 (.text:SockStatus)
                  c30b3380    000001a0                          : tcp6prot.oe674 (.text:TCP6PrSetOption)
                  c30b3520    000001a0                          : tcpprot.oe674 (.text:TcpPrSetOption)
                  c30b36c0    000001a0                          : tcptime.oe674 (.text:TcpTimeoutRexmt)
                  c30b3860    000001a0                          : udp6.oe674 (.text:Udp6Output)
                  c30b3a00    000001a0     nettool.ae674 : dhcpsm.oe674 (.text:dhcpIPAdd)
                  c30b3ba0    000001a0     edma3_lld_drv_sample.ae674 : sample_init.oe674 (.text:edma3init)
                  c30b3d40    000001a0     stk6_ppp_pppoe.ae674 : lcp.oe674 (.text:lcpSendCfg)
                  c30b3ee0    000001a0     ti.drv.mcasp.ae674 : mcasp_drv.oe674 (.text:mcaspSubmitChan)
                  c30b4080    000001a0     stk6_ppp_pppoe.ae674 : nimuppp.oe674 (.text:pppInput)
                  c30b4220    000001a0     sysbios.ae674 : BIOS.obj (.text:ti_sysbios_family_c64p_Cache_getL2InitSize__I)
                  c30b43c0    000001a0                   : BIOS.obj (.text:ti_sysbios_knl_Task_unblockI__E)
                  c30b4560    000001a0                   : BIOS.obj (.text:ti_sysbios_timers_timer64_Timer_start__E)
                  c30b4700    000001a0     ti.targets.rts6000.ae674 : Core-smem.oe674 (.text:xdc_runtime_Core_constructObject__I)
                  c30b48a0    00000180     ti.board.ae674 : lcdkOMAPL138_ddr.oe674 (.text:Board_DDR3Init)
                  c30b4a20    00000180     edma3_lld_drv.ae674 : edma3_drv_adv.oe674 (.text:EDMA3_DRV_getPaRAM)
                  c30b4ba0    00000180     edma3_lld_rm.ae674 : edma3resmgr.oe674 (.text:EDMA3_RM_registerTccCb)
                  c30b4d20    00000180                        : edma3resmgr.oe674 (.text:EDMA3_RM_unregisterTccCb)
                  c30b4ea0    00000180     ti.drv.emac.ae674 : emac_drv_v0.oe674 (.text:EMAC_config_v0$0)
                  c30b5020    00000180                       : emac.oe674 (.text:EMAC_setReceiveFilter)
                  c30b51a0    00000180     stk6_ppp_pppoe.ae674 : ipv6_exthdrs.oe674 (.text:IPv6ParseExtnHeaders)
                  c30b5320    00000180                          : ipv6_frag.oe674 (.text:IPv6ParseFragHdr)
                  c30b54a0    00000180                          : lli6.oe674 (.text:LLI6NeighUnreachStateMachine)
                  c30b5620    00000180                          : lli6.oe674 (.text:LLI6New)
                  c30b57a0    00000180     ti.drv.mcasp.ae674 : mcasp_drv.oe674 (.text:Mcasp_localEdmaProcessPkt)
                  c30b5920    00000180     stk6_ppp_pppoe.ae674 : rawethsock.oe674 (.text:RawEthSockSet)
                  c30b5aa0    00000180                          : sb6.oe674 (.text:SB6Write)
                  c30b5c20    00000180                          : sb.oe674 (.text:SBWrite)
                  c30b5da0    00000180                          : sockint.oe674 (.text:SockCreatePacket)
                  c30b5f20    00000180                          : sock.oe674 (.text:SockRecvNC)
                  c30b60a0    00000180                          : tcp6time.oe674 (.text:TCP6TimeoutRexmt)
                  c30b6220    00000180                          : tcpout.oe674 (.text:TcpGenPacket)
                  c30b63a0    00000180     nettool.ae674 : dhcpsm.oe674 (.text:dhcpState)
                  c30b6520    00000180     edma3_lld_rm.ae674 : edma3resmgr.oe674 (.text:edma3GlobalRegionInit)
                  c30b66a0    00000180     ti.drv.emac.ae674 : emac_drv_v0.oe674 (.text:emac_reset)
                  c30b6820    00000180     nettool.ae674 : httpclie.oe674 (.text:httpGetAuthParams)
                  c30b69a0    00000180                   : httpsend.oe674 (.text:httpSendErrorHTML)
                  c30b6b20    00000180     stk6_ppp_pppoe.ae674 : ipcp.oe674 (.text:ipcpSendCfg)
                  c30b6ca0    00000180     ti.drv.mcasp.ae674 : mcasp_drv.oe674 (.text:mcaspUnRegisterInt)
                  c30b6e20    00000180     sysbios.ae674 : c64p_Exception_asm.obj (.text)
                  c30b6fa0    00000160     ti.board.ae674 : lcdkOMAPL138.oe674 (.text:Board_init)
                  c30b7100    00000160     ti.drv.emac.ae674 : emac.oe674 (.text:EMAC_close)
                  c30b7260    00000160     stk6_ppp_pppoe.ae674 : ipv6in.oe674 (.text:IPv6RxPacket)
                  c30b73c0    00000160                          : socket.oe674 (.text:NDK_accept)
                  c30b7520    00000160                          : socket.oe674 (.text:NDK_recvncfrom)
                  c30b7680    00000160                          : nimu.oe674 (.text:NIMUReceivePacket)
                  c30b77e0    00000160     ti.osal.ae674 : RegisterIntr_tirtos.oe674 (.text:Osal_RegisterInterrupt)
                  c30b7940    00000160     stk6_ppp_pppoe.ae674 : pipe.oe674 (.text:PipeNew)
                  c30b7aa0    00000160                          : pipe.oe674 (.text:PipeRecv)
                  c30b7c00    00000160                          : rtc.oe674 (.text:RTCReport)
                  c30b7d60    00000160                          : rawethsock.oe674 (.text:RawEthSockNew)
                  c30b7ec0    00000160                          : sock6pcb.oe674 (.text:Sock6PcbFindRaw)
                  c30b8020    00000160                          : sockpcb.oe674 (.text:SockPcbFind)
                  c30b8180    00000160                          : lli.oe674 (.text:_LLITimeoutCheck)
                  c30b82e0    00000160                          : auth.oe674 (.text:chapSendMsg)
                  c30b8440    00000160     ti.drv.emac.ae674 : emac_drv_v0.oe674 (.text:emac_rx_packet$0)
                  c30b85a0    00000160     nettool.ae674 : httpclie.oe674 (.text:httpExtractTag)
                  c30b8700    00000160     ti.drv.mcasp.ae674 : mcasp_drv.oe674 (.text:mcaspBitRemoveGblXCtl)
                  c30b8860    00000160     stk6_ppp_pppoe.ae674 : nimupppoe.oe674 (.text:pppoeCtrlMsg)
                  c30b89c0    00000160     edma3_lld_drv_sample.ae674 : sample_omapl138_int_reg.oe674 (.text:registerEdma3Interrupts)
                  c30b8b20    00000160     rts6740_elf.lib : sqrt.obj (.text:sqrt)
                  c30b8c80    00000160     sysbios.ae674 : BIOS.obj (.text:ti_sysbios_knl_Swi_post__E)
                  c30b8de0    00000160     ti.targets.rts6000.ae674 : Text.oe674 (.text:xdc_runtime_Text_putMod__E)
                  c30b8f40    00000140     stk6_ppp_pppoe.ae674 : bind6.oe674 (.text:Bind6GetGlobalAddress)
                  c30b9080    00000140     nettool.ae674 : config.oe674 (.text:CfgRemoveEntry)
                  c30b91c0    00000140     edma3_lld_drv.ae674 : edma3_drv_adv.oe674 (.text:EDMA3_DRV_setPaRAM)
                  c30b9300    00000140     ti.drv.emac.ae674 : emac_drv_v0.oe674 (.text:EMAC_interruptInit$0)
                  c30b9440    00000140     ti.transport.ndk.nimu.ae674 : nimu_eth.oe674 (.text:EmacStart$0)
                  c30b9580    00000140     stk6_ppp_pppoe.ae674 : icmpin.oe674 (.text:ICMPRevSrcRoute)
                  c30b96c0    00000140                          : igmp.oe674 (.text:IGMPJoinHostGroup)
                  c30b9800    00000140                          : ipv6_exthdrs.oe674 (.text:IPv6ParseHopOptions)
                  c30b9940    00000140     ti.drv.mcasp.ae674 : mcasp_drv.oe674 (.text:Mcasp_localIsrSwiFxn)
                  c30b9a80    00000140     stk6_ppp_pppoe.ae674 : nimu.oe674 (.text:NIMURegister)
                  c30b9bc0    00000140                          : raw6.oe674 (.text:Raw6Input)
                  c30b9d00    00000140     netctrl.ae674 : netsrv.oe674 (.text:SPIpNet)
                  c30b9e40    00000140     nettool.ae674 : dhcpsm.oe674 (.text:StateBound)
                  c30b9f80    00000140     rts6740_elf.lib : fclose.obj (.text:__TI_closefile)
                  c30ba0c0    00000140     nettool.ae674 : dhcpbild.oe674 (.text:dhcpBuildHeader)
                  c30ba200    00000140                   : dhcpsock.oe674 (.text:dhcpSocketOpen)
                  c30ba340    00000140                   : dhcppkt.oe674 (.text:dhcpVerifyMessage)
                  c30ba480    00000140     rts6740_elf.lib : fflush.obj (.text:fflush)
                  c30ba5c0    00000140                     : getdevice.obj (.text:getdevice)
                  c30ba700    00000140     ti.drv.mcasp.ae674 : mcasp_drv.oe674 (.text:mcaspBitRemoveGblRCtl)
                  c30ba840    00000140                        : mcasp_drv.oe674 (.text:mcaspWriteChanStatRam)
                  c30ba980    00000140                        : mcasp_drv.oe674 (.text:mcaspWriteUserDataRam)
                  c30baac0    00000140     stk6_ppp_pppoe.ae674 : udp6.oe674 (.text:processMulticast)
                  c30bac00    00000140     sysbios.ae674 : BIOS.obj (.text:ti_sysbios_family_c64p_Cache_getL1DInitSize__I)
                  c30bad40    00000140                   : BIOS.obj (.text:ti_sysbios_family_c64p_Cache_getL1PInitSize__I)
                  c30bae80    00000140                   : BIOS.obj (.text:ti_sysbios_family_c64p_Hwi_Module_startup__E)
                  c30bafc0    00000140                   : BIOS.obj (.text:ti_sysbios_knl_Semaphore_Instance_init__E)
                  c30bb100    00000140                   : BIOS.obj (.text:ti_sysbios_knl_Task_Module_startup__E)
                  c30bb240    00000140                   : BIOS.obj (.text:ti_sysbios_knl_Task_blockI__E)
                  c30bb380    00000140     ti.targets.rts6000.ae674 : Core-mem.oe674 (.text:xdc_runtime_Core_deleteObject__I)
                  c30bb4c0    00000140                              : LoggerBuf.oe674 (.text:xdc_runtime_LoggerBuf_setFilterLevel__E)
                  c30bb600    00000140                              : Text.oe674 (.text:xdc_runtime_Text_putLab__E)
                  c30bb740    00000120     ti.board.ae674 : lcdkOMAPL138_pinmux.oe674 (.text:Board_configEmifPinMux)
                  c30bb860    00000120     ti.csl.ae674 : csl_chip.oe674 (.text:CSL_chipReadReg)
                  c30bb980    00000120     stk6_ppp_pppoe.ae674 : icmp.oe674 (.text:ICMPSendRtAdv)
                  c30bbaa0    00000120                          : ip.oe674 (.text:IPGetRoute)
                  c30bbbc0    00000120                          : lliout.oe674 (.text:LLIGenArpPacket)
                  c30bbce0    00000120                          : md5.oe674 (.text:MD5Update)
                  c30bbe00    00000120                          : socket.oe674 (.text:NDK_getpeername)
                  c30bbf20    00000120                          : socket.oe674 (.text:NDK_sendto)
                  c30bc040    00000120                          : node.oe674 (.text:NodeTreeFree)
                  c30bc160    00000120                          : rtable.oe674 (.text:RtTimeoutCheck)
                  c30bc280    00000120     netctrl.ae674 : netsrv.oe674 (.text:ServiceScan)
                  c30bc3a0    00000120     stk6_ppp_pppoe.ae674 : sock6int.oe674 (.text:Sock6CreatePacket)
                  c30bc4c0    00000120     nettool.ae674 : dhcpsm.oe674 (.text:StateRenewRebind)
                  c30bc5e0    00000120     stk6_ppp_pppoe.ae674 : tcp6time.oe674 (.text:TCP6TimeoutKeep)
                  c30bc700    00000120                          : tcptime.oe674 (.text:TcpTimeoutKeep)
                  c30bc820    00000120     boot.ae674 : autoinit.oe674 (.text:_auto_init_elf)
                  c30bc940    00000120     stk6_ppp_pppoe.ae674 : auth.oe674 (.text:authInit)
                  c30bca60    00000120     edma3_lld_rm.ae674 : edma3resmgr.oe674 (.text:edma3MemCpy)
                  c30bcb80    00000120     stk6_ppp_pppoe.ae674 : fileuser.oe674 (.text:fdClose)
                  c30bcca0    00000120     rts6740_elf.lib : fseek.obj (.text:fseek)
                  c30bcdc0    00000120     stk6_ppp_pppoe.ae674 : auth.oe674 (.text:papSendCfg)
                  c30bcee0    00000120                          : nimuppp.oe674 (.text:pppAddClient)
                  c30bd000    00000120                          : nimuppp.oe674 (.text:pppFree)
                  c30bd120    00000120     nettool.ae674 : telnetd.oe674 (.text:telnet_termdata)
                  c30bd240    00000120     sysbios.ae674 : BIOS.obj (.text:ti_sysbios_family_c64p_Hwi_Instance_init__E)
                  c30bd360    00000120                   : BIOS.obj (.text:ti_sysbios_knl_Clock_start__E)
                  c30bd480    00000120     ti.targets.rts6000.ae674 : LoggerBuf.oe674 (.text:xdc_runtime_LoggerBuf_getFilterLevel__E)
                  c30bd5a0    00000100     stk6_ppp_pppoe.ae674 : bind6.oe674 (.text:Bind6Msg)
                  c30bd6a0    00000100     ti.board.ae674 : lcdkOMAPL138_clock.oe674 (.text:Board_moduleClockInit)
                  c30bd7a0    00000100     nettool.ae674 : config.oe674 (.text:CfgExecute)
                  c30bd8a0    00000100                   : config.oe674 (.text:CfgGetNextEntry)
                  c30bd9a0    00000100     edma3_lld_drv.ae674 : edma3_drv_basic.oe674 (.text:EDMA3_DRV_clearErrorBits)
                  c30bdaa0    00000100     ti.transport.ndk.nimu.ae674 : nimu_eth.oe674 (.text:EmacSendPkt$0)
                  c30bdba0    00000100     ti.osal.ae674 : EventCombinerP_tirtos.oe674 (.text:EventCombinerP_GroupRegisterInt)
                  c30bdca0    00000100     stk6_ppp_pppoe.ae674 : exec.oe674 (.text:ExecOpen)
                  c30bdda0    00000100     ti.drv.i2c.ae674 : I2C_v0.oe674 (.text:I2C_close_v0$0)
                  c30bdea0    00000100     stk6_ppp_pppoe.ae674 : igmp.oe674 (.text:IGMPJoin)
                  c30bdfa0    00000100                          : ipv6.oe674 (.text:IPv6DisplayIPAddress)
                  c30be0a0    00000100     ti.drv.emac.ae674 : mdio.oe674 (.text:MDIO_close)
                  c30be1a0    00000100     stk6_ppp_pppoe.ae674 : node.oe674 (.text:NodeWalk)
                  c30be2a0    00000100                          : route6.oe674 (.text:Route6LifetimeMgmt)
                  c30be3a0    00000100                          : sock6.oe674 (.text:Sock6Check)
                  c30be4a0    00000100                          : sock6pcb.oe674 (.text:Sock6PcbConnect)
                  c30be5a0    00000100                          : sock.oe674 (.text:SockCheck)
                  c30be6a0    00000100                          : sockpcb.oe674 (.text:SockCleanPcb)
                  c30be7a0    00000100     nettool.ae674 : dhcpsm.oe674 (.text:StateRequesting)
                  c30be8a0    00000100     ti.drv.uart.ae674 : UART_v0.oe674 (.text:UART_writePolling_v0$0)
                  c30be9a0    00000100     stk6_ppp_pppoe.ae674 : rtable.oe674 (.text:_RtNodeRemove)
                  c30beaa0    00000100     rts6740_elf.lib : copy_decompress_rle.obj (.text:__TI_decompress_rle_core)
                  c30beba0    00000100                     : _io_perm.obj (.text:__TI_wrt_ok)
                  c30beca0    00000100                     : atoi.obj (.text:atoi)
                  c30beda0    00000100     stk6_ppp_pppoe.ae674 : auth.oe674 (.text:authGetPassword)
                  c30beea0    00000100     ti.drv.emac.ae674 : emac_drv_v0.oe674 (.text:emac_free_packet$0)
                  c30befa0    00000100                       : emac_drv_v0.oe674 (.text:emac_reset_queue)
                  c30bf0a0    00000100     nettool.ae674 : httpsend.oe674 (.text:httpAuthenticationReq)
                  c30bf1a0    00000100     ti.drv.mcasp.ae674 : mcasp_drv.oe674 (.text:mcaspValidateBufferConfig)
                  c30bf2a0    00000100     nettool.ae674 : telnetd.oe674 (.text:telnetClientProcess)
                  c30bf3a0    00000100     sysbios.ae674 : BIOS.obj (.text:ti_sysbios_family_c64p_Hwi_Instance_finalize__E)
                  c30bf4a0    00000100                   : BIOS.obj (.text:ti_sysbios_knl_Swi_restoreHwi__E)
                  c30bf5a0    00000100                   : BIOS.obj (.text:ti_sysbios_knl_Swi_schedule__I)
                  c30bf6a0    00000100                   : BIOS.obj (.text:ti_sysbios_knl_Task_deleteTerminatedTasksFunc__I)
                  c30bf7a0    00000100                   : BIOS.obj (.text:ti_sysbios_timers_timer64_Timer_initDevice__I)
                  c30bf8a0    00000100     ti.targets.rts6000.ae674 : Error.oe674 (.text:xdc_runtime_Error_print__E)
                  c30bf9a0    00000100                              : Memory.oe674 (.text:xdc_runtime_Memory_alloc__E)
                  c30bfaa0    00000100                              : Startup.oe674 (.text:xdc_runtime_Startup_exec__E)
                  c30bfba0    000000e0     stk6_ppp_pppoe.ae674 : bind6.oe674 (.text:Bind6DADCheck)
                  c30bfc80    000000e0                          : bind6.oe674 (.text:Bind6LifetimeMgmt)
                  c30bfd60    000000e0                          : bind.oe674 (.text:BindFree)
                  c30bfe40    000000e0     nettool.ae674 : config.oe674 (.text:CfgGetEntry)
                  c30bff20    000000e0                   : daemon.oe674 (.text:DaemonFree)
                  c30c0000    000000e0     edma3_lld_drv.ae674 : edma3_drv_adv.oe674 (.text:EDMA3_DRV_getPaRAMPhyAddr)
                  c30c00e0    000000e0     rts6740_elf.lib : hostlseek.obj (.text:HOSTlseek)
                  c30c01c0    000000e0                     : hostopen.obj (.text:HOSTopen)
                  c30c02a0    000000e0                     : hostwrite.obj (.text:HOSTwrite)
                  c30c0380    000000e0     I2C_soc.obj (.text)
                  c30c0460    000000e0     stk6_ppp_pppoe.ae674 : icmpv6in.oe674 (.text:ICMPv6SocketErrorInterface)
                  c30c0540    000000e0                          : igmp.oe674 (.text:IGMPDoMCast)
                  c30c0620    000000e0                          : igmp.oe674 (.text:IGMPMsg)
                  c30c0700    000000e0                          : ipv6_frag.oe674 (.text:IPv6CreateFragQ)
                  c30c07e0    000000e0                          : ipv6.oe674 (.text:IPv6GetSubnetMaskFromBits)
                  c30c08c0    000000e0                          : ipv6.oe674 (.text:IPv6Init)
                  c30c09a0    000000e0                          : ipv6_exthdrs.oe674 (.text:IPv6ParseRoutingHdr)
                  c30c0a80    000000e0                          : lli6.oe674 (.text:LLI6Find)
                  c30c0b60    000000e0     ti.drv.mcasp.ae674 : mcasp_ioctl.oe674 (.text:Mcasp_localAbortRequests)
                  c30c0c40    000000e0                        : mcasp_drv.oe674 (.text:Mcasp_localCompleteCurrentIo)
                  c30c0d20    000000e0     netctrl.ae674 : netctrl.oe674 (.text:NC_SystemOpen)
                  c30c0e00    000000e0     stk6_ppp_pppoe.ae674 : socket.oe674 (.text:NDK_bind)
                  c30c0ee0    000000e0                          : node.oe674 (.text:NodeFind)
                  c30c0fc0    000000e0                          : node.oe674 (.text:NodeTreeNew)
                  c30c10a0    000000e0                          : pbm.oe674 (.text:PBM_alloc)
                  c30c1180    000000e0                          : pbm.oe674 (.text:PBM_free)
                  c30c1260    000000e0                          : pipe.oe674 (.text:PipeSend)
                  c30c1340    000000e0                          : raweth.oe674 (.text:RawEthRxPacket)
                  c30c1420    000000e0                          : rawethsock_pcb.oe674 (.text:RawEthSockPcbAttach)
                  c30c1500    000000e0                          : rawethsock.oe674 (.text:RawEthSockStatus)
                  c30c15e0    000000e0                          : raweth.oe674 (.text:RawEthTxPacket)
                  c30c16c0    000000e0                          : raw.oe674 (.text:RawOutput)
                  c30c17a0    000000e0                          : rtable.oe674 (.text:RtFlush)
                  c30c1880    000000e0                          : rtable.oe674 (.text:RtWalkNext)
                  c30c1960    000000e0                          : sb6.oe674 (.text:SB6New)
                  c30c1a40    000000e0     netctrl.ae674 : netsrv.oe674 (.text:SPConfig)
                  c30c1b20    000000e0                   : netsrv.oe674 (.text:SPRoute)
                  c30c1c00    000000e0                   : netsrv.oe674 (.text:ServiceSpawn)
                  c30c1ce0    000000e0     stk6_ppp_pppoe.ae674 : sock6.oe674 (.text:Sock6Accept)
                  c30c1dc0    000000e0                          : sock6pcb.oe674 (.text:Sock6CleanPcb)
                  c30c1ea0    000000e0                          : sock.oe674 (.text:SockAccept)
                  c30c1f80    000000e0                          : sockpcb.oe674 (.text:SockPcbConnect)
                  c30c2060    000000e0                          : sockpcb.oe674 (.text:SockPcbCtlError)
                  c30c2140    000000e0                          : sock.oe674 (.text:SockShutdown)
                  c30c2220    000000e0                          : tcp6prot.oe674 (.text:TCP6PrAttach)
                  c30c2300    000000e0                          : tcp6prot.oe674 (.text:TCP6PrGetOption)
                  c30c23e0    000000e0                          : tcp6time.oe674 (.text:TCP6XmitTimer)
                  c30c24c0    000000e0                          : tcpprot.oe674 (.text:TcpPrAttach)
                  c30c25a0    000000e0                          : tcpprot.oe674 (.text:TcpPrGetOption)
                  c30c2680    000000e0                          : tcptime.oe674 (.text:TcpXmitTimer)
                  c30c2760    000000e0     nettool.ae674 : telnetd.oe674 (.text:TelnetOpen)
                  c30c2840    000000e0     ti.drv.uart.ae674 : UART_v0.oe674 (.text:UART_close_v0$0)
                  c30c2920    000000e0                       : UART_v0.oe674 (.text:UART_read_v0$0)
                  c30c2a00    000000e0                       : UART_v0.oe674 (.text:UART_write_v0$0)
                  c30c2ae0    000000e0     stk6_ppp_pppoe.ae674 : rtable.oe674 (.text:_RtNodeInsert)
                  c30c2bc0    000000e0     rts6740_elf.lib : divi.obj (.text:__divi)
                  c30c2ca0    000000e0                     : close.obj (.text:close)
                  c30c2d80    000000e0     nettool.ae674 : daemon.oe674 (.text:dchild)
                  c30c2e60    000000e0     ti.drv.emac.ae674 : emac.oe674 (.text:emacUpdateStats$0)
                  c30c2f40    000000e0                       : emac_drv_v0.oe674 (.text:emac_get_packet$0)
                  c30c3020    000000e0     rts6740_elf.lib : exit.obj (.text:exit)
                  c30c3100    000000e0     stk6_ppp_pppoe.ae674 : file.oe674 (.text:fdint_lockfd)
                  c30c31e0    000000e0                          : sock6.oe674 (.text:joinGroup)
                  c30c32c0    000000e0     os.ae674 : task.oe674 (.text:llEnter)
                  c30c33a0    000000e0     rts6740_elf.lib : memset.obj (.text:memset)
                  c30c3480    000000e0     sysbios.ae674 : BIOS.obj (.text:ti_sysbios_heaps_HeapMem_alloc__E)
                  c30c3560    000000e0                   : BIOS.obj (.text:ti_sysbios_knl_Swi_runLoop__I)
                  c30c3640    000000e0                   : BIOS.obj (.text:ti_sysbios_knl_Swi_startup__E)
[...]
c31778fc  ti_sysbios_knl_Task_A_badTaskState__C                               
c3177900  ti_sysbios_knl_Task_A_badThreadType__C                              
c3177904  ti_sysbios_knl_Task_A_badTimeout__C                                 
c3177908  ti_sysbios_knl_Task_A_noPendElem__C                                 
c317790c  ti_sysbios_knl_Task_A_sleepTaskDisabled__C                          
c3177910  ti_sysbios_knl_Task_E_deleteNotAllowed__C                           
c3177914  ti_sysbios_knl_Task_E_spOutOfBounds__C                              
c3177918  ti_sysbios_knl_Task_E_stackOverflow__C                              
c317791c  ti_sysbios_knl_Task_LD_block__C                                     
c3177920  ti_sysbios_knl_Task_LD_exit__C                                      
c3177924  ti_sysbios_knl_Task_LD_ready__C                                     
c3177928  ti_sysbios_knl_Task_LM_setPri__C                                    
c317792c  ti_sysbios_knl_Task_LM_sleep__C                                     
c3177930  ti_sysbios_knl_Task_LM_switch__C                                    
c3177934  ti_sysbios_knl_Task_Module_State_inactiveQ__O                       
c3177938  ti_sysbios_knl_Task_Module_State_terminatedQ__O                     
c317793c  ti_sysbios_knl_Task_Module__diagsEnabled__C                         
c3177940  ti_sysbios_knl_Task_Module__diagsIncluded__C                        
c3177944  ti_sysbios_knl_Task_Module__diagsMask__C                            
c3177948  ti_sysbios_knl_Task_Module__loggerFxn2__C                           
c317794c  ti_sysbios_knl_Task_Module__loggerFxn4__C                           
c3177950  ti_sysbios_knl_Task_Module__loggerObj__C                            
c3177954  ti_sysbios_knl_Task_Object__count__C                                
c3177958  ti_sysbios_knl_Task_Object__heap__C                                 
c317795c  ti_sysbios_knl_Task_allBlockedFunc__C                               
c3177960  ti_sysbios_knl_Task_defaultStackHeap__C                             
c3177964  ti_sysbios_knl_Task_defaultStackSize__C                             
c3177968  ti_sysbios_knl_Task_numConstructedTasks__C                          
c317796c  ti_sysbios_timers_timer64_Timer_A_notAvailable__C                   
c3177970  ti_sysbios_timers_timer64_Timer_E_cannotSupport__C                  
c3177974  ti_sysbios_timers_timer64_Timer_Module__diagsEnabled__C             
c3177978  ti_sysbios_timers_timer64_Timer_Module__diagsIncluded__C            
c317797c  ti_sysbios_timers_timer64_Timer_Module__diagsMask__C                
c3177980  ti_sysbios_timers_timer64_Timer_anyMaskHigh__C                      
c3177984  ti_sysbios_timers_timer64_Timer_anyMask__C                          
c3177988  ti_sysbios_timers_timer64_Timer_freqDivisor__C                      
c317798c  ti_sysbios_timers_timer64_Timer_numLocalTimers__C                   
c3177990  ti_sysbios_timers_timer64_Timer_numTimerDevices__C                  
c3177994  xdc_runtime_Assert_E_assertFailed__C                                
c3177998  xdc_runtime_Core_A_initializedParams__C                             
c317799c  xdc_runtime_Core_Module__diagsEnabled__C                            
c31779a0  xdc_runtime_Core_Module__diagsIncluded__C                           
c31779a4  xdc_runtime_Core_Module__diagsMask__C                               
c31779a8  xdc_runtime_Error_E_generic__C                                      
c31779ac  xdc_runtime_Error_E_memory__C                                       
c31779b0  xdc_runtime_Error_Module__diagsEnabled__C                           
c31779b4  xdc_runtime_Error_Module__diagsIncluded__C                          
c31779b8  xdc_runtime_Error_Module__diagsMask__C                              
c31779bc  xdc_runtime_Error_Module__loggerFxn8__C                             
c31779c0  xdc_runtime_Error_Module__loggerObj__C                              
c31779c4  xdc_runtime_Error_policyFxn__C                                      
c31779c8  xdc_runtime_Error_policy__C                                         
c31779cc  xdc_runtime_Error_raiseHook__C                                      
c31779d0  xdc_runtime_IFilterLogger_Interface__BASE__C                        
c31779d4  xdc_runtime_IGateProvider_Interface__BASE__C                        
c31779d8  xdc_runtime_IHeap_Interface__BASE__C                                
c31779dc  xdc_runtime_ILogger_Interface__BASE__C                              
c31779e0  xdc_runtime_IModule_Interface__BASE__C                              
c31779e4  xdc_runtime_Log_L_error__C                                          
c31779e8  xdc_runtime_Log_L_info__C                                           
c31779ec  xdc_runtime_LoggerBuf_E_badLevel__C                                 
c31779f0  xdc_runtime_LoggerBuf_Module__gateObj__C                            
c31779f4  xdc_runtime_LoggerBuf_Object__count__C                              
c31779f8  xdc_runtime_LoggerBuf_statusLogger__C                               
c31779fc  xdc_runtime_Main_Module__diagsEnabled__C                            
c3177a00  xdc_runtime_Main_Module__diagsIncluded__C                           
c3177a04  xdc_runtime_Main_Module__diagsMask__C                               
c3177a08  xdc_runtime_Main_Module__loggerFxn4__C                              
c3177a0c  xdc_runtime_Main_Module__loggerObj__C                               
c3177a10  xdc_runtime_Memory_defaultHeapInstance__C                           
c3177a14  xdc_runtime_Startup_execImpl__C                                     
c3177a18  xdc_runtime_Startup_maxPasses__C                                    
c3177a1c  xdc_runtime_Startup_sfxnRts__C                                      
c3177a20  xdc_runtime_Startup_sfxnTab__C                                      
c3177a24  xdc_runtime_SysMin_bufSize__C                                       
c3177a28  xdc_runtime_SysMin_outputFunc__C                                    
c3177a2c  xdc_runtime_System_Module__gateObj__C                               
c3177a30  xdc_runtime_System_abortFxn__C                                      
c3177a34  xdc_runtime_System_exitFxn__C                                       
c3177a38  xdc_runtime_System_extendFxn__C                                     
c3177a3c  xdc_runtime_System_maxAtexitHandlers__C                             
c3177a40  xdc_runtime_Text_charTab__C                                         
c3177a44  xdc_runtime_Text_nameEmpty__C                                       
c3177a48  xdc_runtime_Text_nameStatic__C                                      
c3177a4c  xdc_runtime_Text_nameUnknown__C                                     
c3177a50  xdc_runtime_Text_nodeTab__C                                         
c3177a54  xdc_runtime_Text_visitRopeFxn__C                                    
c3177a58  ti_sysbios_family_c64p_Hwi_Module__loggerDefined__C                 
c3177a5a  ti_sysbios_gates_GateMutex_Module__id__C                            
c3177a5c  ti_sysbios_hal_Hwi_Module__id__C                                    
c3177a5e  ti_sysbios_heaps_HeapMem_Module__id__C                              
c3177a60  ti_sysbios_io_DEV_Module__id__C                                     
c3177a62  ti_sysbios_knl_Clock_Module__id__C                                  
c3177a64  ti_sysbios_knl_Clock_Module__loggerDefined__C                       
c3177a66  ti_sysbios_knl_Semaphore_Module__id__C                              
c3177a68  ti_sysbios_knl_Semaphore_Module__loggerDefined__C                   
c3177a6a  ti_sysbios_knl_Swi_Module__id__C                                    
c3177a6c  ti_sysbios_knl_Swi_Module__loggerDefined__C                         
c3177a6e  ti_sysbios_knl_Task_Module__id__C                                   
c3177a70  ti_sysbios_knl_Task_Module__loggerDefined__C                        
c3177a72  ti_sysbios_timers_timer64_Timer_Module__id__C                       
c3177a74  ti_sysbios_timers_timer64_Timer_startupNeeded__C                    
c3177a76  ti_sysbios_timers_timer64_Timer_useTimer64pRegMap__C                
c3177a78  xdc_runtime_Core_Module__id__C                                      
c3177a7a  xdc_runtime_Error_Module__loggerDefined__C                          
c3177a7c  xdc_runtime_Error_maxDepth__C                                       
c3177a7e  xdc_runtime_LoggerBuf_Module__id__C                                 
c3177a80  xdc_runtime_LoggerBuf_filterByLevel__C                              
c3177a82  xdc_runtime_Main_Module__id__C                                      
c3177a84  xdc_runtime_Main_Module__loggerDefined__C                           
c3177a86  xdc_runtime_Memory_Module__id__C                                    
c3177a88  xdc_runtime_SysMin_flushAtExit__C                                   
c3177a8a  xdc_runtime_Text_charCnt__C                                         
c3177a8c  xdc_runtime_Text_isLoaded__C                                        
c3177a8e  xdc_runtime_Text_registryModsLastId__C                              
c3177a90  xdc_runtime_Text_unnamedModsLastId__C                               
c3177a98  ti_sysbios_knl_Task_Instance_State_0_stack__A                       
c3178e98  ti_sysbios_knl_Task_Instance_State_1_stack__A                       
c3179698  ti_sysbios_knl_Task_Instance_State_2_stack__A                       
c317b698  ti_sysbios_knl_Task_Instance_State_3_stack__A                       
c317c420  __TI_STATIC_BASE                                                    
c317c470  _IGMPInDiscard                                                      
c317c474  _IGMPInQuery                                                        
c317c478  _IGMPInQueryGroup                                                   
c317c47c  _IGMPInResponse                                                     
c317c480  _IGMPOutResponse                                                    
c317c484  dsp_num                                                             
c317c488  hAicChannel                                                         
c317c48c  hAicDev                                                             
c317c490  hEdma                                                               
c317c494  hMcaspDev                                                           
c317c498  hMcaspRxChan                                                        
c317c49c  hMcaspTxChan                                                        
c317c4a0  region_id                                                           
c317c4a4  semR                                                                
c317c4a8  semT                                                                
c317c4ac  CONTENT_TYPE_APPLET                                                 
c317c4b0  CONTENT_TYPE_AU                                                     
c317c4b4  CONTENT_TYPE_CSS                                                    
c317c4b8  CONTENT_TYPE_DOC                                                    
c317c4bc  CONTENT_TYPE_GIF                                                    
c317c4c0  CONTENT_TYPE_HTML                                                   
c317c4c4  CONTENT_TYPE_JPG                                                    
c317c4c8  CONTENT_TYPE_MPEG                                                   
c317c4cc  CONTENT_TYPE_PDF                                                    
c317c4d0  CONTENT_TYPE_WAV                                                    
c317c4d4  CONTENT_TYPE_ZIP                                                    
c317c4d8  CONTENT_TYPE                                                        
c317c4dc  CONTENT_LENGTH                                                      
c317c4e0  CRLF                                                                
c317c4e4  DEFAULT_NAME                                                        
c317c4e8  HTTP_VER                                                            
c317c4ec  SPACE                                                               
c317c4f0  rxFrameIndex                                                        
c317c4f4  txFrameIndex                                                        
c317c4f8  RxFlag                                                              
c317c4fc  TxFlag                                                              
c317c500  mcaspApiTest                                                        
c317c504  gblErrFlagXmt                                                       
c317c508  gblErrFlagRcv                                                       
c317c50c  gtxFrameIndexCount                                                  
c317c510  grxFrameIndexCount                                                  
c317c514  total_frames_sent                                                   
c317c518  PITCount                                                            
c317c51c  PITUsed                                                             
c317c520  PITHigh                                                             
c317c53c  VerStr                                                              
c317c540  HostName                                                            
c317c544  LocalIPAddr                                                         
c317c548  LocalIPMask                                                         
c317c54c  GatewayIP                                                           
c317c550  DomainName                                                          
c317c554  DNSServer                                                           
c317c590  gOsalSemAllocCnt                                                    
c317c594  gOsalSemPeak                                                        
c317c598  gOsalTimerAllocCnt                                                  
c317c59c  gOsalTimerPeak                                                      
c317c5a0  gOsalHwiAllocCnt                                                    
c317c5a4  gOsalHwiPeak                                                        
c317c5bc  dataIdx                                                             
c317c5c0  txCompFlag                                                          
c317c5c4  I2C_handle_glob                                                     
c317c5c8  I2C_slaveAddr                                                       
c317c5f4  _IGMPForceVersion1                                                  
c317c620  _ICMPInErrors                                                       
c317c624  _ICMPOutErrors                                                      
c317c628  _IPExecuting                                                        
c317c638  gFragQList                                                          
c317c658  tcp_iss                                                             
c317c65c  ptTimeFirst                                                         
c317c660  pt6TimeFirst                                                        
c317c664  tcp6_iss                                                            
c317c678  inCount                                                             
c317c67c  outCount                                                            
c317c688  httpErrorResponseHook                                               
c317c694  _IPReasmPtr                                                         
c317c6a0  gMLDNodeList                                                        
c317c6bc  IPV6_MAX_MULTICAST_SOLICIT                                          
c317c6c0  IPV6_MAX_UNICAST_SOLICIT                                            
c317c6c4  IPV6_RETRANS_TIME                                                   
c317c6c8  IPV6_DELAY_FIRST_PROBE_TIME                                         
c317c6cc  IPV6_REACHABLE_TIME                                                 
c317c6d0  IPV6_MAX_RTR_SOLICITATION_DELAY                                     
c317c6d4  IPV6_RTR_SOLICITATION_INTERVAL                                      
c317c6d8  IPV6_MAX_RTR_SOLICITATIONS                                          
c317c6dc  INFINITE_LT                                                         
c317c6e0  ti_ndk_config_Global_rawPageSize                                    
c317c6e4  ti_ndk_config_Global_rawPageCount                                   
c317c6e8  ti_ndk_config_Global_smallest                                       
c317c6ec  ti_ndk_config_Global_largest                                        
c317c6f0  heap0                                                               
c317c6f4  myHeap                                                              
c317c6f8  task0                                                               
c317c6fc  numEdma3Instances                                                   
c317c700  numDsps                                                             
c317c704  ti_ndk_config_Global_numFrameBuf                                    
c317c708  ti_ndk_config_Global_sizeFrameBuf                                   
c317c70c  EDMA3_MAX_RM_INSTANCES                                              
c317c800  ti_sysbios_family_c64p_Hwi0                                         
c317c800  ti_sysbios_family_c64p_Hwi_int0                                     
c317c820  ti_sysbios_family_c64p_Hwi_int1                                     
c317c840  ti_sysbios_family_c64p_Hwi_int2                                     
c317c860  ti_sysbios_family_c64p_Hwi_int3                                     
c317c880  ti_sysbios_family_c64p_Hwi_int4                                     
c317c8a0  ti_sysbios_family_c64p_Hwi_int5                                     
c317c8c0  ti_sysbios_family_c64p_Hwi_int6                                     
c317c8e0  ti_sysbios_family_c64p_Hwi_int7                                     
c317c900  ti_sysbios_family_c64p_Hwi_int8                                     
c317c920  ti_sysbios_family_c64p_Hwi_int9                                     
c317c940  ti_sysbios_family_c64p_Hwi_int10                                    
c317c960  ti_sysbios_family_c64p_Hwi_int11                                    
c317c980  ti_sysbios_family_c64p_Hwi_int12                                    
c317c9a0  ti_sysbios_family_c64p_Hwi_int13                                    
c317c9c0  ti_sysbios_family_c64p_Hwi_int14                                    
c317c9e0  ti_sysbios_family_c64p_Hwi_int15                                    
c317ca00  emac_comm_dev0                                                      
c317cb80  emac_comm_pcb0                                                      
c317cb98  __CIOBUF_                                                           
c317e67c  __TI_Handler_Table_Base                                             
c317e684  __TI_Handler_Table_Limit                                            
c317e688  __TI_CINIT_Base                                                     
c317e6e0  __TI_CINIT_Limit                                                    
ffffffff  __TI_pprof_out_hndl                                                 
ffffffff  __TI_prof_data_size                                                 
ffffffff  __TI_prof_data_start                                                
ffffffff  __binit__                                                           
ffffffff  __c_args__                                                          
ffffffff  binit                                                               
UNDEFED   __TI_INITARRAY_Base                                                 
UNDEFED   __TI_INITARRAY_Limit                                                
UNDEFED   __TI_TLS_INIT_Base                                                  
UNDEFED   __TI_TLS_INIT_Limit                                                 

[1845 symbols]
